Archive member included to satisfy reference by file (symbol)

d:/stm32cubeide_1.1.0/stm32cubeide/plugins/com.st.stm32cube.ide.mcu.externaltools.gnu-tools-for-stm32.7-2018-q2-update.win32_1.0.0.201904181610/tools/bin/../lib/gcc/arm-none-eabi/7.3.1/../../../../arm-none-eabi/lib/thumb/v7e-m/fpv4-sp/hard\libc_nano.a(lib_a-atoi.o)
                              Core/Src/main.o (atoi)
d:/stm32cubeide_1.1.0/stm32cubeide/plugins/com.st.stm32cube.ide.mcu.externaltools.gnu-tools-for-stm32.7-2018-q2-update.win32_1.0.0.201904181610/tools/bin/../lib/gcc/arm-none-eabi/7.3.1/../../../../arm-none-eabi/lib/thumb/v7e-m/fpv4-sp/hard\libc_nano.a(lib_a-errno.o)
                              Core/Src/syscalls.o (__errno)
d:/stm32cubeide_1.1.0/stm32cubeide/plugins/com.st.stm32cube.ide.mcu.externaltools.gnu-tools-for-stm32.7-2018-q2-update.win32_1.0.0.201904181610/tools/bin/../lib/gcc/arm-none-eabi/7.3.1/../../../../arm-none-eabi/lib/thumb/v7e-m/fpv4-sp/hard\libc_nano.a(lib_a-exit.o)
                              d:/stm32cubeide_1.1.0/stm32cubeide/plugins/com.st.stm32cube.ide.mcu.externaltools.gnu-tools-for-stm32.7-2018-q2-update.win32_1.0.0.201904181610/tools/bin/../lib/gcc/arm-none-eabi/7.3.1/../../../../arm-none-eabi/lib/thumb/v7e-m/fpv4-sp/hard/crt0.o (exit)
d:/stm32cubeide_1.1.0/stm32cubeide/plugins/com.st.stm32cube.ide.mcu.externaltools.gnu-tools-for-stm32.7-2018-q2-update.win32_1.0.0.201904181610/tools/bin/../lib/gcc/arm-none-eabi/7.3.1/../../../../arm-none-eabi/lib/thumb/v7e-m/fpv4-sp/hard\libc_nano.a(lib_a-impure.o)
                              d:/stm32cubeide_1.1.0/stm32cubeide/plugins/com.st.stm32cube.ide.mcu.externaltools.gnu-tools-for-stm32.7-2018-q2-update.win32_1.0.0.201904181610/tools/bin/../lib/gcc/arm-none-eabi/7.3.1/../../../../arm-none-eabi/lib/thumb/v7e-m/fpv4-sp/hard\libc_nano.a(lib_a-exit.o) (_global_impure_ptr)
d:/stm32cubeide_1.1.0/stm32cubeide/plugins/com.st.stm32cube.ide.mcu.externaltools.gnu-tools-for-stm32.7-2018-q2-update.win32_1.0.0.201904181610/tools/bin/../lib/gcc/arm-none-eabi/7.3.1/../../../../arm-none-eabi/lib/thumb/v7e-m/fpv4-sp/hard\libc_nano.a(lib_a-init.o)
                              d:/stm32cubeide_1.1.0/stm32cubeide/plugins/com.st.stm32cube.ide.mcu.externaltools.gnu-tools-for-stm32.7-2018-q2-update.win32_1.0.0.201904181610/tools/bin/../lib/gcc/arm-none-eabi/7.3.1/../../../../arm-none-eabi/lib/thumb/v7e-m/fpv4-sp/hard/crt0.o (__libc_init_array)
d:/stm32cubeide_1.1.0/stm32cubeide/plugins/com.st.stm32cube.ide.mcu.externaltools.gnu-tools-for-stm32.7-2018-q2-update.win32_1.0.0.201904181610/tools/bin/../lib/gcc/arm-none-eabi/7.3.1/../../../../arm-none-eabi/lib/thumb/v7e-m/fpv4-sp/hard\libc_nano.a(lib_a-memcpy-stub.o)
                              Core/Src/oled.o (memcpy)
d:/stm32cubeide_1.1.0/stm32cubeide/plugins/com.st.stm32cube.ide.mcu.externaltools.gnu-tools-for-stm32.7-2018-q2-update.win32_1.0.0.201904181610/tools/bin/../lib/gcc/arm-none-eabi/7.3.1/../../../../arm-none-eabi/lib/thumb/v7e-m/fpv4-sp/hard\libc_nano.a(lib_a-memset.o)
                              d:/stm32cubeide_1.1.0/stm32cubeide/plugins/com.st.stm32cube.ide.mcu.externaltools.gnu-tools-for-stm32.7-2018-q2-update.win32_1.0.0.201904181610/tools/bin/../lib/gcc/arm-none-eabi/7.3.1/../../../../arm-none-eabi/lib/thumb/v7e-m/fpv4-sp/hard/crt0.o (memset)
d:/stm32cubeide_1.1.0/stm32cubeide/plugins/com.st.stm32cube.ide.mcu.externaltools.gnu-tools-for-stm32.7-2018-q2-update.win32_1.0.0.201904181610/tools/bin/../lib/gcc/arm-none-eabi/7.3.1/../../../../arm-none-eabi/lib/thumb/v7e-m/fpv4-sp/hard\libc_nano.a(lib_a-nano-vfprintf_float.o)
                              (_printf_float)
d:/stm32cubeide_1.1.0/stm32cubeide/plugins/com.st.stm32cube.ide.mcu.externaltools.gnu-tools-for-stm32.7-2018-q2-update.win32_1.0.0.201904181610/tools/bin/../lib/gcc/arm-none-eabi/7.3.1/../../../../arm-none-eabi/lib/thumb/v7e-m/fpv4-sp/hard\libc_nano.a(lib_a-nano-vfprintf_i.o)
                              d:/stm32cubeide_1.1.0/stm32cubeide/plugins/com.st.stm32cube.ide.mcu.externaltools.gnu-tools-for-stm32.7-2018-q2-update.win32_1.0.0.201904181610/tools/bin/../lib/gcc/arm-none-eabi/7.3.1/../../../../arm-none-eabi/lib/thumb/v7e-m/fpv4-sp/hard\libc_nano.a(lib_a-nano-vfprintf_float.o) (_printf_common)
d:/stm32cubeide_1.1.0/stm32cubeide/plugins/com.st.stm32cube.ide.mcu.externaltools.gnu-tools-for-stm32.7-2018-q2-update.win32_1.0.0.201904181610/tools/bin/../lib/gcc/arm-none-eabi/7.3.1/../../../../arm-none-eabi/lib/thumb/v7e-m/fpv4-sp/hard\libc_nano.a(lib_a-printf.o)
                              Core/Src/main.o (printf)
d:/stm32cubeide_1.1.0/stm32cubeide/plugins/com.st.stm32cube.ide.mcu.externaltools.gnu-tools-for-stm32.7-2018-q2-update.win32_1.0.0.201904181610/tools/bin/../lib/gcc/arm-none-eabi/7.3.1/../../../../arm-none-eabi/lib/thumb/v7e-m/fpv4-sp/hard\libc_nano.a(lib_a-puts.o)
                              Core/Src/main.o (puts)
[...]
Memory Configuration

Name             Origin             Length             Attributes
RAM              0x0000000020000000 0x0000000000010000 xrw
FLASH            0x0000000008000000 0x0000000000040000 xr
*default*        0x0000000000000000 0xffffffffffffffff

Linker script and memory map

LOAD d:/stm32cubeide_1.1.0/stm32cubeide/plugins/com.st.stm32cube.ide.mcu.externaltools.gnu-tools-for-stm32.7-2018-q2-update.win32_1.0.0.201904181610/tools/bin/../lib/gcc/arm-none-eabi/7.3.1/thumb/v7e-m/fpv4-sp/hard/crti.o
LOAD d:/stm32cubeide_1.1.0/stm32cubeide/plugins/com.st.stm32cube.ide.mcu.externaltools.gnu-tools-for-stm32.7-2018-q2-update.win32_1.0.0.201904181610/tools/bin/../lib/gcc/arm-none-eabi/7.3.1/thumb/v7e-m/fpv4-sp/hard/crtbegin.o
LOAD d:/stm32cubeide_1.1.0/stm32cubeide/plugins/com.st.stm32cube.ide.mcu.externaltools.gnu-tools-for-stm32.7-2018-q2-update.win32_1.0.0.201904181610/tools/bin/../lib/gcc/arm-none-eabi/7.3.1/../../../../arm-none-eabi/lib/thumb/v7e-m/fpv4-sp/hard/crt0.o
LOAD Core/Src/adc.o
LOAD Core/Src/dma.o
LOAD Core/Src/gpio.o
LOAD Core/Src/i2c.o
LOAD Core/Src/main.o
LOAD Core/Src/nbiot.o
LOAD Core/Src/oled.o
LOAD Core/Src/stm32l4xx_hal_msp.o
LOAD Core/Src/stm32l4xx_it.o
LOAD Core/Src/sys.o
LOAD Core/Src/syscalls.o
LOAD Core/Src/sysmem.o
LOAD Core/Src/system_stm32l4xx.o
LOAD Core/Src/tim.o
LOAD Core/Src/usart.o
LOAD Core/Startup/startup_stm32l433cctx.o
LOAD Drivers/STM32L4xx_HAL_Driver/Src/stm32l4xx_hal.o
LOAD Drivers/STM32L4xx_HAL_Driver/Src/stm32l4xx_hal_adc.o
LOAD Drivers/STM32L4xx_HAL_Driver/Src/stm32l4xx_hal_adc_ex.o
LOAD Drivers/STM32L4xx_HAL_Driver/Src/stm32l4xx_hal_cortex.o
LOAD Drivers/STM32L4xx_HAL_Driver/Src/stm32l4xx_hal_dma.o
LOAD Drivers/STM32L4xx_HAL_Driver/Src/stm32l4xx_hal_dma_ex.o
LOAD Drivers/STM32L4xx_HAL_Driver/Src/stm32l4xx_hal_exti.o
LOAD Drivers/STM32L4xx_HAL_Driver/Src/stm32l4xx_hal_flash.o
LOAD Drivers/STM32L4xx_HAL_Driver/Src/stm32l4xx_hal_flash_ex.o
LOAD Drivers/STM32L4xx_HAL_Driver/Src/stm32l4xx_hal_flash_ramfunc.o
LOAD Drivers/STM32L4xx_HAL_Driver/Src/stm32l4xx_hal_gpio.o
LOAD Drivers/STM32L4xx_HAL_Driver/Src/stm32l4xx_hal_i2c.o
LOAD Drivers/STM32L4xx_HAL_Driver/Src/stm32l4xx_hal_i2c_ex.o
LOAD Drivers/STM32L4xx_HAL_Driver/Src/stm32l4xx_hal_pwr.o
LOAD Drivers/STM32L4xx_HAL_Driver/Src/stm32l4xx_hal_pwr_ex.o
LOAD Drivers/STM32L4xx_HAL_Driver/Src/stm32l4xx_hal_rcc.o
LOAD Drivers/STM32L4xx_HAL_Driver/Src/stm32l4xx_hal_rcc_ex.o
LOAD Drivers/STM32L4xx_HAL_Driver/Src/stm32l4xx_hal_tim.o
LOAD Drivers/STM32L4xx_HAL_Driver/Src/stm32l4xx_hal_tim_ex.o
LOAD Drivers/STM32L4xx_HAL_Driver/Src/stm32l4xx_hal_uart.o
LOAD Drivers/STM32L4xx_HAL_Driver/Src/stm32l4xx_hal_uart_ex.o
START GROUP
LOAD d:/stm32cubeide_1.1.0/stm32cubeide/plugins/com.st.stm32cube.ide.mcu.externaltools.gnu-tools-for-stm32.7-2018-q2-update.win32_1.0.0.201904181610/tools/bin/../lib/gcc/arm-none-eabi/7.3.1/../../../../arm-none-eabi/lib/thumb/v7e-m/fpv4-sp/hard\libc_nano.a
LOAD d:/stm32cubeide_1.1.0/stm32cubeide/plugins/com.st.stm32cube.ide.mcu.externaltools.gnu-tools-for-stm32.7-2018-q2-update.win32_1.0.0.201904181610/tools/bin/../lib/gcc/arm-none-eabi/7.3.1/../../../../arm-none-eabi/lib/thumb/v7e-m/fpv4-sp/hard\libm.a
END GROUP
START GROUP
LOAD d:/stm32cubeide_1.1.0/stm32cubeide/plugins/com.st.stm32cube.ide.mcu.externaltools.gnu-tools-for-stm32.7-2018-q2-update.win32_1.0.0.201904181610/tools/bin/../lib/gcc/arm-none-eabi/7.3.1/thumb/v7e-m/fpv4-sp/hard\libgcc.a
LOAD d:/stm32cubeide_1.1.0/stm32cubeide/plugins/com.st.stm32cube.ide.mcu.externaltools.gnu-tools-for-stm32.7-2018-q2-update.win32_1.0.0.201904181610/tools/bin/../lib/gcc/arm-none-eabi/7.3.1/../../../../arm-none-eabi/lib/thumb/v7e-m/fpv4-sp/hard\libc_nano.a
END GROUP
START GROUP
LOAD d:/stm32cubeide_1.1.0/stm32cubeide/plugins/com.st.stm32cube.ide.mcu.externaltools.gnu-tools-for-stm32.7-2018-q2-update.win32_1.0.0.201904181610/tools/bin/../lib/gcc/arm-none-eabi/7.3.1/thumb/v7e-m/fpv4-sp/hard\libgcc.a
LOAD d:/stm32cubeide_1.1.0/stm32cubeide/plugins/com.st.stm32cube.ide.mcu.externaltools.gnu-tools-for-stm32.7-2018-q2-update.win32_1.0.0.201904181610/tools/bin/../lib/gcc/arm-none-eabi/7.3.1/../../../../arm-none-eabi/lib/thumb/v7e-m/fpv4-sp/hard\libc_nano.a
LOAD d:/stm32cubeide_1.1.0/stm32cubeide/plugins/com.st.stm32cube.ide.mcu.externaltools.gnu-tools-for-stm32.7-2018-q2-update.win32_1.0.0.201904181610/tools/bin/../lib/gcc/arm-none-eabi/7.3.1/../../../../arm-none-eabi/lib/thumb/v7e-m/fpv4-sp/hard\libnosys.a
END GROUP
START GROUP
LOAD d:/stm32cubeide_1.1.0/stm32cubeide/plugins/com.st.stm32cube.ide.mcu.externaltools.gnu-tools-for-stm32.7-2018-q2-update.win32_1.0.0.201904181610/tools/bin/../lib/gcc/arm-none-eabi/7.3.1/thumb/v7e-m/fpv4-sp/hard\libgcc.a
LOAD d:/stm32cubeide_1.1.0/stm32cubeide/plugins/com.st.stm32cube.ide.mcu.externaltools.gnu-tools-for-stm32.7-2018-q2-update.win32_1.0.0.201904181610/tools/bin/../lib/gcc/arm-none-eabi/7.3.1/../../../../arm-none-eabi/lib/thumb/v7e-m/fpv4-sp/hard\libc_nano.a
LOAD d:/stm32cubeide_1.1.0/stm32cubeide/plugins/com.st.stm32cube.ide.mcu.externaltools.gnu-tools-for-stm32.7-2018-q2-update.win32_1.0.0.201904181610/tools/bin/../lib/gcc/arm-none-eabi/7.3.1/../../../../arm-none-eabi/lib/thumb/v7e-m/fpv4-sp/hard\libnosys.a
END GROUP
LOAD d:/stm32cubeide_1.1.0/stm32cubeide/plugins/com.st.stm32cube.ide.mcu.externaltools.gnu-tools-for-stm32.7-2018-q2-update.win32_1.0.0.201904181610/tools/bin/../lib/gcc/arm-none-eabi/7.3.1/thumb/v7e-m/fpv4-sp/hard/crtend.o
LOAD d:/stm32cubeide_1.1.0/stm32cubeide/plugins/com.st.stm32cube.ide.mcu.externaltools.gnu-tools-for-stm32.7-2018-q2-update.win32_1.0.0.201904181610/tools/bin/../lib/gcc/arm-none-eabi/7.3.1/thumb/v7e-m/fpv4-sp/hard/crtn.o
                0x0000000020010000                _estack = (ORIGIN (RAM) + LENGTH (RAM))
                0x0000000000000200                _Min_Heap_Size = 0x200
                0x0000000000000400                _Min_Stack_Size = 0x400

.isr_vector     0x0000000008000000      0x18c
                0x0000000008000000                . = ALIGN (0x4)
 *(.isr_vector)
 .isr_vector    0x0000000008000000      0x18c Core/Startup/startup_stm32l433cctx.o
                0x0000000008000000                g_pfnVectors
                0x000000000800018c                . = ALIGN (0x4)

.text           0x0000000008000190     0xb700
                0x0000000008000190                . = ALIGN (0x4)
 *(.text)
 .text          0x0000000008000190       0x40 d:/stm32cubeide_1.1.0/stm32cubeide/plugins/com.st.stm32cube.ide.mcu.externaltools.gnu-tools-for-stm32.7-2018-q2-update.win32_1.0.0.201904181610/tools/bin/../lib/gcc/arm-none-eabi/7.3.1/thumb/v7e-m/fpv4-sp/hard/crtbegin.o
 .text          0x00000000080001d0       0x10 d:/stm32cubeide_1.1.0/stm32cubeide/plugins/com.st.stm32cube.ide.mcu.externaltools.gnu-tools-for-stm32.7-2018-q2-update.win32_1.0.0.201904181610/tools/bin/../lib/gcc/arm-none-eabi/7.3.1/../../../../arm-none-eabi/lib/thumb/v7e-m/fpv4-sp/hard\libc_nano.a(lib_a-strlen.o)
                0x00000000080001d0                strlen
 .text          0x00000000080001e0       0xa0 d:/stm32cubeide_1.1.0/stm32cubeide/plugins/com.st.stm32cube.ide.mcu.externaltools.gnu-tools-for-stm32.7-2018-q2-update.win32_1.0.0.201904181610/tools/bin/../lib/gcc/arm-none-eabi/7.3.1/../../../../arm-none-eabi/lib/thumb/v7e-m/fpv4-sp/hard\libc_nano.a(lib_a-memchr.o)
                0x00000000080001e0                memchr
 .text          0x0000000008000280      0x378 d:/stm32cubeide_1.1.0/stm32cubeide/plugins/com.st.stm32cube.ide.mcu.externaltools.gnu-tools-for-stm32.7-2018-q2-update.win32_1.0.0.201904181610/tools/bin/../lib/gcc/arm-none-eabi/7.3.1/thumb/v7e-m/fpv4-sp/hard\libgcc.a(_arm_addsubdf3.o)
                0x0000000008000280                __aeabi_drsub
                0x0000000008000288                __aeabi_dsub
                0x0000000008000288                __subdf3
                0x000000000800028c                __aeabi_dadd
                0x000000000800028c                __adddf3
                0x0000000008000504                __floatunsidf
                0x0000000008000504                __aeabi_ui2d
                0x0000000008000524                __floatsidf
                0x0000000008000524                __aeabi_i2d
                0x0000000008000548                __aeabi_f2d
                0x0000000008000548                __extendsfdf2
                0x000000000800058c                __floatundidf
                0x000000000800058c                __aeabi_ul2d
                0x000000000800059c                __floatdidf
                0x000000000800059c                __aeabi_l2d
 .text          0x00000000080005f8      0x424 d:/stm32cubeide_1.1.0/stm32cubeide/plugins/com.st.stm32cube.ide.mcu.externaltools.gnu-tools-for-stm32.7-2018-q2-update.win32_1.0.0.201904181610/tools/bin/../lib/gcc/arm-none-eabi/7.3.1/thumb/v7e-m/fpv4-sp/hard\libgcc.a(_arm_muldivdf3.o)
                0x00000000080005f8                __aeabi_dmul
                0x00000000080005f8                __muldf3
                0x000000000800084c                __divdf3
                0x000000000800084c                __aeabi_ddiv
 .text          0x0000000008000a1c      0x110 d:/stm32cubeide_1.1.0/stm32cubeide/plugins/com.st.stm32cube.ide.mcu.externaltools.gnu-tools-for-stm32.7-2018-q2-update.win32_1.0.0.201904181610/tools/bin/../lib/gcc/arm-none-eabi/7.3.1/thumb/v7e-m/fpv4-sp/hard\libgcc.a(_arm_cmpdf2.o)
                0x0000000008000a1c                __gtdf2
                0x0000000008000a1c                __gedf2
                0x0000000008000a24                __ltdf2
                0x0000000008000a24                __ledf2
                0x0000000008000a2c                __nedf2
                0x0000000008000a2c                __eqdf2
                0x0000000008000a2c                __cmpdf2
                0x0000000008000aa8                __aeabi_cdrcmple
                0x0000000008000ab8                __aeabi_cdcmpeq
                0x0000000008000ab8                __aeabi_cdcmple
                0x0000000008000ac8                __aeabi_dcmpeq
                0x0000000008000adc                __aeabi_dcmplt
                0x0000000008000af0                __aeabi_dcmple
                0x0000000008000b04                __aeabi_dcmpge
                0x0000000008000b18                __aeabi_dcmpgt
 .text          0x0000000008000b2c       0x2c d:/stm32cubeide_1.1.0/stm32cubeide/plugins/com.st.stm32cube.ide.mcu.externaltools.gnu-tools-for-stm32.7-2018-q2-update.win32_1.0.0.201904181610/tools/bin/../lib/gcc/arm-none-eabi/7.3.1/thumb/v7e-m/fpv4-sp/hard\libgcc.a(_arm_unorddf2.o)
                0x0000000008000b2c                __unorddf2
                0x0000000008000b2c                __aeabi_dcmpun
 .text          0x0000000008000b58       0x50 d:/stm32cubeide_1.1.0/stm32cubeide/plugins/com.st.stm32cube.ide.mcu.externaltools.gnu-tools-for-stm32.7-2018-q2-update.win32_1.0.0.201904181610/tools/bin/../lib/gcc/arm-none-eabi/7.3.1/thumb/v7e-m/fpv4-sp/hard\libgcc.a(_arm_fixdfsi.o)
                0x0000000008000b58                __aeabi_d2iz
                0x0000000008000b58                __fixdfsi
 .text          0x0000000008000ba8       0x30 d:/stm32cubeide_1.1.0/stm32cubeide/plugins/com.st.stm32cube.ide.mcu.externaltools.gnu-tools-for-stm32.7-2018-q2-update.win32_1.0.0.201904181610/tools/bin/../lib/gcc/arm-none-eabi/7.3.1/thumb/v7e-m/fpv4-sp/hard\libgcc.a(_aeabi_uldivmod.o)
                0x0000000008000ba8                __aeabi_uldivmod
 .text          0x0000000008000bd8      0x2cc d:/stm32cubeide_1.1.0/stm32cubeide/plugins/com.st.stm32cube.ide.mcu.externaltools.gnu-tools-for-stm32.7-2018-q2-update.win32_1.0.0.201904181610/tools/bin/../lib/gcc/arm-none-eabi/7.3.1/thumb/v7e-m/fpv4-sp/hard\libgcc.a(_udivmoddi4.o)
                0x0000000008000bd8                __udivmoddi4
 .text          0x0000000008000ea4        0x4 d:/stm32cubeide_1.1.0/stm32cubeide/plugins/com.st.stm32cube.ide.mcu.externaltools.gnu-tools-for-stm32.7-2018-q2-update.win32_1.0.0.201904181610/tools/bin/../lib/gcc/arm-none-eabi/7.3.1/thumb/v7e-m/fpv4-sp/hard\libgcc.a(_dvmd_tls.o)
                0x0000000008000ea4                __aeabi_idiv0
                0x0000000008000ea4                __aeabi_ldiv0
 *(.text*)
 .text.MX_ADC1_Init
                0x0000000008000ea8      0x108 Core/Src/adc.o
                0x0000000008000ea8                MX_ADC1_Init
 .text.HAL_ADC_MspInit
                0x0000000008000fb0       0xdc Core/Src/adc.o
                0x0000000008000fb0                HAL_ADC_MspInit
 .text.KE1_ADC_Senser_Get
                0x000000000800108c      0x13c Core/Src/adc.o
                0x000000000800108c                KE1_ADC_Senser_Get
 .text.MX_DMA_Init
                0x00000000080011c8       0x3c Core/Src/dma.o
                0x00000000080011c8                MX_DMA_Init
 .text.MX_GPIO_Init
                0x0000000008001204      0x108 Core/Src/gpio.o
                0x0000000008001204                MX_GPIO_Init
 .text.HAL_GPIO_EXTI_Callback
                0x000000000800130c       0x5c Core/Src/gpio.o
                0x000000000800130c                HAL_GPIO_EXTI_Callback
 .text.MX_I2C2_Init
                0x0000000008001368       0x80 Core/Src/i2c.o
                0x0000000008001368                MX_I2C2_Init
 .text.HAL_I2C_MspInit
                0x00000000080013e8       0x88 Core/Src/i2c.o
                0x00000000080013e8                HAL_I2C_MspInit
 .text.KE1_I2C_SHT31
                0x0000000008001470       0xdc Core/Src/i2c.o
                0x0000000008001470                KE1_I2C_SHT31
 .text.__NVIC_SystemReset
                0x000000000800154c       0x28 Core/Src/main.o
 .text.KE1_Parse_NNMI
                0x0000000008001574       0xc8 Core/Src/main.o
                0x0000000008001574                KE1_Parse_NNMI
 .text.ascii2hex
                0x000000000800163c       0x64 Core/Src/main.o
                0x000000000800163c                ascii2hex
 .text.main     0x00000000080016a0      0x710 Core/Src/main.o
                0x00000000080016a0                main
 .text.SystemClock_Config
                0x0000000008001db0      0x104 Core/Src/main.o
                0x0000000008001db0                SystemClock_Config
 .text.Error_Handler
                0x0000000008001eb4        0xe Core/Src/main.o
                0x0000000008001eb4                Error_Handler
 *fill*         0x0000000008001ec2        0x2 
 .text.nbiot_reboot
                0x0000000008001ec4       0xcc Core/Src/nbiot.o
                0x0000000008001ec4                nbiot_reboot
 .text.nbiot_get_signl_val
                0x0000000008001f90      0x1b0 Core/Src/nbiot.o
                0x0000000008001f90                nbiot_get_signl_val
 .text.nbiot_check_reg
                0x0000000008002140      0x128 Core/Src/nbiot.o
                0x0000000008002140                nbiot_check_reg
 .text.nbiot_get_nuestats
                0x0000000008002268      0x360 Core/Src/nbiot.o
                0x0000000008002268                nbiot_get_nuestats
 .text.IIC_Start
                0x00000000080025c8       0x3c Core/Src/oled.o
                0x00000000080025c8                IIC_Start
 .text.IIC_Stop
                0x0000000008002604       0x30 Core/Src/oled.o
                0x0000000008002604                IIC_Stop
 .text.IIC_Wait_Ack
                0x0000000008002634       0x24 Core/Src/oled.o
                0x0000000008002634                IIC_Wait_Ack
 .text.Write_IIC_Byte
                0x0000000008002658       0x84 Core/Src/oled.o
                0x0000000008002658                Write_IIC_Byte
 .text.Write_IIC_Command
                0x00000000080026dc       0x3a Core/Src/oled.o
                0x00000000080026dc                Write_IIC_Command
 .text.Write_IIC_Data
                0x0000000008002716       0x3a Core/Src/oled.o
                0x0000000008002716                Write_IIC_Data
 .text.OLED_WR_Byte
                0x0000000008002750       0x2e Core/Src/oled.o
                0x0000000008002750                OLED_WR_Byte
 .text.OLED_Set_Pos
                0x000000000800277e       0x46 Core/Src/oled.o
                0x000000000800277e                OLED_Set_Pos
 .text.OLED_Clear
                0x00000000080027c4       0x58 Core/Src/oled.o
                0x00000000080027c4                OLED_Clear
 .text.OLED_ShowChar
                0x000000000800281c       0xfc Core/Src/oled.o
                0x000000000800281c                OLED_ShowChar
 .text.OLED_ShowString
                0x0000000008002918       0x5e Core/Src/oled.o
                0x0000000008002918                OLED_ShowString
 *fill*         0x0000000008002976        0x2 
 .text.OLED_ShowCHinese
                0x0000000008002978       0xa0 Core/Src/oled.o
                0x0000000008002978                OLED_ShowCHinese
 .text.OLED_DrawBMP
                0x0000000008002a18       0x90 Core/Src/oled.o
                0x0000000008002a18                OLED_DrawBMP
 .text.OLED_Init
                0x0000000008002aa8       0xca Core/Src/oled.o
                0x0000000008002aa8                OLED_Init
 *fill*         0x0000000008002b72        0x2 
 .text.OLED_DrawLogo
                0x0000000008002b74       0x20 Core/Src/oled.o
                0x0000000008002b74                OLED_DrawLogo
 .text.OLED_ShowKE1
                0x0000000008002b94       0xc0 Core/Src/oled.o
                0x0000000008002b94                OLED_ShowKE1
 .text.OLED_ShowT_H
                0x0000000008002c54       0xf4 Core/Src/oled.o
                0x0000000008002c54                OLED_ShowT_H
 .text.OLED_Show_UP_Flag
                0x0000000008002d48       0x58 Core/Src/oled.o
                0x0000000008002d48                OLED_Show_UP_Flag
 .text.OLED_Show_Note
                0x0000000008002da0       0xb4 Core/Src/oled.o
                0x0000000008002da0                OLED_Show_Note
 .text.HAL_MspInit
                0x0000000008002e54       0x48 Core/Src/stm32l4xx_hal_msp.o
                0x0000000008002e54                HAL_MspInit
 .text.NMI_Handler
                0x0000000008002e9c        0xe Core/Src/stm32l4xx_it.o
                0x0000000008002e9c                NMI_Handler
 .text.HardFault_Handler
                0x0000000008002eaa        0x6 Core/Src/stm32l4xx_it.o
                0x0000000008002eaa                HardFault_Handler
 .text.MemManage_Handler
                0x0000000008002eb0        0x6 Core/Src/stm32l4xx_it.o
                0x0000000008002eb0                MemManage_Handler
 .text.BusFault_Handler
                0x0000000008002eb6        0x6 Core/Src/stm32l4xx_it.o
                0x0000000008002eb6                BusFault_Handler
 .text.UsageFault_Handler
                0x0000000008002ebc        0x6 Core/Src/stm32l4xx_it.o
                0x0000000008002ebc                UsageFault_Handler
 .text.SVC_Handler
                0x0000000008002ec2        0xe Core/Src/stm32l4xx_it.o
                0x0000000008002ec2                SVC_Handler
 .text.DebugMon_Handler
                0x0000000008002ed0        0xe Core/Src/stm32l4xx_it.o
                0x0000000008002ed0                DebugMon_Handler
 .text.PendSV_Handler
                0x0000000008002ede        0xe Core/Src/stm32l4xx_it.o
                0x0000000008002ede                PendSV_Handler
 .text.SysTick_Handler
                0x0000000008002eec        0xc Core/Src/stm32l4xx_it.o
                0x0000000008002eec                SysTick_Handler
 .text.DMA1_Channel1_IRQHandler
                0x0000000008002ef8       0x14 Core/Src/stm32l4xx_it.o
                0x0000000008002ef8                DMA1_Channel1_IRQHandler
 .text.USART1_IRQHandler
                0x0000000008002f0c       0x14 Core/Src/stm32l4xx_it.o
                0x0000000008002f0c                USART1_IRQHandler
 .text.USART3_IRQHandler
                0x0000000008002f20       0x14 Core/Src/stm32l4xx_it.o
                0x0000000008002f20                USART3_IRQHandler
 .text.EXTI15_10_IRQHandler
                0x0000000008002f34       0x20 Core/Src/stm32l4xx_it.o
                0x0000000008002f34                EXTI15_10_IRQHandler
 .text._read    0x0000000008002f54       0x3a Core/Src/syscalls.o
                0x0000000008002f54                _read
 .text._write   0x0000000008002f8e       0x38 Core/Src/syscalls.o
                0x0000000008002f8e                _write
 .text._close   0x0000000008002fc6       0x18 Core/Src/syscalls.o
                0x0000000008002fc6                _close
 .text._fstat   0x0000000008002fde       0x20 Core/Src/syscalls.o
                0x0000000008002fde                _fstat
 .text._isatty  0x0000000008002ffe       0x16 Core/Src/syscalls.o
                0x0000000008002ffe                _isatty
 .text._lseek   0x0000000008003014       0x1a Core/Src/syscalls.o
                0x0000000008003014                _lseek
 *fill*         0x000000000800302e        0x2 
 .text._sbrk    0x0000000008003030       0x58 Core/Src/sysmem.o
                0x0000000008003030                _sbrk
 .text.SystemInit
                0x0000000008003088       0x6c Core/Src/system_stm32l4xx.o
                0x0000000008003088                SystemInit
 .text.MX_TIM2_Init
                0x00000000080030f4       0xb4 Core/Src/tim.o
                0x00000000080030f4                MX_TIM2_Init
 .text.HAL_TIM_PWM_MspInit
                0x00000000080031a8       0x3c Core/Src/tim.o
                0x00000000080031a8                HAL_TIM_PWM_MspInit
 .text.HAL_TIM_MspPostInit
                0x00000000080031e4       0x68 Core/Src/tim.o
                0x00000000080031e4                HAL_TIM_MspPostInit
 .text.MX_USART1_UART_Init
                0x000000000800324c       0x60 Core/Src/usart.o
                0x000000000800324c                MX_USART1_UART_Init
 .text.MX_USART3_UART_Init
                0x00000000080032ac       0x60 Core/Src/usart.o
                0x00000000080032ac                MX_USART3_UART_Init
 .text.HAL_UART_MspInit
                0x000000000800330c      0x10c Core/Src/usart.o
                0x000000000800330c                HAL_UART_MspInit
 .text.__io_putchar
                0x0000000008003418       0x24 Core/Src/usart.o
                0x0000000008003418                __io_putchar
 .text.HAL_UART_RxCpltCallback
                0x000000000800343c       0x50 Core/Src/usart.o
                0x000000000800343c                HAL_UART_RxCpltCallback
 .text.UART_Enable_Receive_IT
                0x000000000800348c       0x1c Core/Src/usart.o
                0x000000000800348c                UART_Enable_Receive_IT
 .text.KE1_Put_Console_Ch
                0x00000000080034a8       0x24 Core/Src/usart.o
                0x00000000080034a8                KE1_Put_Console_Ch
 .text.KE1_Get_NB_Ch
                0x00000000080034cc       0x4c Core/Src/usart.o
                0x00000000080034cc                KE1_Get_NB_Ch
 .text.KE1_Clear_AT_Buf
                0x0000000008003518       0x32 Core/Src/usart.o
                0x0000000008003518                KE1_Clear_AT_Buf
 *fill*         0x000000000800354a        0x2 
 .text.KE1_Send_AT
                0x000000000800354c       0x50 Core/Src/usart.o
                0x000000000800354c                KE1_Send_AT
 .text.KE1_Recv_AT
                0x000000000800359c      0x204 Core/Src/usart.o
                0x000000000800359c                KE1_Recv_AT
 .text.Reset_Handler
                0x00000000080037a0       0x50 Core/Startup/startup_stm32l433cctx.o
                0x00000000080037a0                Reset_Handler
 .text.Default_Handler
                0x00000000080037f0        0x2 Core/Startup/startup_stm32l433cctx.o
                0x00000000080037f0                RTC_Alarm_IRQHandler
                0x00000000080037f0                EXTI2_IRQHandler
                0x00000000080037f0                TIM1_CC_IRQHandler
                0x00000000080037f0                TSC_IRQHandler
                0x00000000080037f0                TAMP_STAMP_IRQHandler
                0x00000000080037f0                EXTI3_IRQHandler
                0x00000000080037f0                LPTIM2_IRQHandler
                0x00000000080037f0                I2C3_ER_IRQHandler
                0x00000000080037f0                EXTI0_IRQHandler
                0x00000000080037f0                I2C2_EV_IRQHandler
                0x00000000080037f0                CAN1_RX0_IRQHandler
                0x00000000080037f0                FPU_IRQHandler
                0x00000000080037f0                TIM1_UP_TIM16_IRQHandler
                0x00000000080037f0                SPI1_IRQHandler
                0x00000000080037f0                TIM6_DAC_IRQHandler
                0x00000000080037f0                DMA2_Channel2_IRQHandler
                0x00000000080037f0                DMA1_Channel4_IRQHandler
                0x00000000080037f0                ADC1_IRQHandler
                0x00000000080037f0                DMA1_Channel7_IRQHandler
                0x00000000080037f0                CAN1_RX1_IRQHandler
                0x00000000080037f0                LCD_IRQHandler
                0x00000000080037f0                DMA2_Channel1_IRQHandler
                0x00000000080037f0                QUADSPI_IRQHandler
                0x00000000080037f0                I2C1_EV_IRQHandler
                0x00000000080037f0                DMA1_Channel6_IRQHandler
                0x00000000080037f0                DMA2_Channel4_IRQHandler
                0x00000000080037f0                RCC_IRQHandler
                0x00000000080037f0                TIM1_TRG_COM_IRQHandler
                0x00000000080037f0                Default_Handler
                0x00000000080037f0                DMA2_Channel7_IRQHandler
                0x00000000080037f0                TIM7_IRQHandler
                0x00000000080037f0                SDMMC1_IRQHandler
                0x00000000080037f0                I2C3_EV_IRQHandler
                0x00000000080037f0                USB_IRQHandler
                0x00000000080037f0                EXTI9_5_IRQHandler
                0x00000000080037f0                RTC_WKUP_IRQHandler
                0x00000000080037f0                PVD_PVM_IRQHandler
                0x00000000080037f0                SPI2_IRQHandler
                0x00000000080037f0                CAN1_TX_IRQHandler
                0x00000000080037f0                DMA2_Channel5_IRQHandler
                0x00000000080037f0                CRS_IRQHandler
                0x00000000080037f0                DMA1_Channel5_IRQHandler
                0x00000000080037f0                EXTI4_IRQHandler
                0x00000000080037f0                RNG_IRQHandler
                0x00000000080037f0                DMA1_Channel3_IRQHandler
                0x00000000080037f0                COMP_IRQHandler
                0x00000000080037f0                WWDG_IRQHandler
                0x00000000080037f0                LPUART1_IRQHandler
                0x00000000080037f0                DMA2_Channel6_IRQHandler
                0x00000000080037f0                TIM2_IRQHandler
                0x00000000080037f0                EXTI1_IRQHandler
                0x00000000080037f0                USART2_IRQHandler
                0x00000000080037f0                I2C2_ER_IRQHandler
                0x00000000080037f0                DMA1_Channel2_IRQHandler
                0x00000000080037f0                CAN1_SCE_IRQHandler
                0x00000000080037f0                FLASH_IRQHandler
                0x00000000080037f0                SPI3_IRQHandler
                0x00000000080037f0                I2C1_ER_IRQHandler
                0x00000000080037f0                SWPMI1_IRQHandler
                0x00000000080037f0                LPTIM1_IRQHandler
                0x00000000080037f0                SAI1_IRQHandler
                0x00000000080037f0                DMA2_Channel3_IRQHandler
                0x00000000080037f0                TIM1_BRK_TIM15_IRQHandler
 .text.HAL_Init
                0x00000000080037f2       0x30 Drivers/STM32L4xx_HAL_Driver/Src/stm32l4xx_hal.o
                0x00000000080037f2                HAL_Init
 *fill*         0x0000000008003822        0x2 
 .text.HAL_InitTick
                0x0000000008003824       0x74 Drivers/STM32L4xx_HAL_Driver/Src/stm32l4xx_hal.o
                0x0000000008003824                HAL_InitTick
 .text.HAL_IncTick
                0x0000000008003898       0x24 Drivers/STM32L4xx_HAL_Driver/Src/stm32l4xx_hal.o
                0x0000000008003898                HAL_IncTick
 .text.HAL_GetTick
                0x00000000080038bc       0x18 Drivers/STM32L4xx_HAL_Driver/Src/stm32l4xx_hal.o
                0x00000000080038bc                HAL_GetTick
 .text.HAL_Delay
                0x00000000080038d4       0x44 Drivers/STM32L4xx_HAL_Driver/Src/stm32l4xx_hal.o
                0x00000000080038d4                HAL_Delay
 .text.LL_ADC_SetCommonClock
                0x0000000008003918       0x26 Drivers/STM32L4xx_HAL_Driver/Src/stm32l4xx_hal_adc.o
 .text.LL_ADC_SetCommonPathInternalCh
                0x000000000800393e       0x26 Drivers/STM32L4xx_HAL_Driver/Src/stm32l4xx_hal_adc.o
 .text.LL_ADC_GetCommonPathInternalCh
                0x0000000008003964       0x1c Drivers/STM32L4xx_HAL_Driver/Src/stm32l4xx_hal_adc.o
 .text.LL_ADC_SetOffset
                0x0000000008003980       0x44 Drivers/STM32L4xx_HAL_Driver/Src/stm32l4xx_hal_adc.o
 .text.LL_ADC_GetOffsetChannel
                0x00000000080039c4       0x28 Drivers/STM32L4xx_HAL_Driver/Src/stm32l4xx_hal_adc.o
 .text.LL_ADC_SetOffsetState
                0x00000000080039ec       0x30 Drivers/STM32L4xx_HAL_Driver/Src/stm32l4xx_hal_adc.o
 .text.LL_ADC_REG_IsTriggerSourceSWStart
                0x0000000008003a1c       0x26 Drivers/STM32L4xx_HAL_Driver/Src/stm32l4xx_hal_adc.o
 .text.LL_ADC_REG_SetSequencerRanks
                0x0000000008003a42       0x52 Drivers/STM32L4xx_HAL_Driver/Src/stm32l4xx_hal_adc.o
 .text.LL_ADC_SetChannelSamplingTime
                0x0000000008003a94       0x50 Drivers/STM32L4xx_HAL_Driver/Src/stm32l4xx_hal_adc.o
 .text.LL_ADC_SetChannelSingleDiff
                0x0000000008003ae4       0x48 Drivers/STM32L4xx_HAL_Driver/Src/stm32l4xx_hal_adc.o
 .text.LL_ADC_DisableDeepPowerDown
                0x0000000008003b2c       0x24 Drivers/STM32L4xx_HAL_Driver/Src/stm32l4xx_hal_adc.o
 .text.LL_ADC_IsDeepPowerDownEnabled
                0x0000000008003b50       0x28 Drivers/STM32L4xx_HAL_Driver/Src/stm32l4xx_hal_adc.o
 .text.LL_ADC_EnableInternalRegulator
                0x0000000008003b78       0x28 Drivers/STM32L4xx_HAL_Driver/Src/stm32l4xx_hal_adc.o
 .text.LL_ADC_IsInternalRegulatorEnabled
                0x0000000008003ba0       0x28 Drivers/STM32L4xx_HAL_Driver/Src/stm32l4xx_hal_adc.o
 .text.LL_ADC_Enable
                0x0000000008003bc8       0x28 Drivers/STM32L4xx_HAL_Driver/Src/stm32l4xx_hal_adc.o
 .text.LL_ADC_Disable
                0x0000000008003bf0       0x28 Drivers/STM32L4xx_HAL_Driver/Src/stm32l4xx_hal_adc.o
 .text.LL_ADC_IsEnabled
                0x0000000008003c18       0x26 Drivers/STM32L4xx_HAL_Driver/Src/stm32l4xx_hal_adc.o
 .text.LL_ADC_IsDisableOngoing
                0x0000000008003c3e       0x26 Drivers/STM32L4xx_HAL_Driver/Src/stm32l4xx_hal_adc.o
 .text.LL_ADC_REG_StartConversion
                0x0000000008003c64       0x28 Drivers/STM32L4xx_HAL_Driver/Src/stm32l4xx_hal_adc.o
 .text.LL_ADC_REG_StopConversion
                0x0000000008003c8c       0x28 Drivers/STM32L4xx_HAL_Driver/Src/stm32l4xx_hal_adc.o
 .text.LL_ADC_REG_IsConversionOngoing
                0x0000000008003cb4       0x26 Drivers/STM32L4xx_HAL_Driver/Src/stm32l4xx_hal_adc.o
 .text.LL_ADC_INJ_StopConversion
                0x0000000008003cda       0x28 Drivers/STM32L4xx_HAL_Driver/Src/stm32l4xx_hal_adc.o
 .text.LL_ADC_INJ_IsConversionOngoing
                0x0000000008003d02       0x26 Drivers/STM32L4xx_HAL_Driver/Src/stm32l4xx_hal_adc.o
 .text.HAL_ADC_Init
                0x0000000008003d28      0x28c Drivers/STM32L4xx_HAL_Driver/Src/stm32l4xx_hal_adc.o
                0x0000000008003d28                HAL_ADC_Init
 .text.HAL_ADC_Stop
                0x0000000008003fb4       0x66 Drivers/STM32L4xx_HAL_Driver/Src/stm32l4xx_hal_adc.o
                0x0000000008003fb4                HAL_ADC_Stop
 *fill*         0x000000000800401a        0x2 
 .text.HAL_ADC_Start_DMA
                0x000000000800401c      0x108 Drivers/STM32L4xx_HAL_Driver/Src/stm32l4xx_hal_adc.o
                0x000000000800401c                HAL_ADC_Start_DMA
 .text.HAL_ADC_ConvCpltCallback
                0x0000000008004124       0x14 Drivers/STM32L4xx_HAL_Driver/Src/stm32l4xx_hal_adc.o
                0x0000000008004124                HAL_ADC_ConvCpltCallback
 .text.HAL_ADC_ConvHalfCpltCallback
                0x0000000008004138       0x14 Drivers/STM32L4xx_HAL_Driver/Src/stm32l4xx_hal_adc.o
                0x0000000008004138                HAL_ADC_ConvHalfCpltCallback
 .text.HAL_ADC_ErrorCallback
                0x000000000800414c       0x14 Drivers/STM32L4xx_HAL_Driver/Src/stm32l4xx_hal_adc.o
                0x000000000800414c                HAL_ADC_ErrorCallback
 .text.HAL_ADC_ConfigChannel
                0x0000000008004160      0x6a8 Drivers/STM32L4xx_HAL_Driver/Src/stm32l4xx_hal_adc.o
                0x0000000008004160                HAL_ADC_ConfigChannel
 .text.ADC_ConversionStop
                0x0000000008004808      0x168 Drivers/STM32L4xx_HAL_Driver/Src/stm32l4xx_hal_adc.o
                0x0000000008004808                ADC_ConversionStop
 .text.ADC_Enable
                0x0000000008004970       0xb4 Drivers/STM32L4xx_HAL_Driver/Src/stm32l4xx_hal_adc.o
                0x0000000008004970                ADC_Enable
 .text.ADC_Disable
                0x0000000008004a24       0xb0 Drivers/STM32L4xx_HAL_Driver/Src/stm32l4xx_hal_adc.o
                0x0000000008004a24                ADC_Disable
 .text.ADC_DMAConvCplt
                0x0000000008004ad4       0xd8 Drivers/STM32L4xx_HAL_Driver/Src/stm32l4xx_hal_adc.o
                0x0000000008004ad4                ADC_DMAConvCplt
 .text.ADC_DMAHalfConvCplt
                0x0000000008004bac       0x1c Drivers/STM32L4xx_HAL_Driver/Src/stm32l4xx_hal_adc.o
                0x0000000008004bac                ADC_DMAHalfConvCplt
 .text.ADC_DMAError
                0x0000000008004bc8       0x34 Drivers/STM32L4xx_HAL_Driver/Src/stm32l4xx_hal_adc.o
                0x0000000008004bc8                ADC_DMAError
 .text.__NVIC_SetPriorityGrouping
                0x0000000008004bfc       0x48 Drivers/STM32L4xx_HAL_Driver/Src/stm32l4xx_hal_cortex.o
 .text.__NVIC_GetPriorityGrouping
                0x0000000008004c44       0x1c Drivers/STM32L4xx_HAL_Driver/Src/stm32l4xx_hal_cortex.o
 .text.__NVIC_EnableIRQ
                0x0000000008004c60       0x3c Drivers/STM32L4xx_HAL_Driver/Src/stm32l4xx_hal_cortex.o
 .text.__NVIC_SetPriority
                0x0000000008004c9c       0x54 Drivers/STM32L4xx_HAL_Driver/Src/stm32l4xx_hal_cortex.o
 .text.NVIC_EncodePriority
                0x0000000008004cf0       0x66 Drivers/STM32L4xx_HAL_Driver/Src/stm32l4xx_hal_cortex.o
 *fill*         0x0000000008004d56        0x2 
 .text.SysTick_Config
                0x0000000008004d58       0x44 Drivers/STM32L4xx_HAL_Driver/Src/stm32l4xx_hal_cortex.o
 .text.HAL_NVIC_SetPriorityGrouping
                0x0000000008004d9c       0x16 Drivers/STM32L4xx_HAL_Driver/Src/stm32l4xx_hal_cortex.o
                0x0000000008004d9c                HAL_NVIC_SetPriorityGrouping
 .text.HAL_NVIC_SetPriority
                0x0000000008004db2       0x38 Drivers/STM32L4xx_HAL_Driver/Src/stm32l4xx_hal_cortex.o
                0x0000000008004db2                HAL_NVIC_SetPriority
 .text.HAL_NVIC_EnableIRQ
                0x0000000008004dea       0x1c Drivers/STM32L4xx_HAL_Driver/Src/stm32l4xx_hal_cortex.o
                0x0000000008004dea                HAL_NVIC_EnableIRQ
 .text.HAL_SYSTICK_Config
                0x0000000008004e06       0x18 Drivers/STM32L4xx_HAL_Driver/Src/stm32l4xx_hal_cortex.o
                0x0000000008004e06                HAL_SYSTICK_Config
 *fill*         0x0000000008004e1e        0x2 
 .text.HAL_DMA_Init
                0x0000000008004e20      0x170 Drivers/STM32L4xx_HAL_Driver/Src/stm32l4xx_hal_dma.o
                0x0000000008004e20                HAL_DMA_Init
 .text.HAL_DMA_Start_IT
                0x0000000008004f90       0xc0 Drivers/STM32L4xx_HAL_Driver/Src/stm32l4xx_hal_dma.o
                0x0000000008004f90                HAL_DMA_Start_IT
 .text.HAL_DMA_Abort_IT
                0x0000000008005050       0x82 Drivers/STM32L4xx_HAL_Driver/Src/stm32l4xx_hal_dma.o
                0x0000000008005050                HAL_DMA_Abort_IT
 .text.HAL_DMA_IRQHandler
                0x00000000080050d2      0x15e Drivers/STM32L4xx_HAL_Driver/Src/stm32l4xx_hal_dma.o
                0x00000000080050d2                HAL_DMA_IRQHandler
 .text.DMA_SetConfig
                0x0000000008005230       0x60 Drivers/STM32L4xx_HAL_Driver/Src/stm32l4xx_hal_dma.o
 .text.HAL_GPIO_Init
                0x0000000008005290      0x2f4 Drivers/STM32L4xx_HAL_Driver/Src/stm32l4xx_hal_gpio.o
                0x0000000008005290                HAL_GPIO_Init
 .text.HAL_GPIO_WritePin
                0x0000000008005584       0x30 Drivers/STM32L4xx_HAL_Driver/Src/stm32l4xx_hal_gpio.o
                0x0000000008005584                HAL_GPIO_WritePin
 .text.HAL_GPIO_TogglePin
                0x00000000080055b4       0x32 Drivers/STM32L4xx_HAL_Driver/Src/stm32l4xx_hal_gpio.o
                0x00000000080055b4                HAL_GPIO_TogglePin
 *fill*         0x00000000080055e6        0x2 
 .text.HAL_GPIO_EXTI_IRQHandler
                0x00000000080055e8       0x30 Drivers/STM32L4xx_HAL_Driver/Src/stm32l4xx_hal_gpio.o
                0x00000000080055e8                HAL_GPIO_EXTI_IRQHandler
 .text.HAL_I2C_Init
                0x0000000008005618      0x11e Drivers/STM32L4xx_HAL_Driver/Src/stm32l4xx_hal_i2c.o
                0x0000000008005618                HAL_I2C_Init
 *fill*         0x0000000008005736        0x2 
 .text.HAL_I2C_Mem_Read
                0x0000000008005738      0x234 Drivers/STM32L4xx_HAL_Driver/Src/stm32l4xx_hal_i2c.o
                0x0000000008005738                HAL_I2C_Mem_Read
 .text.I2C_RequestMemoryRead
                0x000000000800596c       0xa8 Drivers/STM32L4xx_HAL_Driver/Src/stm32l4xx_hal_i2c.o
 .text.I2C_Flush_TXDR
                0x0000000008005a14       0x48 Drivers/STM32L4xx_HAL_Driver/Src/stm32l4xx_hal_i2c.o
 .text.I2C_WaitOnFlagUntilTimeout
                0x0000000008005a5c       0x80 Drivers/STM32L4xx_HAL_Driver/Src/stm32l4xx_hal_i2c.o
 .text.I2C_WaitOnTXISFlagUntilTimeout
                0x0000000008005adc       0x80 Drivers/STM32L4xx_HAL_Driver/Src/stm32l4xx_hal_i2c.o
 .text.I2C_WaitOnSTOPFlagUntilTimeout
                0x0000000008005b5c       0x78 Drivers/STM32L4xx_HAL_Driver/Src/stm32l4xx_hal_i2c.o
 .text.I2C_IsAcknowledgeFailed
                0x0000000008005bd4       0xcc Drivers/STM32L4xx_HAL_Driver/Src/stm32l4xx_hal_i2c.o
 .text.I2C_TransferConfig
                0x0000000008005ca0       0x5c Drivers/STM32L4xx_HAL_Driver/Src/stm32l4xx_hal_i2c.o
 .text.HAL_I2CEx_ConfigAnalogFilter
                0x0000000008005cfc       0x96 Drivers/STM32L4xx_HAL_Driver/Src/stm32l4xx_hal_i2c_ex.o
                0x0000000008005cfc                HAL_I2CEx_ConfigAnalogFilter
 .text.HAL_I2CEx_ConfigDigitalFilter
                0x0000000008005d92       0x98 Drivers/STM32L4xx_HAL_Driver/Src/stm32l4xx_hal_i2c_ex.o
                0x0000000008005d92                HAL_I2CEx_ConfigDigitalFilter
 *fill*         0x0000000008005e2a        0x2 
 .text.HAL_PWREx_GetVoltageRange
                0x0000000008005e2c       0x1c Drivers/STM32L4xx_HAL_Driver/Src/stm32l4xx_hal_pwr_ex.o
                0x0000000008005e2c                HAL_PWREx_GetVoltageRange
 .text.HAL_PWREx_ControlVoltageScaling
                0x0000000008005e48       0xac Drivers/STM32L4xx_HAL_Driver/Src/stm32l4xx_hal_pwr_ex.o
                0x0000000008005e48                HAL_PWREx_ControlVoltageScaling
 .text.HAL_RCC_OscConfig
                0x0000000008005ef4      0x7dc Drivers/STM32L4xx_HAL_Driver/Src/stm32l4xx_hal_rcc.o
                0x0000000008005ef4                HAL_RCC_OscConfig
 .text.HAL_RCC_ClockConfig
                0x00000000080066d0      0x1c4 Drivers/STM32L4xx_HAL_Driver/Src/stm32l4xx_hal_rcc.o
                0x00000000080066d0                HAL_RCC_ClockConfig
 .text.HAL_RCC_GetSysClockFreq
                0x0000000008006894      0x114 Drivers/STM32L4xx_HAL_Driver/Src/stm32l4xx_hal_rcc.o
                0x0000000008006894                HAL_RCC_GetSysClockFreq
 .text.HAL_RCC_GetHCLKFreq
                0x00000000080069a8       0x18 Drivers/STM32L4xx_HAL_Driver/Src/stm32l4xx_hal_rcc.o
                0x00000000080069a8                HAL_RCC_GetHCLKFreq
 .text.HAL_RCC_GetPCLK1Freq
                0x00000000080069c0       0x2c Drivers/STM32L4xx_HAL_Driver/Src/stm32l4xx_hal_rcc.o
                0x00000000080069c0                HAL_RCC_GetPCLK1Freq
 .text.HAL_RCC_GetPCLK2Freq
                0x00000000080069ec       0x2c Drivers/STM32L4xx_HAL_Driver/Src/stm32l4xx_hal_rcc.o
                0x00000000080069ec                HAL_RCC_GetPCLK2Freq
 .text.RCC_SetFlashLatencyFromMSIRange
                0x0000000008006a18       0xc0 Drivers/STM32L4xx_HAL_Driver/Src/stm32l4xx_hal_rcc.o
 .text.HAL_RCCEx_PeriphCLKConfig
                0x0000000008006ad8      0x488 Drivers/STM32L4xx_HAL_Driver/Src/stm32l4xx_hal_rcc_ex.o
                0x0000000008006ad8                HAL_RCCEx_PeriphCLKConfig
 .text.RCCEx_PLLSAI1_Config
                0x0000000008006f60      0x1e0 Drivers/STM32L4xx_HAL_Driver/Src/stm32l4xx_hal_rcc_ex.o
 .text.HAL_TIM_PWM_Init
                0x0000000008007140       0x56 Drivers/STM32L4xx_HAL_Driver/Src/stm32l4xx_hal_tim.o
                0x0000000008007140                HAL_TIM_PWM_Init
 *fill*         0x0000000008007196        0x2 
 .text.HAL_TIM_PWM_ConfigChannel
                0x0000000008007198      0x230 Drivers/STM32L4xx_HAL_Driver/Src/stm32l4xx_hal_tim.o
                0x0000000008007198                HAL_TIM_PWM_ConfigChannel
 .text.TIM_Base_SetConfig
                0x00000000080073c8       0xc8 Drivers/STM32L4xx_HAL_Driver/Src/stm32l4xx_hal_tim.o
                0x00000000080073c8                TIM_Base_SetConfig
 .text.TIM_OC1_SetConfig
                0x0000000008007490       0xf8 Drivers/STM32L4xx_HAL_Driver/Src/stm32l4xx_hal_tim.o
 .text.TIM_OC2_SetConfig
                0x0000000008007588       0xf4 Drivers/STM32L4xx_HAL_Driver/Src/stm32l4xx_hal_tim.o
                0x0000000008007588                TIM_OC2_SetConfig
 .text.TIM_OC3_SetConfig
                0x000000000800767c       0xf0 Drivers/STM32L4xx_HAL_Driver/Src/stm32l4xx_hal_tim.o
 .text.TIM_OC4_SetConfig
                0x000000000800776c       0xbc Drivers/STM32L4xx_HAL_Driver/Src/stm32l4xx_hal_tim.o
 .text.TIM_OC5_SetConfig
                0x0000000008007828       0xb0 Drivers/STM32L4xx_HAL_Driver/Src/stm32l4xx_hal_tim.o
 .text.TIM_OC6_SetConfig
                0x00000000080078d8       0xb4 Drivers/STM32L4xx_HAL_Driver/Src/stm32l4xx_hal_tim.o
 .text.HAL_TIMEx_MasterConfigSynchronization
                0x000000000800798c       0xac Drivers/STM32L4xx_HAL_Driver/Src/stm32l4xx_hal_tim_ex.o
                0x000000000800798c                HAL_TIMEx_MasterConfigSynchronization
 .text.HAL_UART_Init
                0x0000000008007a38       0x9c Drivers/STM32L4xx_HAL_Driver/Src/stm32l4xx_hal_uart.o
                0x0000000008007a38                HAL_UART_Init
 .text.HAL_UART_Transmit
                0x0000000008007ad4      0x126 Drivers/STM32L4xx_HAL_Driver/Src/stm32l4xx_hal_uart.o
                0x0000000008007ad4                HAL_UART_Transmit
 *fill*         0x0000000008007bfa        0x2 
 .text.HAL_UART_Transmit_IT
                0x0000000008007bfc       0xb8 Drivers/STM32L4xx_HAL_Driver/Src/stm32l4xx_hal_uart.o
                0x0000000008007bfc                HAL_UART_Transmit_IT
 .text.HAL_UART_Receive_IT
                0x0000000008007cb4      0x144 Drivers/STM32L4xx_HAL_Driver/Src/stm32l4xx_hal_uart.o
                0x0000000008007cb4                HAL_UART_Receive_IT
 .text.HAL_UART_IRQHandler
                0x0000000008007df8      0x260 Drivers/STM32L4xx_HAL_Driver/Src/stm32l4xx_hal_uart.o
                0x0000000008007df8                HAL_UART_IRQHandler
 .text.HAL_UART_TxCpltCallback
                0x0000000008008058       0x14 Drivers/STM32L4xx_HAL_Driver/Src/stm32l4xx_hal_uart.o
                0x0000000008008058                HAL_UART_TxCpltCallback
 .text.HAL_UART_ErrorCallback
                0x000000000800806c       0x14 Drivers/STM32L4xx_HAL_Driver/Src/stm32l4xx_hal_uart.o
                0x000000000800806c                HAL_UART_ErrorCallback
 .text.UART_SetConfig
                0x0000000008008080      0x5e4 Drivers/STM32L4xx_HAL_Driver/Src/stm32l4xx_hal_uart.o
                0x0000000008008080                UART_SetConfig
 .text.UART_AdvFeatureConfig
                0x0000000008008664      0x144 Drivers/STM32L4xx_HAL_Driver/Src/stm32l4xx_hal_uart.o
                0x0000000008008664                UART_AdvFeatureConfig
 .text.UART_CheckIdleState
                0x00000000080087a8       0x8a Drivers/STM32L4xx_HAL_Driver/Src/stm32l4xx_hal_uart.o
                0x00000000080087a8                UART_CheckIdleState
 .text.UART_WaitOnFlagUntilTimeout
                0x0000000008008832       0x90 Drivers/STM32L4xx_HAL_Driver/Src/stm32l4xx_hal_uart.o
                0x0000000008008832                UART_WaitOnFlagUntilTimeout
 .text.UART_EndRxTransfer
                0x00000000080088c2       0x40 Drivers/STM32L4xx_HAL_Driver/Src/stm32l4xx_hal_uart.o
 .text.UART_DMAAbortOnError
                0x0000000008008902       0x2c Drivers/STM32L4xx_HAL_Driver/Src/stm32l4xx_hal_uart.o
 .text.UART_TxISR_8BIT
                0x000000000800892e       0x74 Drivers/STM32L4xx_HAL_Driver/Src/stm32l4xx_hal_uart.o
 .text.UART_TxISR_16BIT
                0x00000000080089a2       0x7c Drivers/STM32L4xx_HAL_Driver/Src/stm32l4xx_hal_uart.o
 .text.UART_EndTransmit_IT
                0x0000000008008a1e       0x32 Drivers/STM32L4xx_HAL_Driver/Src/stm32l4xx_hal_uart.o
 .text.UART_RxISR_8BIT
                0x0000000008008a50       0xaa Drivers/STM32L4xx_HAL_Driver/Src/stm32l4xx_hal_uart.o
 .text.UART_RxISR_16BIT
                0x0000000008008afa       0xaa Drivers/STM32L4xx_HAL_Driver/Src/stm32l4xx_hal_uart.o
 .text.HAL_UARTEx_WakeupCallback
                0x0000000008008ba4       0x14 Drivers/STM32L4xx_HAL_Driver/Src/stm32l4xx_hal_uart_ex.o
                0x0000000008008ba4                HAL_UARTEx_WakeupCallback
 .text.atoi     0x0000000008008bb8        0x8 d:/stm32cubeide_1.1.0/stm32cubeide/plugins/com.st.stm32cube.ide.mcu.externaltools.gnu-tools-for-stm32.7-2018-q2-update.win32_1.0.0.201904181610/tools/bin/../lib/gcc/arm-none-eabi/7.3.1/../../../../arm-none-eabi/lib/thumb/v7e-m/fpv4-sp/hard\libc_nano.a(lib_a-atoi.o)
                0x0000000008008bb8                atoi
 .text.__errno  0x0000000008008bc0        0xc d:/stm32cubeide_1.1.0/stm32cubeide/plugins/com.st.stm32cube.ide.mcu.externaltools.gnu-tools-for-stm32.7-2018-q2-update.win32_1.0.0.201904181610/tools/bin/../lib/gcc/arm-none-eabi/7.3.1/../../../../arm-none-eabi/lib/thumb/v7e-m/fpv4-sp/hard\libc_nano.a(lib_a-errno.o)
                0x0000000008008bc0                __errno
 .text.__libc_init_array
                0x0000000008008bcc       0x48 d:/stm32cubeide_1.1.0/stm32cubeide/plugins/com.st.stm32cube.ide.mcu.externaltools.gnu-tools-for-stm32.7-2018-q2-update.win32_1.0.0.201904181610/tools/bin/../lib/gcc/arm-none-eabi/7.3.1/../../../../arm-none-eabi/lib/thumb/v7e-m/fpv4-sp/hard\libc_nano.a(lib_a-init.o)
                0x0000000008008bcc                __libc_init_array
 .text.memcpy   0x0000000008008c14       0x16 d:/stm32cubeide_1.1.0/stm32cubeide/plugins/com.st.stm32cube.ide.mcu.externaltools.gnu-tools-for-stm32.7-2018-q2-update.win32_1.0.0.201904181610/tools/bin/../lib/gcc/arm-none-eabi/7.3.1/../../../../arm-none-eabi/lib/thumb/v7e-m/fpv4-sp/hard\libc_nano.a(lib_a-memcpy-stub.o)
                0x0000000008008c14                memcpy
 .text.memset   0x0000000008008c2a       0x10 d:/stm32cubeide_1.1.0/stm32cubeide/plugins/com.st.stm32cube.ide.mcu.externaltools.gnu-tools-for-stm32.7-2018-q2-update.win32_1.0.0.201904181610/tools/bin/../lib/gcc/arm-none-eabi/7.3.1/../../../../arm-none-eabi/lib/thumb/v7e-m/fpv4-sp/hard\libc_nano.a(lib_a-memset.o)
                0x0000000008008c2a                memset
 .text.__cvt    0x0000000008008c3a       0xc2 d:/stm32cubeide_1.1.0/stm32cubeide/plugins/com.st.stm32cube.ide.mcu.externaltools.gnu-tools-for-stm32.7-2018-q2-update.win32_1.0.0.201904181610/tools/bin/../lib/gcc/arm-none-eabi/7.3.1/../../../../arm-none-eabi/lib/thumb/v7e-m/fpv4-sp/hard\libc_nano.a(lib_a-nano-vfprintf_float.o)
                0x0000000008008c3a                __cvt
 .text.__exponent
                0x0000000008008cfc       0x66 d:/stm32cubeide_1.1.0/stm32cubeide/plugins/com.st.stm32cube.ide.mcu.externaltools.gnu-tools-for-stm32.7-2018-q2-update.win32_1.0.0.201904181610/tools/bin/../lib/gcc/arm-none-eabi/7.3.1/../../../../arm-none-eabi/lib/thumb/v7e-m/fpv4-sp/hard\libc_nano.a(lib_a-nano-vfprintf_float.o)
                0x0000000008008cfc                __exponent
 *fill*         0x0000000008008d62        0x2 
 .text._printf_float
                0x0000000008008d64      0x480 d:/stm32cubeide_1.1.0/stm32cubeide/plugins/com.st.stm32cube.ide.mcu.externaltools.gnu-tools-for-stm32.7-2018-q2-update.win32_1.0.0.201904181610/tools/bin/../lib/gcc/arm-none-eabi/7.3.1/../../../../arm-none-eabi/lib/thumb/v7e-m/fpv4-sp/hard\libc_nano.a(lib_a-nano-vfprintf_float.o)
                0x0000000008008d64                _printf_float
 .text._printf_common
                0x00000000080091e4       0xea d:/stm32cubeide_1.1.0/stm32cubeide/plugins/com.st.stm32cube.ide.mcu.externaltools.gnu-tools-for-stm32.7-2018-q2-update.win32_1.0.0.201904181610/tools/bin/../lib/gcc/arm-none-eabi/7.3.1/../../../../arm-none-eabi/lib/thumb/v7e-m/fpv4-sp/hard\libc_nano.a(lib_a-nano-vfprintf_i.o)
                0x00000000080091e4                _printf_common
 *fill*         0x00000000080092ce        0x2 
 .text._printf_i
                0x00000000080092d0      0x224 d:/stm32cubeide_1.1.0/stm32cubeide/plugins/com.st.stm32cube.ide.mcu.externaltools.gnu-tools-for-stm32.7-2018-q2-update.win32_1.0.0.201904181610/tools/bin/../lib/gcc/arm-none-eabi/7.3.1/../../../../arm-none-eabi/lib/thumb/v7e-m/fpv4-sp/hard\libc_nano.a(lib_a-nano-vfprintf_i.o)
                0x00000000080092d0                _printf_i
 .text.printf   0x00000000080094f4       0x30 d:/stm32cubeide_1.1.0/stm32cubeide/plugins/com.st.stm32cube.ide.mcu.externaltools.gnu-tools-for-stm32.7-2018-q2-update.win32_1.0.0.201904181610/tools/bin/../lib/gcc/arm-none-eabi/7.3.1/../../../../arm-none-eabi/lib/thumb/v7e-m/fpv4-sp/hard\libc_nano.a(lib_a-printf.o)
                0x00000000080094f4                iprintf
                0x00000000080094f4                printf
 .text._puts_r  0x0000000008009524       0xb8 d:/stm32cubeide_1.1.0/stm32cubeide/plugins/com.st.stm32cube.ide.mcu.externaltools.gnu-tools-for-stm32.7-2018-q2-update.win32_1.0.0.201904181610/tools/bin/../lib/gcc/arm-none-eabi/7.3.1/../../../../arm-none-eabi/lib/thumb/v7e-m/fpv4-sp/hard\libc_nano.a(lib_a-puts.o)
                0x0000000008009524                _puts_r
 .text.puts     0x00000000080095dc       0x10 d:/stm32cubeide_1.1.0/stm32cubeide/plugins/com.st.stm32cube.ide.mcu.externaltools.gnu-tools-for-stm32.7-2018-q2-update.win32_1.0.0.201904181610/tools/bin/../lib/gcc/arm-none-eabi/7.3.1/../../../../arm-none-eabi/lib/thumb/v7e-m/fpv4-sp/hard\libc_nano.a(lib_a-puts.o)
                0x00000000080095dc                puts
 .text.snprintf
                0x00000000080095ec       0x68 d:/stm32cubeide_1.1.0/stm32cubeide/plugins/com.st.stm32cube.ide.mcu.externaltools.gnu-tools-for-stm32.7-2018-q2-update.win32_1.0.0.201904181610/tools/bin/../lib/gcc/arm-none-eabi/7.3.1/../../../../arm-none-eabi/lib/thumb/v7e-m/fpv4-sp/hard\libc_nano.a(lib_a-snprintf.o)
                0x00000000080095ec                sniprintf
                0x00000000080095ec                snprintf
 .text.sprintf  0x0000000008009654       0x40 d:/stm32cubeide_1.1.0/stm32cubeide/plugins/com.st.stm32cube.ide.mcu.externaltools.gnu-tools-for-stm32.7-2018-q2-update.win32_1.0.0.201904181610/tools/bin/../lib/gcc/arm-none-eabi/7.3.1/../../../../arm-none-eabi/lib/thumb/v7e-m/fpv4-sp/hard\libc_nano.a(lib_a-sprintf.o)
                0x0000000008009654                siprintf
                0x0000000008009654                sprintf
 .text.strstr   0x0000000008009694       0x34 d:/stm32cubeide_1.1.0/stm32cubeide/plugins/com.st.stm32cube.ide.mcu.externaltools.gnu-tools-for-stm32.7-2018-q2-update.win32_1.0.0.201904181610/tools/bin/../lib/gcc/arm-none-eabi/7.3.1/../../../../arm-none-eabi/lib/thumb/v7e-m/fpv4-sp/hard\libc_nano.a(lib_a-strstr.o)
                0x0000000008009694                strstr
 .text._strtol_l.isra.0
                0x00000000080096c8       0xf6 d:/stm32cubeide_1.1.0/stm32cubeide/plugins/com.st.stm32cube.ide.mcu.externaltools.gnu-tools-for-stm32.7-2018-q2-update.win32_1.0.0.201904181610/tools/bin/../lib/gcc/arm-none-eabi/7.3.1/../../../../arm-none-eabi/lib/thumb/v7e-m/fpv4-sp/hard\libc_nano.a(lib_a-strtol.o)
 *fill*         0x00000000080097be        0x2 
 .text.strtol   0x00000000080097c0       0x2c d:/stm32cubeide_1.1.0/stm32cubeide/plugins/com.st.stm32cube.ide.mcu.externaltools.gnu-tools-for-stm32.7-2018-q2-update.win32_1.0.0.201904181610/tools/bin/../lib/gcc/arm-none-eabi/7.3.1/../../../../arm-none-eabi/lib/thumb/v7e-m/fpv4-sp/hard\libc_nano.a(lib_a-strtol.o)
                0x00000000080097c0                strtol
 .text.__swbuf_r
                0x00000000080097ec       0xa4 d:/stm32cubeide_1.1.0/stm32cubeide/plugins/com.st.stm32cube.ide.mcu.externaltools.gnu-tools-for-stm32.7-2018-q2-update.win32_1.0.0.201904181610/tools/bin/../lib/gcc/arm-none-eabi/7.3.1/../../../../arm-none-eabi/lib/thumb/v7e-m/fpv4-sp/hard\libc_nano.a(lib_a-wbuf.o)
                0x00000000080097ec                __swbuf_r
 .text.__swsetup_r
                0x0000000008009890       0xdc d:/stm32cubeide_1.1.0/stm32cubeide/plugins/com.st.stm32cube.ide.mcu.externaltools.gnu-tools-for-stm32.7-2018-q2-update.win32_1.0.0.201904181610/tools/bin/../lib/gcc/arm-none-eabi/7.3.1/../../../../arm-none-eabi/lib/thumb/v7e-m/fpv4-sp/hard\libc_nano.a(lib_a-wsetup.o)
                0x0000000008009890                __swsetup_r
 .text.quorem   0x000000000800996c      0x118 d:/stm32cubeide_1.1.0/stm32cubeide/plugins/com.st.stm32cube.ide.mcu.externaltools.gnu-tools-for-stm32.7-2018-q2-update.win32_1.0.0.201904181610/tools/bin/../lib/gcc/arm-none-eabi/7.3.1/../../../../arm-none-eabi/lib/thumb/v7e-m/fpv4-sp/hard\libc_nano.a(lib_a-dtoa.o)
 *fill*         0x0000000008009a84        0x4 
 .text._dtoa_r  0x0000000008009a88      0xb70 d:/stm32cubeide_1.1.0/stm32cubeide/plugins/com.st.stm32cube.ide.mcu.externaltools.gnu-tools-for-stm32.7-2018-q2-update.win32_1.0.0.201904181610/tools/bin/../lib/gcc/arm-none-eabi/7.3.1/../../../../arm-none-eabi/lib/thumb/v7e-m/fpv4-sp/hard\libc_nano.a(lib_a-dtoa.o)
                0x0000000008009a88                _dtoa_r
 .text.__sflush_r
                0x000000000800a5f8      0x10c d:/stm32cubeide_1.1.0/stm32cubeide/plugins/com.st.stm32cube.ide.mcu.externaltools.gnu-tools-for-stm32.7-2018-q2-update.win32_1.0.0.201904181610/tools/bin/../lib/gcc/arm-none-eabi/7.3.1/../../../../arm-none-eabi/lib/thumb/v7e-m/fpv4-sp/hard\libc_nano.a(lib_a-fflush.o)
                0x000000000800a5f8                __sflush_r
 .text._fflush_r
                0x000000000800a704       0x54 d:/stm32cubeide_1.1.0/stm32cubeide/plugins/com.st.stm32cube.ide.mcu.externaltools.gnu-tools-for-stm32.7-2018-q2-update.win32_1.0.0.201904181610/tools/bin/../lib/gcc/arm-none-eabi/7.3.1/../../../../arm-none-eabi/lib/thumb/v7e-m/fpv4-sp/hard\libc_nano.a(lib_a-fflush.o)
                0x000000000800a704                _fflush_r
 .text.std      0x000000000800a758       0x48 d:/stm32cubeide_1.1.0/stm32cubeide/plugins/com.st.stm32cube.ide.mcu.externaltools.gnu-tools-for-stm32.7-2018-q2-update.win32_1.0.0.201904181610/tools/bin/../lib/gcc/arm-none-eabi/7.3.1/../../../../arm-none-eabi/lib/thumb/v7e-m/fpv4-sp/hard\libc_nano.a(lib_a-findfp.o)
 .text._cleanup_r
                0x000000000800a7a0        0xc d:/stm32cubeide_1.1.0/stm32cubeide/plugins/com.st.stm32cube.ide.mcu.externaltools.gnu-tools-for-stm32.7-2018-q2-update.win32_1.0.0.201904181610/tools/bin/../lib/gcc/arm-none-eabi/7.3.1/../../../../arm-none-eabi/lib/thumb/v7e-m/fpv4-sp/hard\libc_nano.a(lib_a-findfp.o)
                0x000000000800a7a0                _cleanup_r
 .text.__sfmoreglue
                0x000000000800a7ac       0x2c d:/stm32cubeide_1.1.0/stm32cubeide/plugins/com.st.stm32cube.ide.mcu.externaltools.gnu-tools-for-stm32.7-2018-q2-update.win32_1.0.0.201904181610/tools/bin/../lib/gcc/arm-none-eabi/7.3.1/../../../../arm-none-eabi/lib/thumb/v7e-m/fpv4-sp/hard\libc_nano.a(lib_a-findfp.o)
                0x000000000800a7ac                __sfmoreglue
 .text.__sinit  0x000000000800a7d8       0x60 d:/stm32cubeide_1.1.0/stm32cubeide/plugins/com.st.stm32cube.ide.mcu.externaltools.gnu-tools-for-stm32.7-2018-q2-update.win32_1.0.0.201904181610/tools/bin/../lib/gcc/arm-none-eabi/7.3.1/../../../../arm-none-eabi/lib/thumb/v7e-m/fpv4-sp/hard\libc_nano.a(lib_a-findfp.o)
                0x000000000800a7d8                __sinit
 .text.__sfp    0x000000000800a838       0x78 d:/stm32cubeide_1.1.0/stm32cubeide/plugins/com.st.stm32cube.ide.mcu.externaltools.gnu-tools-for-stm32.7-2018-q2-update.win32_1.0.0.201904181610/tools/bin/../lib/gcc/arm-none-eabi/7.3.1/../../../../arm-none-eabi/lib/thumb/v7e-m/fpv4-sp/hard\libc_nano.a(lib_a-findfp.o)
                0x000000000800a838                __sfp
 .text._fwalk_reent
                0x000000000800a8b0       0x3c d:/stm32cubeide_1.1.0/stm32cubeide/plugins/com.st.stm32cube.ide.mcu.externaltools.gnu-tools-for-stm32.7-2018-q2-update.win32_1.0.0.201904181610/tools/bin/../lib/gcc/arm-none-eabi/7.3.1/../../../../arm-none-eabi/lib/thumb/v7e-m/fpv4-sp/hard\libc_nano.a(lib_a-fwalk.o)
                0x000000000800a8b0                _fwalk_reent
 .text.__locale_ctype_ptr_l
                0x000000000800a8ec        0x6 d:/stm32cubeide_1.1.0/stm32cubeide/plugins/com.st.stm32cube.ide.mcu.externaltools.gnu-tools-for-stm32.7-2018-q2-update.win32_1.0.0.201904181610/tools/bin/../lib/gcc/arm-none-eabi/7.3.1/../../../../arm-none-eabi/lib/thumb/v7e-m/fpv4-sp/hard\libc_nano.a(lib_a-locale.o)
                0x000000000800a8ec                __locale_ctype_ptr_l
 *fill*         0x000000000800a8f2        0x2 
 .text._localeconv_r
                0x000000000800a8f4       0x1c d:/stm32cubeide_1.1.0/stm32cubeide/plugins/com.st.stm32cube.ide.mcu.externaltools.gnu-tools-for-stm32.7-2018-q2-update.win32_1.0.0.201904181610/tools/bin/../lib/gcc/arm-none-eabi/7.3.1/../../../../arm-none-eabi/lib/thumb/v7e-m/fpv4-sp/hard\libc_nano.a(lib_a-localeconv.o)
                0x000000000800a8f4                _localeconv_r
 .text.__swhatbuf_r
                0x000000000800a910       0x48 d:/stm32cubeide_1.1.0/stm32cubeide/plugins/com.st.stm32cube.ide.mcu.externaltools.gnu-tools-for-stm32.7-2018-q2-update.win32_1.0.0.201904181610/tools/bin/../lib/gcc/arm-none-eabi/7.3.1/../../../../arm-none-eabi/lib/thumb/v7e-m/fpv4-sp/hard\libc_nano.a(lib_a-makebuf.o)
                0x000000000800a910                __swhatbuf_r
 .text.__smakebuf_r
                0x000000000800a958       0x80 d:/stm32cubeide_1.1.0/stm32cubeide/plugins/com.st.stm32cube.ide.mcu.externaltools.gnu-tools-for-stm32.7-2018-q2-update.win32_1.0.0.201904181610/tools/bin/../lib/gcc/arm-none-eabi/7.3.1/../../../../arm-none-eabi/lib/thumb/v7e-m/fpv4-sp/hard\libc_nano.a(lib_a-makebuf.o)
                0x000000000800a958                __smakebuf_r
 .text.malloc   0x000000000800a9d8       0x10 d:/stm32cubeide_1.1.0/stm32cubeide/plugins/com.st.stm32cube.ide.mcu.externaltools.gnu-tools-for-stm32.7-2018-q2-update.win32_1.0.0.201904181610/tools/bin/../lib/gcc/arm-none-eabi/7.3.1/../../../../arm-none-eabi/lib/thumb/v7e-m/fpv4-sp/hard\libc_nano.a(lib_a-malloc.o)
                0x000000000800a9d8                malloc
 .text.__ascii_mbtowc
                0x000000000800a9e8       0x24 d:/stm32cubeide_1.1.0/stm32cubeide/plugins/com.st.stm32cube.ide.mcu.externaltools.gnu-tools-for-stm32.7-2018-q2-update.win32_1.0.0.201904181610/tools/bin/../lib/gcc/arm-none-eabi/7.3.1/../../../../arm-none-eabi/lib/thumb/v7e-m/fpv4-sp/hard\libc_nano.a(lib_a-mbtowc_r.o)
                0x000000000800a9e8                __ascii_mbtowc
 .text._Balloc  0x000000000800aa0c       0x68 d:/stm32cubeide_1.1.0/stm32cubeide/plugins/com.st.stm32cube.ide.mcu.externaltools.gnu-tools-for-stm32.7-2018-q2-update.win32_1.0.0.201904181610/tools/bin/../lib/gcc/arm-none-eabi/7.3.1/../../../../arm-none-eabi/lib/thumb/v7e-m/fpv4-sp/hard\libc_nano.a(lib_a-mprec.o)
                0x000000000800aa0c                _Balloc
 .text._Bfree   0x000000000800aa74       0x2e d:/stm32cubeide_1.1.0/stm32cubeide/plugins/com.st.stm32cube.ide.mcu.externaltools.gnu-tools-for-stm32.7-2018-q2-update.win32_1.0.0.201904181610/tools/bin/../lib/gcc/arm-none-eabi/7.3.1/../../../../arm-none-eabi/lib/thumb/v7e-m/fpv4-sp/hard\libc_nano.a(lib_a-mprec.o)
                0x000000000800aa74                _Bfree
 .text.__multadd
                0x000000000800aaa2       0x76 d:/stm32cubeide_1.1.0/stm32cubeide/plugins/com.st.stm32cube.ide.mcu.externaltools.gnu-tools-for-stm32.7-2018-q2-update.win32_1.0.0.201904181610/tools/bin/../lib/gcc/arm-none-eabi/7.3.1/../../../../arm-none-eabi/lib/thumb/v7e-m/fpv4-sp/hard\libc_nano.a(lib_a-mprec.o)
                0x000000000800aaa2                __multadd
 .text.__hi0bits
                0x000000000800ab18       0x3e d:/stm32cubeide_1.1.0/stm32cubeide/plugins/com.st.stm32cube.ide.mcu.externaltools.gnu-tools-for-stm32.7-2018-q2-update.win32_1.0.0.201904181610/tools/bin/../lib/gcc/arm-none-eabi/7.3.1/../../../../arm-none-eabi/lib/thumb/v7e-m/fpv4-sp/hard\libc_nano.a(lib_a-mprec.o)
                0x000000000800ab18                __hi0bits
 .text.__lo0bits
                0x000000000800ab56       0x5e d:/stm32cubeide_1.1.0/stm32cubeide/plugins/com.st.stm32cube.ide.mcu.externaltools.gnu-tools-for-stm32.7-2018-q2-update.win32_1.0.0.201904181610/tools/bin/../lib/gcc/arm-none-eabi/7.3.1/../../../../arm-none-eabi/lib/thumb/v7e-m/fpv4-sp/hard\libc_nano.a(lib_a-mprec.o)
                0x000000000800ab56                __lo0bits
 .text.__i2b    0x000000000800abb4       0x12 d:/stm32cubeide_1.1.0/stm32cubeide/plugins/com.st.stm32cube.ide.mcu.externaltools.gnu-tools-for-stm32.7-2018-q2-update.win32_1.0.0.201904181610/tools/bin/../lib/gcc/arm-none-eabi/7.3.1/../../../../arm-none-eabi/lib/thumb/v7e-m/fpv4-sp/hard\libc_nano.a(lib_a-mprec.o)
                0x000000000800abb4                __i2b
 .text.__multiply
                0x000000000800abc6      0x12c d:/stm32cubeide_1.1.0/stm32cubeide/plugins/com.st.stm32cube.ide.mcu.externaltools.gnu-tools-for-stm32.7-2018-q2-update.win32_1.0.0.201904181610/tools/bin/../lib/gcc/arm-none-eabi/7.3.1/../../../../arm-none-eabi/lib/thumb/v7e-m/fpv4-sp/hard\libc_nano.a(lib_a-mprec.o)
                0x000000000800abc6                __multiply
 *fill*         0x000000000800acf2        0x2 
 .text.__pow5mult
                0x000000000800acf4       0x9c d:/stm32cubeide_1.1.0/stm32cubeide/plugins/com.st.stm32cube.ide.mcu.externaltools.gnu-tools-for-stm32.7-2018-q2-update.win32_1.0.0.201904181610/tools/bin/../lib/gcc/arm-none-eabi/7.3.1/../../../../arm-none-eabi/lib/thumb/v7e-m/fpv4-sp/hard\libc_nano.a(lib_a-mprec.o)
                0x000000000800acf4                __pow5mult
 .text.__lshift
                0x000000000800ad90       0xa8 d:/stm32cubeide_1.1.0/stm32cubeide/plugins/com.st.stm32cube.ide.mcu.externaltools.gnu-tools-for-stm32.7-2018-q2-update.win32_1.0.0.201904181610/tools/bin/../lib/gcc/arm-none-eabi/7.3.1/../../../../arm-none-eabi/lib/thumb/v7e-m/fpv4-sp/hard\libc_nano.a(lib_a-mprec.o)
                0x000000000800ad90                __lshift
 .text.__mcmp   0x000000000800ae38       0x34 d:/stm32cubeide_1.1.0/stm32cubeide/plugins/com.st.stm32cube.ide.mcu.externaltools.gnu-tools-for-stm32.7-2018-q2-update.win32_1.0.0.201904181610/tools/bin/../lib/gcc/arm-none-eabi/7.3.1/../../../../arm-none-eabi/lib/thumb/v7e-m/fpv4-sp/hard\libc_nano.a(lib_a-mprec.o)
                0x000000000800ae38                __mcmp
 .text.__mdiff  0x000000000800ae6c       0xba d:/stm32cubeide_1.1.0/stm32cubeide/plugins/com.st.stm32cube.ide.mcu.externaltools.gnu-tools-for-stm32.7-2018-q2-update.win32_1.0.0.201904181610/tools/bin/../lib/gcc/arm-none-eabi/7.3.1/../../../../arm-none-eabi/lib/thumb/v7e-m/fpv4-sp/hard\libc_nano.a(lib_a-mprec.o)
                0x000000000800ae6c                __mdiff
 .text.__d2b    0x000000000800af26       0x9e d:/stm32cubeide_1.1.0/stm32cubeide/plugins/com.st.stm32cube.ide.mcu.externaltools.gnu-tools-for-stm32.7-2018-q2-update.win32_1.0.0.201904181610/tools/bin/../lib/gcc/arm-none-eabi/7.3.1/../../../../arm-none-eabi/lib/thumb/v7e-m/fpv4-sp/hard\libc_nano.a(lib_a-mprec.o)
                0x000000000800af26                __d2b
 .text._calloc_r
                0x000000000800afc4       0x1c d:/stm32cubeide_1.1.0/stm32cubeide/plugins/com.st.stm32cube.ide.mcu.externaltools.gnu-tools-for-stm32.7-2018-q2-update.win32_1.0.0.201904181610/tools/bin/../lib/gcc/arm-none-eabi/7.3.1/../../../../arm-none-eabi/lib/thumb/v7e-m/fpv4-sp/hard\libc_nano.a(lib_a-nano-callocr.o)
                0x000000000800afc4                _calloc_r
 .text._free_r  0x000000000800afe0       0x9c d:/stm32cubeide_1.1.0/stm32cubeide/plugins/com.st.stm32cube.ide.mcu.externaltools.gnu-tools-for-stm32.7-2018-q2-update.win32_1.0.0.201904181610/tools/bin/../lib/gcc/arm-none-eabi/7.3.1/../../../../arm-none-eabi/lib/thumb/v7e-m/fpv4-sp/hard\libc_nano.a(lib_a-nano-freer.o)
                0x000000000800afe0                _free_r
 .text._malloc_r
                0x000000000800b07c       0xb4 d:/stm32cubeide_1.1.0/stm32cubeide/plugins/com.st.stm32cube.ide.mcu.externaltools.gnu-tools-for-stm32.7-2018-q2-update.win32_1.0.0.201904181610/tools/bin/../lib/gcc/arm-none-eabi/7.3.1/../../../../arm-none-eabi/lib/thumb/v7e-m/fpv4-sp/hard\libc_nano.a(lib_a-nano-mallocr.o)
                0x000000000800b07c                _malloc_r
 .text.__ssputs_r
                0x000000000800b130       0xb4 d:/stm32cubeide_1.1.0/stm32cubeide/plugins/com.st.stm32cube.ide.mcu.externaltools.gnu-tools-for-stm32.7-2018-q2-update.win32_1.0.0.201904181610/tools/bin/../lib/gcc/arm-none-eabi/7.3.1/../../../../arm-none-eabi/lib/thumb/v7e-m/fpv4-sp/hard\libc_nano.a(lib_a-nano-svfprintf.o)
                0x000000000800b130                __ssputs_r
 .text._svfprintf_r
                0x000000000800b1e4      0x1f0 d:/stm32cubeide_1.1.0/stm32cubeide/plugins/com.st.stm32cube.ide.mcu.externaltools.gnu-tools-for-stm32.7-2018-q2-update.win32_1.0.0.201904181610/tools/bin/../lib/gcc/arm-none-eabi/7.3.1/../../../../arm-none-eabi/lib/thumb/v7e-m/fpv4-sp/hard\libc_nano.a(lib_a-nano-svfprintf.o)
                0x000000000800b1e4                _svfiprintf_r
                0x000000000800b1e4                _svfprintf_r
 .text.__sfputc_r
                0x000000000800b3d4       0x2e d:/stm32cubeide_1.1.0/stm32cubeide/plugins/com.st.stm32cube.ide.mcu.externaltools.gnu-tools-for-stm32.7-2018-q2-update.win32_1.0.0.201904181610/tools/bin/../lib/gcc/arm-none-eabi/7.3.1/../../../../arm-none-eabi/lib/thumb/v7e-m/fpv4-sp/hard\libc_nano.a(lib_a-nano-vfprintf.o)
 .text.__sfputs_r
                0x000000000800b402       0x24 d:/stm32cubeide_1.1.0/stm32cubeide/plugins/com.st.stm32cube.ide.mcu.externaltools.gnu-tools-for-stm32.7-2018-q2-update.win32_1.0.0.201904181610/tools/bin/../lib/gcc/arm-none-eabi/7.3.1/../../../../arm-none-eabi/lib/thumb/v7e-m/fpv4-sp/hard\libc_nano.a(lib_a-nano-vfprintf.o)
                0x000000000800b402                __sfputs_r
 *fill*         0x000000000800b426        0x2 
 .text._vfprintf_r
                0x000000000800b428      0x22c d:/stm32cubeide_1.1.0/stm32cubeide/plugins/com.st.stm32cube.ide.mcu.externaltools.gnu-tools-for-stm32.7-2018-q2-update.win32_1.0.0.201904181610/tools/bin/../lib/gcc/arm-none-eabi/7.3.1/../../../../arm-none-eabi/lib/thumb/v7e-m/fpv4-sp/hard\libc_nano.a(lib_a-nano-vfprintf.o)
                0x000000000800b428                _vfprintf_r
                0x000000000800b428                _vfiprintf_r
 .text._sbrk_r  0x000000000800b654       0x20 d:/stm32cubeide_1.1.0/stm32cubeide/plugins/com.st.stm32cube.ide.mcu.externaltools.gnu-tools-for-stm32.7-2018-q2-update.win32_1.0.0.201904181610/tools/bin/../lib/gcc/arm-none-eabi/7.3.1/../../../../arm-none-eabi/lib/thumb/v7e-m/fpv4-sp/hard\libc_nano.a(lib_a-sbrkr.o)
                0x000000000800b654                _sbrk_r
 .text.__sread  0x000000000800b674       0x22 d:/stm32cubeide_1.1.0/stm32cubeide/plugins/com.st.stm32cube.ide.mcu.externaltools.gnu-tools-for-stm32.7-2018-q2-update.win32_1.0.0.201904181610/tools/bin/../lib/gcc/arm-none-eabi/7.3.1/../../../../arm-none-eabi/lib/thumb/v7e-m/fpv4-sp/hard\libc_nano.a(lib_a-stdio.o)
                0x000000000800b674                __sread
 .text.__swrite
                0x000000000800b696       0x38 d:/stm32cubeide_1.1.0/stm32cubeide/plugins/com.st.stm32cube.ide.mcu.externaltools.gnu-tools-for-stm32.7-2018-q2-update.win32_1.0.0.201904181610/tools/bin/../lib/gcc/arm-none-eabi/7.3.1/../../../../arm-none-eabi/lib/thumb/v7e-m/fpv4-sp/hard\libc_nano.a(lib_a-stdio.o)
                0x000000000800b696                __swrite
 .text.__sseek  0x000000000800b6ce       0x24 d:/stm32cubeide_1.1.0/stm32cubeide/plugins/com.st.stm32cube.ide.mcu.externaltools.gnu-tools-for-stm32.7-2018-q2-update.win32_1.0.0.201904181610/tools/bin/../lib/gcc/arm-none-eabi/7.3.1/../../../../arm-none-eabi/lib/thumb/v7e-m/fpv4-sp/hard\libc_nano.a(lib_a-stdio.o)
                0x000000000800b6ce                __sseek
 .text.__sclose
                0x000000000800b6f2        0x8 d:/stm32cubeide_1.1.0/stm32cubeide/plugins/com.st.stm32cube.ide.mcu.externaltools.gnu-tools-for-stm32.7-2018-q2-update.win32_1.0.0.201904181610/tools/bin/../lib/gcc/arm-none-eabi/7.3.1/../../../../arm-none-eabi/lib/thumb/v7e-m/fpv4-sp/hard\libc_nano.a(lib_a-stdio.o)
                0x000000000800b6f2                __sclose
 .text.__ascii_wctomb
                0x000000000800b6fa       0x1a d:/stm32cubeide_1.1.0/stm32cubeide/plugins/com.st.stm32cube.ide.mcu.externaltools.gnu-tools-for-stm32.7-2018-q2-update.win32_1.0.0.201904181610/tools/bin/../lib/gcc/arm-none-eabi/7.3.1/../../../../arm-none-eabi/lib/thumb/v7e-m/fpv4-sp/hard\libc_nano.a(lib_a-wctomb_r.o)
                0x000000000800b6fa                __ascii_wctomb
 .text._write_r
                0x000000000800b714       0x24 d:/stm32cubeide_1.1.0/stm32cubeide/plugins/com.st.stm32cube.ide.mcu.externaltools.gnu-tools-for-stm32.7-2018-q2-update.win32_1.0.0.201904181610/tools/bin/../lib/gcc/arm-none-eabi/7.3.1/../../../../arm-none-eabi/lib/thumb/v7e-m/fpv4-sp/hard\libc_nano.a(lib_a-writer.o)
                0x000000000800b714                _write_r
 .text._close_r
                0x000000000800b738       0x20 d:/stm32cubeide_1.1.0/stm32cubeide/plugins/com.st.stm32cube.ide.mcu.externaltools.gnu-tools-for-stm32.7-2018-q2-update.win32_1.0.0.201904181610/tools/bin/../lib/gcc/arm-none-eabi/7.3.1/../../../../arm-none-eabi/lib/thumb/v7e-m/fpv4-sp/hard\libc_nano.a(lib_a-closer.o)
                0x000000000800b738                _close_r
 .text._fstat_r
                0x000000000800b758       0x24 d:/stm32cubeide_1.1.0/stm32cubeide/plugins/com.st.stm32cube.ide.mcu.externaltools.gnu-tools-for-stm32.7-2018-q2-update.win32_1.0.0.201904181610/tools/bin/../lib/gcc/arm-none-eabi/7.3.1/../../../../arm-none-eabi/lib/thumb/v7e-m/fpv4-sp/hard\libc_nano.a(lib_a-fstatr.o)
                0x000000000800b758                _fstat_r
 .text._isatty_r
                0x000000000800b77c       0x20 d:/stm32cubeide_1.1.0/stm32cubeide/plugins/com.st.stm32cube.ide.mcu.externaltools.gnu-tools-for-stm32.7-2018-q2-update.win32_1.0.0.201904181610/tools/bin/../lib/gcc/arm-none-eabi/7.3.1/../../../../arm-none-eabi/lib/thumb/v7e-m/fpv4-sp/hard\libc_nano.a(lib_a-isattyr.o)
                0x000000000800b77c                _isatty_r
 .text._lseek_r
                0x000000000800b79c       0x24 d:/stm32cubeide_1.1.0/stm32cubeide/plugins/com.st.stm32cube.ide.mcu.externaltools.gnu-tools-for-stm32.7-2018-q2-update.win32_1.0.0.201904181610/tools/bin/../lib/gcc/arm-none-eabi/7.3.1/../../../../arm-none-eabi/lib/thumb/v7e-m/fpv4-sp/hard\libc_nano.a(lib_a-lseekr.o)
                0x000000000800b79c                _lseek_r
 .text.memmove  0x000000000800b7c0       0x32 d:/stm32cubeide_1.1.0/stm32cubeide/plugins/com.st.stm32cube.ide.mcu.externaltools.gnu-tools-for-stm32.7-2018-q2-update.win32_1.0.0.201904181610/tools/bin/../lib/gcc/arm-none-eabi/7.3.1/../../../../arm-none-eabi/lib/thumb/v7e-m/fpv4-sp/hard\libc_nano.a(lib_a-memmove.o)
                0x000000000800b7c0                memmove
 .text.__malloc_lock
                0x000000000800b7f2        0x2 d:/stm32cubeide_1.1.0/stm32cubeide/plugins/com.st.stm32cube.ide.mcu.externaltools.gnu-tools-for-stm32.7-2018-q2-update.win32_1.0.0.201904181610/tools/bin/../lib/gcc/arm-none-eabi/7.3.1/../../../../arm-none-eabi/lib/thumb/v7e-m/fpv4-sp/hard\libc_nano.a(lib_a-mlock.o)
                0x000000000800b7f2                __malloc_lock
 .text.__malloc_unlock
                0x000000000800b7f4        0x2 d:/stm32cubeide_1.1.0/stm32cubeide/plugins/com.st.stm32cube.ide.mcu.externaltools.gnu-tools-for-stm32.7-2018-q2-update.win32_1.0.0.201904181610/tools/bin/../lib/gcc/arm-none-eabi/7.3.1/../../../../arm-none-eabi/lib/thumb/v7e-m/fpv4-sp/hard\libc_nano.a(lib_a-mlock.o)
                0x000000000800b7f4                __malloc_unlock
 .text._realloc_r
                0x000000000800b7f6       0x4c d:/stm32cubeide_1.1.0/stm32cubeide/plugins/com.st.stm32cube.ide.mcu.externaltools.gnu-tools-for-stm32.7-2018-q2-update.win32_1.0.0.201904181610/tools/bin/../lib/gcc/arm-none-eabi/7.3.1/../../../../arm-none-eabi/lib/thumb/v7e-m/fpv4-sp/hard\libc_nano.a(lib_a-nano-reallocr.o)
                0x000000000800b7f6                _realloc_r
 *fill*         0x000000000800b842        0x2 
 .text._read_r  0x000000000800b844       0x24 d:/stm32cubeide_1.1.0/stm32cubeide/plugins/com.st.stm32cube.ide.mcu.externaltools.gnu-tools-for-stm32.7-2018-q2-update.win32_1.0.0.201904181610/tools/bin/../lib/gcc/arm-none-eabi/7.3.1/../../../../arm-none-eabi/lib/thumb/v7e-m/fpv4-sp/hard\libc_nano.a(lib_a-readr.o)
                0x000000000800b844                _read_r
 .text._malloc_usable_size_r
                0x000000000800b868       0x10 d:/stm32cubeide_1.1.0/stm32cubeide/plugins/com.st.stm32cube.ide.mcu.externaltools.gnu-tools-for-stm32.7-2018-q2-update.win32_1.0.0.201904181610/tools/bin/../lib/gcc/arm-none-eabi/7.3.1/../../../../arm-none-eabi/lib/thumb/v7e-m/fpv4-sp/hard\libc_nano.a(lib_a-nano-msizer.o)
                0x000000000800b868                _malloc_usable_size_r
 *(.glue_7)
 .glue_7        0x000000000800b878        0x0 linker stubs
 *(.glue_7t)
 .glue_7t       0x000000000800b878        0x0 linker stubs
 *(.eh_frame)
 .eh_frame      0x000000000800b878        0x0 d:/stm32cubeide_1.1.0/stm32cubeide/plugins/com.st.stm32cube.ide.mcu.externaltools.gnu-tools-for-stm32.7-2018-q2-update.win32_1.0.0.201904181610/tools/bin/../lib/gcc/arm-none-eabi/7.3.1/thumb/v7e-m/fpv4-sp/hard/crtbegin.o
 *(.init)
 .init          0x000000000800b878        0x4 d:/stm32cubeide_1.1.0/stm32cubeide/plugins/com.st.stm32cube.ide.mcu.externaltools.gnu-tools-for-stm32.7-2018-q2-update.win32_1.0.0.201904181610/tools/bin/../lib/gcc/arm-none-eabi/7.3.1/thumb/v7e-m/fpv4-sp/hard/crti.o
                0x000000000800b878                _init
 .init          0x000000000800b87c        0x8 d:/stm32cubeide_1.1.0/stm32cubeide/plugins/com.st.stm32cube.ide.mcu.externaltools.gnu-tools-for-stm32.7-2018-q2-update.win32_1.0.0.201904181610/tools/bin/../lib/gcc/arm-none-eabi/7.3.1/thumb/v7e-m/fpv4-sp/hard/crtn.o
 *(.fini)
 .fini          0x000000000800b884        0x4 d:/stm32cubeide_1.1.0/stm32cubeide/plugins/com.st.stm32cube.ide.mcu.externaltools.gnu-tools-for-stm32.7-2018-q2-update.win32_1.0.0.201904181610/tools/bin/../lib/gcc/arm-none-eabi/7.3.1/thumb/v7e-m/fpv4-sp/hard/crti.o
                0x000000000800b884                _fini
 .fini          0x000000000800b888        0x8 d:/stm32cubeide_1.1.0/stm32cubeide/plugins/com.st.stm32cube.ide.mcu.externaltools.gnu-tools-for-stm32.7-2018-q2-update.win32_1.0.0.201904181610/tools/bin/../lib/gcc/arm-none-eabi/7.3.1/thumb/v7e-m/fpv4-sp/hard/crtn.o
                0x000000000800b890                . = ALIGN (0x4)
                0x000000000800b890                _etext = .

.vfp11_veneer   0x000000000800b890        0x0
 .vfp11_veneer  0x000000000800b890        0x0 linker stubs

.v4_bx          0x000000000800b890        0x0
 .v4_bx         0x000000000800b890        0x0 linker stubs

.iplt           0x000000000800b890        0x0
 .iplt          0x000000000800b890        0x0 d:/stm32cubeide_1.1.0/stm32cubeide/plugins/com.st.stm32cube.ide.mcu.externaltools.gnu-tools-for-stm32.7-2018-q2-update.win32_1.0.0.201904181610/tools/bin/../lib/gcc/arm-none-eabi/7.3.1/thumb/v7e-m/fpv4-sp/hard/crtbegin.o

.rodata         0x000000000800b890     0x1258
                0x000000000800b890                . = ALIGN (0x4)
 *(.rodata)
 .rodata        0x000000000800b890      0x2c0 Core/Src/main.o
 .rodata        0x000000000800bb50       0xc1 Core/Src/nbiot.o
 *fill*         0x000000000800bc11        0x3 
 .rodata        0x000000000800bc14       0x5c Core/Src/oled.o
 .rodata        0x000000000800bc70       0x33 Core/Src/usart.o
 *(.rodata*)
 *fill*         0x000000000800bca3        0x1 
 .rodata.F6x8   0x000000000800bca4      0x228 Core/Src/oled.o
                0x000000000800bca4                F6x8
 .rodata.F8X16  0x000000000800becc      0x5f0 Core/Src/oled.o
                0x000000000800becc                F8X16
 .rodata.F_Chx16
                0x000000000800c4bc      0x320 Core/Src/oled.o
                0x000000000800c4bc                F_Chx16
 .rodata.AHBPrescTable
                0x000000000800c7dc       0x10 Core/Src/system_stm32l4xx.o
                0x000000000800c7dc                AHBPrescTable
 .rodata.APBPrescTable
                0x000000000800c7ec        0x8 Core/Src/system_stm32l4xx.o
                0x000000000800c7ec                APBPrescTable
 .rodata.MSIRangeTable
                0x000000000800c7f4       0x30 Core/Src/system_stm32l4xx.o
                0x000000000800c7f4                MSIRangeTable
 .rodata._global_impure_ptr
                0x000000000800c824        0x4 d:/stm32cubeide_1.1.0/stm32cubeide/plugins/com.st.stm32cube.ide.mcu.externaltools.gnu-tools-for-stm32.7-2018-q2-update.win32_1.0.0.201904181610/tools/bin/../lib/gcc/arm-none-eabi/7.3.1/../../../../arm-none-eabi/lib/thumb/v7e-m/fpv4-sp/hard\libc_nano.a(lib_a-impure.o)
                0x000000000800c824                _global_impure_ptr
 .rodata._printf_float.str1.1
                0x000000000800c828       0x12 d:/stm32cubeide_1.1.0/stm32cubeide/plugins/com.st.stm32cube.ide.mcu.externaltools.gnu-tools-for-stm32.7-2018-q2-update.win32_1.0.0.201904181610/tools/bin/../lib/gcc/arm-none-eabi/7.3.1/../../../../arm-none-eabi/lib/thumb/v7e-m/fpv4-sp/hard\libc_nano.a(lib_a-nano-vfprintf_float.o)
 .rodata._printf_i.str1.1
                0x000000000800c83a       0x22 d:/stm32cubeide_1.1.0/stm32cubeide/plugins/com.st.stm32cube.ide.mcu.externaltools.gnu-tools-for-stm32.7-2018-q2-update.win32_1.0.0.201904181610/tools/bin/../lib/gcc/arm-none-eabi/7.3.1/../../../../arm-none-eabi/lib/thumb/v7e-m/fpv4-sp/hard\libc_nano.a(lib_a-nano-vfprintf_i.o)
 .rodata._dtoa_r.str1.1
                0x000000000800c85c        0xd d:/stm32cubeide_1.1.0/stm32cubeide/plugins/com.st.stm32cube.ide.mcu.externaltools.gnu-tools-for-stm32.7-2018-q2-update.win32_1.0.0.201904181610/tools/bin/../lib/gcc/arm-none-eabi/7.3.1/../../../../arm-none-eabi/lib/thumb/v7e-m/fpv4-sp/hard\libc_nano.a(lib_a-dtoa.o)
                                          0xf (size before relaxing)
 *fill*         0x000000000800c869        0x3 
 .rodata.__sf_fake_stderr
                0x000000000800c86c       0x20 d:/stm32cubeide_1.1.0/stm32cubeide/plugins/com.st.stm32cube.ide.mcu.externaltools.gnu-tools-for-stm32.7-2018-q2-update.win32_1.0.0.201904181610/tools/bin/../lib/gcc/arm-none-eabi/7.3.1/../../../../arm-none-eabi/lib/thumb/v7e-m/fpv4-sp/hard\libc_nano.a(lib_a-findfp.o)
                0x000000000800c86c                __sf_fake_stderr
 .rodata.__sf_fake_stdin
                0x000000000800c88c       0x20 d:/stm32cubeide_1.1.0/stm32cubeide/plugins/com.st.stm32cube.ide.mcu.externaltools.gnu-tools-for-stm32.7-2018-q2-update.win32_1.0.0.201904181610/tools/bin/../lib/gcc/arm-none-eabi/7.3.1/../../../../arm-none-eabi/lib/thumb/v7e-m/fpv4-sp/hard\libc_nano.a(lib_a-findfp.o)
                0x000000000800c88c                __sf_fake_stdin
 .rodata.__sf_fake_stdout
                0x000000000800c8ac       0x20 d:/stm32cubeide_1.1.0/stm32cubeide/plugins/com.st.stm32cube.ide.mcu.externaltools.gnu-tools-for-stm32.7-2018-q2-update.win32_1.0.0.201904181610/tools/bin/../lib/gcc/arm-none-eabi/7.3.1/../../../../arm-none-eabi/lib/thumb/v7e-m/fpv4-sp/hard\libc_nano.a(lib_a-findfp.o)
                0x000000000800c8ac                __sf_fake_stdout
 .rodata._setlocale_r.str1.1
                0x000000000800c8cc        0x8 d:/stm32cubeide_1.1.0/stm32cubeide/plugins/com.st.stm32cube.ide.mcu.externaltools.gnu-tools-for-stm32.7-2018-q2-update.win32_1.0.0.201904181610/tools/bin/../lib/gcc/arm-none-eabi/7.3.1/../../../../arm-none-eabi/lib/thumb/v7e-m/fpv4-sp/hard\libc_nano.a(lib_a-locale.o)
                                          0x9 (size before relaxing)
 .rodata.str1.1
                0x000000000800c8d4        0x2 d:/stm32cubeide_1.1.0/stm32cubeide/plugins/com.st.stm32cube.ide.mcu.externaltools.gnu-tools-for-stm32.7-2018-q2-update.win32_1.0.0.201904181610/tools/bin/../lib/gcc/arm-none-eabi/7.3.1/../../../../arm-none-eabi/lib/thumb/v7e-m/fpv4-sp/hard\libc_nano.a(lib_a-locale.o)
 *fill*         0x000000000800c8d6        0x2 
 .rodata.__mprec_bigtens
                0x000000000800c8d8       0x28 d:/stm32cubeide_1.1.0/stm32cubeide/plugins/com.st.stm32cube.ide.mcu.externaltools.gnu-tools-for-stm32.7-2018-q2-update.win32_1.0.0.201904181610/tools/bin/../lib/gcc/arm-none-eabi/7.3.1/../../../../arm-none-eabi/lib/thumb/v7e-m/fpv4-sp/hard\libc_nano.a(lib_a-mprec.o)
                0x000000000800c8d8                __mprec_bigtens
 .rodata.__mprec_tens
                0x000000000800c900       0xc8 d:/stm32cubeide_1.1.0/stm32cubeide/plugins/com.st.stm32cube.ide.mcu.externaltools.gnu-tools-for-stm32.7-2018-q2-update.win32_1.0.0.201904181610/tools/bin/../lib/gcc/arm-none-eabi/7.3.1/../../../../arm-none-eabi/lib/thumb/v7e-m/fpv4-sp/hard\libc_nano.a(lib_a-mprec.o)
                0x000000000800c900                __mprec_tens
 .rodata.p05.7359
                0x000000000800c9c8        0xc d:/stm32cubeide_1.1.0/stm32cubeide/plugins/com.st.stm32cube.ide.mcu.externaltools.gnu-tools-for-stm32.7-2018-q2-update.win32_1.0.0.201904181610/tools/bin/../lib/gcc/arm-none-eabi/7.3.1/../../../../arm-none-eabi/lib/thumb/v7e-m/fpv4-sp/hard\libc_nano.a(lib_a-mprec.o)
 .rodata._svfprintf_r.str1.1
                0x000000000800c9d4       0x11 d:/stm32cubeide_1.1.0/stm32cubeide/plugins/com.st.stm32cube.ide.mcu.externaltools.gnu-tools-for-stm32.7-2018-q2-update.win32_1.0.0.201904181610/tools/bin/../lib/gcc/arm-none-eabi/7.3.1/../../../../arm-none-eabi/lib/thumb/v7e-m/fpv4-sp/hard\libc_nano.a(lib_a-nano-svfprintf.o)
 .rodata._vfprintf_r.str1.1
                0x000000000800c9e5       0x11 d:/stm32cubeide_1.1.0/stm32cubeide/plugins/com.st.stm32cube.ide.mcu.externaltools.gnu-tools-for-stm32.7-2018-q2-update.win32_1.0.0.201904181610/tools/bin/../lib/gcc/arm-none-eabi/7.3.1/../../../../arm-none-eabi/lib/thumb/v7e-m/fpv4-sp/hard\libc_nano.a(lib_a-nano-vfprintf.o)
 .rodata._ctype_
                0x000000000800c9e5      0x101 d:/stm32cubeide_1.1.0/stm32cubeide/plugins/com.st.stm32cube.ide.mcu.externaltools.gnu-tools-for-stm32.7-2018-q2-update.win32_1.0.0.201904181610/tools/bin/../lib/gcc/arm-none-eabi/7.3.1/../../../../arm-none-eabi/lib/thumb/v7e-m/fpv4-sp/hard\libc_nano.a(lib_a-ctype_.o)
                0x000000000800c9e5                _ctype_
                0x000000000800cae8                . = ALIGN (0x4)
 *fill*         0x000000000800cae6        0x2 

.ARM.extab      0x000000000800cae8        0x0
                0x000000000800cae8                . = ALIGN (0x4)
 *(.ARM.extab* .gnu.linkonce.armextab.*)
                0x000000000800cae8                . = ALIGN (0x4)

.ARM            0x000000000800cae8        0x8
                0x000000000800cae8                . = ALIGN (0x4)
                0x000000000800cae8                __exidx_start = .
 *(.ARM.exidx*)
 .ARM.exidx     0x000000000800cae8        0x8 d:/stm32cubeide_1.1.0/stm32cubeide/plugins/com.st.stm32cube.ide.mcu.externaltools.gnu-tools-for-stm32.7-2018-q2-update.win32_1.0.0.201904181610/tools/bin/../lib/gcc/arm-none-eabi/7.3.1/thumb/v7e-m/fpv4-sp/hard\libgcc.a(_udivmoddi4.o)
                0x000000000800caf0                __exidx_end = .
                0x000000000800caf0                . = ALIGN (0x4)

.rel.dyn        0x000000000800caf0        0x0
 .rel.iplt      0x000000000800caf0        0x0 d:/stm32cubeide_1.1.0/stm32cubeide/plugins/com.st.stm32cube.ide.mcu.externaltools.gnu-tools-for-stm32.7-2018-q2-update.win32_1.0.0.201904181610/tools/bin/../lib/gcc/arm-none-eabi/7.3.1/thumb/v7e-m/fpv4-sp/hard/crtbegin.o

.preinit_array  0x000000000800caf0        0x0
                0x000000000800caf0                . = ALIGN (0x4)
                0x000000000800caf0                PROVIDE (__preinit_array_start = .)
 *(.preinit_array*)
                0x000000000800caf0                PROVIDE (__preinit_array_end = .)
                0x000000000800caf0                . = ALIGN (0x4)

.init_array     0x000000000800caf0        0x4
                0x000000000800caf0                . = ALIGN (0x4)
                0x000000000800caf0                PROVIDE (__init_array_start = .)
 *(SORT_BY_NAME(.init_array.*))
 *(.init_array*)
 .init_array    0x000000000800caf0        0x4 d:/stm32cubeide_1.1.0/stm32cubeide/plugins/com.st.stm32cube.ide.mcu.externaltools.gnu-tools-for-stm32.7-2018-q2-update.win32_1.0.0.201904181610/tools/bin/../lib/gcc/arm-none-eabi/7.3.1/thumb/v7e-m/fpv4-sp/hard/crtbegin.o
                0x000000000800caf4                PROVIDE (__init_array_end = .)
                0x000000000800caf4                . = ALIGN (0x4)

.fini_array     0x000000000800caf4        0x4
                0x000000000800caf4                . = ALIGN (0x4)
                [!provide]                        PROVIDE (__fini_array_start = .)
 *(SORT_BY_NAME(.fini_array.*))
 *(.fini_array*)
 .fini_array    0x000000000800caf4        0x4 d:/stm32cubeide_1.1.0/stm32cubeide/plugins/com.st.stm32cube.ide.mcu.externaltools.gnu-tools-for-stm32.7-2018-q2-update.win32_1.0.0.201904181610/tools/bin/../lib/gcc/arm-none-eabi/7.3.1/thumb/v7e-m/fpv4-sp/hard/crtbegin.o
                [!provide]                        PROVIDE (__fini_array_end = .)
                0x000000000800caf8                . = ALIGN (0x4)
                0x000000000800caf8                _sidata = LOADADDR (.data)

.data           0x0000000020000000      0x3dc load address 0x000000000800caf8
                0x0000000020000000                . = ALIGN (0x4)
                0x0000000020000000                _sdata = .
 *(.data)
 *(.data*)
 .data.NBIOT_BMP
                0x0000000020000000      0x200 Core/Src/oled.o
                0x0000000020000000                NBIOT_BMP
 .data.SystemCoreClock
                0x0000000020000200        0x4 Core/Src/system_stm32l4xx.o
                0x0000000020000200                SystemCoreClock
 .data.uwTickPrio
                0x0000000020000204        0x4 Drivers/STM32L4xx_HAL_Driver/Src/stm32l4xx_hal.o
                0x0000000020000204                uwTickPrio
 .data.uwTickFreq
                0x0000000020000208        0x4 Drivers/STM32L4xx_HAL_Driver/Src/stm32l4xx_hal.o
                0x0000000020000208                uwTickFreq
 .data._impure_ptr
                0x000000002000020c        0x4 d:/stm32cubeide_1.1.0/stm32cubeide/plugins/com.st.stm32cube.ide.mcu.externaltools.gnu-tools-for-stm32.7-2018-q2-update.win32_1.0.0.201904181610/tools/bin/../lib/gcc/arm-none-eabi/7.3.1/../../../../arm-none-eabi/lib/thumb/v7e-m/fpv4-sp/hard\libc_nano.a(lib_a-impure.o)
                0x000000002000020c                _impure_ptr
 .data.impure_data
                0x0000000020000210       0x60 d:/stm32cubeide_1.1.0/stm32cubeide/plugins/com.st.stm32cube.ide.mcu.externaltools.gnu-tools-for-stm32.7-2018-q2-update.win32_1.0.0.201904181610/tools/bin/../lib/gcc/arm-none-eabi/7.3.1/../../../../arm-none-eabi/lib/thumb/v7e-m/fpv4-sp/hard\libc_nano.a(lib_a-impure.o)
 .data.__global_locale
                0x0000000020000270      0x16c d:/stm32cubeide_1.1.0/stm32cubeide/plugins/com.st.stm32cube.ide.mcu.externaltools.gnu-tools-for-stm32.7-2018-q2-update.win32_1.0.0.201904181610/tools/bin/../lib/gcc/arm-none-eabi/7.3.1/../../../../arm-none-eabi/lib/thumb/v7e-m/fpv4-sp/hard\libc_nano.a(lib_a-locale.o)
                0x0000000020000270                __global_locale
                0x00000000200003dc                . = ALIGN (0x4)
                0x00000000200003dc                _edata = .

.igot.plt       0x00000000200003dc        0x0 load address 0x000000000800ced4
 .igot.plt      0x00000000200003dc        0x0 d:/stm32cubeide_1.1.0/stm32cubeide/plugins/com.st.stm32cube.ide.mcu.externaltools.gnu-tools-for-stm32.7-2018-q2-update.win32_1.0.0.201904181610/tools/bin/../lib/gcc/arm-none-eabi/7.3.1/thumb/v7e-m/fpv4-sp/hard/crtbegin.o
                0x00000000200003dc                . = ALIGN (0x4)

.bss            0x00000000200003dc      0x738 load address 0x000000000800ced4
                0x00000000200003dc                _sbss = .
                0x00000000200003dc                __bss_start__ = _sbss
 *(.bss)
 .bss           0x00000000200003dc       0x1c d:/stm32cubeide_1.1.0/stm32cubeide/plugins/com.st.stm32cube.ide.mcu.externaltools.gnu-tools-for-stm32.7-2018-q2-update.win32_1.0.0.201904181610/tools/bin/../lib/gcc/arm-none-eabi/7.3.1/thumb/v7e-m/fpv4-sp/hard/crtbegin.o
 *(.bss*)
 .bss.ausAdcDataBuf.10487
                0x00000000200003f8        0x6 Core/Src/adc.o
 .bss.key1      0x00000000200003fe        0x1 Core/Src/gpio.o
                0x00000000200003fe                key1
 .bss.key2      0x00000000200003ff        0x1 Core/Src/gpio.o
                0x00000000200003ff                key2
 .bss.acDevInfo
                0x0000000020000400       0x80 Core/Src/main.o
                0x0000000020000400                acDevInfo
 .bss.acHexBuf  0x0000000020000480      0x100 Core/Src/main.o
                0x0000000020000480                acHexBuf
 .bss.acAtBuf   0x0000000020000580      0x200 Core/Src/main.o
                0x0000000020000580                acAtBuf
 .bss.acUserCmd
                0x0000000020000780       0x40 Core/Src/main.o
                0x0000000020000780                acUserCmd
 .bss.heap_end.6424
                0x00000000200007c0        0x4 Core/Src/sysmem.o
 .bss.ucUart3Ch
                0x00000000200007c4        0x1 Core/Src/usart.o
                0x00000000200007c4                ucUart3Ch
 *fill*         0x00000000200007c5        0x3 
 .bss.aucUsart3_Rev_Buf
                0x00000000200007c8      0x100 Core/Src/usart.o
                0x00000000200007c8                aucUsart3_Rev_Buf
 .bss.ucUsart3_In
                0x00000000200008c8        0x1 Core/Src/usart.o
                0x00000000200008c8                ucUsart3_In
 .bss.ucUsart3_Out
                0x00000000200008c9        0x1 Core/Src/usart.o
                0x00000000200008c9                ucUsart3_Out
 *fill*         0x00000000200008ca        0x2 
 .bss.__malloc_free_list
                0x00000000200008cc        0x4 d:/stm32cubeide_1.1.0/stm32cubeide/plugins/com.st.stm32cube.ide.mcu.externaltools.gnu-tools-for-stm32.7-2018-q2-update.win32_1.0.0.201904181610/tools/bin/../lib/gcc/arm-none-eabi/7.3.1/../../../../arm-none-eabi/lib/thumb/v7e-m/fpv4-sp/hard\libc_nano.a(lib_a-nano-mallocr.o)
                0x00000000200008cc                __malloc_free_list
 .bss.__malloc_sbrk_start
                0x00000000200008d0        0x4 d:/stm32cubeide_1.1.0/stm32cubeide/plugins/com.st.stm32cube.ide.mcu.externaltools.gnu-tools-for-stm32.7-2018-q2-update.win32_1.0.0.201904181610/tools/bin/../lib/gcc/arm-none-eabi/7.3.1/../../../../arm-none-eabi/lib/thumb/v7e-m/fpv4-sp/hard\libc_nano.a(lib_a-nano-mallocr.o)
                0x00000000200008d0                __malloc_sbrk_start
 *(COMMON)
 COMMON         0x00000000200008d4       0xac Core/Src/adc.o
                0x00000000200008d4                hadc1
                0x0000000020000938                hdma_adc1
 COMMON         0x0000000020000980       0x4c Core/Src/i2c.o
                0x0000000020000980                hi2c2
 COMMON         0x00000000200009cc       0x40 Core/Src/tim.o
                0x00000000200009cc                htim2
 COMMON         0x0000000020000a0c      0x100 Core/Src/usart.o
                0x0000000020000a0c                huart3
                0x0000000020000a8c                huart1
 COMMON         0x0000000020000b0c        0x4 Drivers/STM32L4xx_HAL_Driver/Src/stm32l4xx_hal.o
                0x0000000020000b0c                uwTick
 COMMON         0x0000000020000b10        0x4 d:/stm32cubeide_1.1.0/stm32cubeide/plugins/com.st.stm32cube.ide.mcu.externaltools.gnu-tools-for-stm32.7-2018-q2-update.win32_1.0.0.201904181610/tools/bin/../lib/gcc/arm-none-eabi/7.3.1/../../../../arm-none-eabi/lib/thumb/v7e-m/fpv4-sp/hard\libc_nano.a(lib_a-reent.o)
                0x0000000020000b10                errno
                0x0000000020000b14                . = ALIGN (0x4)
                0x0000000020000b14                _ebss = .
                0x0000000020000b14                __bss_end__ = _ebss

._user_heap_stack
                0x0000000020000b14      0x604 load address 0x000000000800ced4
                0x0000000020000b18                . = ALIGN (0x8)
 *fill*         0x0000000020000b14        0x4 