oled.c:20:6:IIC_Start	8	static
oled.c:31:6:IIC_Stop	8	static
oled.c:38:6:IIC_Wait_Ack	8	static
oled.c:47:6:Write_IIC_Byte	16	static
oled.c:71:6:Write_IIC_Command	24	static
oled.c:231:6:OLED_ShowString.constprop	48	static
oled.c:231:6:OLED_ShowString.constprop	64	static
oled.c:246:6:OLED_ShowCHinese.constprop	48	static
oled.c:85:6:Write_IIC_Data	24	static
oled.c:96:6:OLED_WR_Byte	0	static
oled.c:112:6:fill_picture	32	static
oled.c:128:6:OLED_Set_Pos	8	static
oled.c:135:6:OLED_Display_On	8	static
oled.c:142:6:OLED_Display_Off	8	static
oled.c:149:6:OLED_Clear	24	static
oled.c:161:6:OLED_On	24	static
oled.c:177:6:OLED_ShowChar	40	static
oled.c:199:10:oled_pow	0	static
oled.c:211:6:OLED_ShowNum	56	static
oled.c:231:6:OLED_ShowString	56	static
oled.c:246:6:OLED_ShowCHinese	56	static
oled.c:263:6:OLED_DrawBMP	64	static
oled.c:281:6:OLED_Init	8	static
oled.c:323:6:OLED_DrawLogo	48	static
oled.c:328:6:OLED_ShowKE1	8	static
oled.c:342:6:OLED_ShowT_H	56	static
oled.c:357:6:OLED_ShowVoltage	40	static
oled.c:373:6:OLED_ShowS_L	48	static
oled.c:390:6:OLED_ShowInRegister	24	static
oled.c:406:6:OLED_ShowRegisterOK	8	static
oled.c:423:6:OLED_Show_UP_Flag	0	static
oled.c:434:6:OLED_Show_Note	64	static
