Archive member included to satisfy reference by file (symbol)

d:/stm32cubeide_1.1.0/stm32cubeide/plugins/com.st.stm32cube.ide.mcu.externaltools.gnu-tools-for-stm32.7-2018-q2-update.win32_1.0.0.201904181610/tools/bin/../lib/gcc/arm-none-eabi/7.3.1/../../../../arm-none-eabi/lib/thumb/v7e-m/fpv4-sp/hard\libc_nano.a(lib_a-atoi.o)
                              Core/Src/main.o (atoi)
d:/stm32cubeide_1.1.0/stm32cubeide/plugins/com.st.stm32cube.ide.mcu.externaltools.gnu-tools-for-stm32.7-2018-q2-update.win32_1.0.0.201904181610/tools/bin/../lib/gcc/arm-none-eabi/7.3.1/../../../../arm-none-eabi/lib/thumb/v7e-m/fpv4-sp/hard\libc_nano.a(lib_a-errno.o)
                              Core/Src/syscalls.o (__errno)
d:/stm32cubeide_1.1.0/stm32cubeide/plugins/com.st.stm32cube.ide.mcu.externaltools.gnu-tools-for-stm32.7-2018-q2-update.win32_1.0.0.201904181610/tools/bin/../lib/gcc/arm-none-eabi/7.3.1/../../../../arm-none-eabi/lib/thumb/v7e-m/fpv4-sp/hard\libc_nano.a(lib_a-exit.o)
                              d:/stm32cubeide_1.1.0/stm32cubeide/plugins/com.st.stm32cube.ide.mcu.externaltools.gnu-tools-for-stm32.7-2018-q2-update.win32_1.0.0.201904181610/tools/bin/../lib/gcc/arm-none-eabi/7.3.1/../../../../arm-none-eabi/lib/thumb/v7e-m/fpv4-sp/hard/crt0.o (exit)
d:/stm32cubeide_1.1.0/stm32cubeide/plugins/com.st.stm32cube.ide.mcu.externaltools.gnu-tools-for-stm32.7-2018-q2-update.win32_1.0.0.201904181610/tools/bin/../lib/gcc/arm-none-eabi/7.3.1/../../../../arm-none-eabi/lib/thumb/v7e-m/fpv4-sp/hard\libc_nano.a(lib_a-impure.o)
                              d:/stm32cubeide_1.1.0/stm32cubeide/plugins/com.st.stm32cube.ide.mcu.externaltools.gnu-tools-for-stm32.7-2018-q2-update.win32_1.0.0.201904181610/tools/bin/../lib/gcc/arm-none-eabi/7.3.1/../../../../arm-none-eabi/lib/thumb/v7e-m/fpv4-sp/hard\libc_nano.a(lib_a-exit.o) (_global_impure_ptr)
d:/stm32cubeide_1.1.0/stm32cubeide/plugins/com.st.stm32cube.ide.mcu.externaltools.gnu-tools-for-stm32.7-2018-q2-update.win32_1.0.0.201904181610/tools/bin/../lib/gcc/arm-none-eabi/7.3.1/../../../../arm-none-eabi/lib/thumb/v7e-m/fpv4-sp/hard\libc_nano.a(lib_a-init.o)
                              d:/stm32cubeide_1.1.0/stm32cubeide/plugins/com.st.stm32cube.ide.mcu.externaltools.gnu-tools-for-stm32.7-2018-q2-update.win32_1.0.0.201904181610/tools/bin/../lib/gcc/arm-none-eabi/7.3.1/../../../../arm-none-eabi/lib/thumb/v7e-m/fpv4-sp/hard/crt0.o (__libc_init_array)
d:/stm32cubeide_1.1.0/stm32cubeide/plugins/com.st.stm32cube.ide.mcu.externaltools.gnu-tools-for-stm32.7-2018-q2-update.win32_1.0.0.201904181610/tools/bin/../lib/gcc/arm-none-eabi/7.3.1/../../../../arm-none-eabi/lib/thumb/v7e-m/fpv4-sp/hard\libc_nano.a(lib_a-memcpy-stub.o)
                              Core/Src/oled.o (memcpy)
d:/stm32cubeide_1.1.0/stm32cubeide/plugins/com.st.stm32cube.ide.mcu.externaltools.gnu-tools-for-stm32.7-2018-q2-update.win32_1.0.0.201904181610/tools/bin/../lib/gcc/arm-none-eabi/7.3.1/../../../../arm-none-eabi/lib/thumb/v7e-m/fpv4-sp/hard\libc_nano.a(lib_a-memset.o)
                              d:/stm32cubeide_1.1.0/stm32cubeide/plugins/com.st.stm32cube.ide.mcu.externaltools.gnu-tools-for-stm32.7-2018-q2-update.win32_1.0.0.201904181610/tools/bin/../lib/gcc/arm-none-eabi/7.3.1/../../../../arm-none-eabi/lib/thumb/v7e-m/fpv4-sp/hard/crt0.o (memset)
d:/stm32cubeide_1.1.0/stm32cubeide/plugins/com.st.stm32cube.ide.mcu.externaltools.gnu-tools-for-stm32.7-2018-q2-update.win32_1.0.0.201904181610/tools/bin/../lib/gcc/arm-none-eabi/7.3.1/../../../../arm-none-eabi/lib/thumb/v7e-m/fpv4-sp/hard\libc_nano.a(lib_a-nano-vfprintf_float.o)
                              (_printf_float)
d:/stm32cubeide_1.1.0/stm32cubeide/plugins/com.st.stm32cube.ide.mcu.externaltools.gnu-tools-for-stm32.7-2018-q2-update.win32_1.0.0.201904181610/tools/bin/../lib/gcc/arm-none-eabi/7.3.1/../../../../arm-none-eabi/lib/thumb/v7e-m/fpv4-sp/hard\libc_nano.a(lib_a-nano-vfprintf_i.o)
                              d:/stm32cubeide_1.1.0/stm32cubeide/plugins/com.st.stm32cube.ide.mcu.externaltools.gnu-tools-for-stm32.7-2018-q2-update.win32_1.0.0.201904181610/tools/bin/../lib/gcc/arm-none-eabi/7.3.1/../../../../arm-none-eabi/lib/thumb/v7e-m/fpv4-sp/hard\libc_nano.a(lib_a-nano-vfprintf_float.o) (_printf_common)
d:/stm32cubeide_1.1.0/stm32cubeide/plugins/com.st.stm32cube.ide.mcu.externaltools.gnu-tools-for-stm32.7-2018-q2-update.win32_1.0.0.201904181610/tools/bin/../lib/gcc/arm-none-eabi/7.3.1/../../../../arm-none-eabi/lib/thumb/v7e-m/fpv4-sp/hard\libc_nano.a(lib_a-printf.o)
                              Core/Src/main.o (printf)
d:/stm32cubeide_1.1.0/stm32cubeide/plugins/com.st.stm32cube.ide.mcu.externaltools.gnu-tools-for-stm32.7-2018-q2-update.win32_1.0.0.201904181610/tools/bin/../lib/gcc/arm-none-eabi/7.3.1/../../../../arm-none-eabi/lib/thumb/v7e-m/fpv4-sp/hard\libc_nano.a(lib_a-puts.o)
                              Core/Src/main.o (puts)
[...]
Memory Configuration

Name             Origin             Length             Attributes
RAM              0x0000000020000000 0x0000000000010000 xrw
FLASH            0x0000000008000000 0x0000000000040000 xr
*default*        0x0000000000000000 0xffffffffffffffff

Linker script and memory map

LOAD d:/stm32cubeide_1.1.0/stm32cubeide/plugins/com.st.stm32cube.ide.mcu.externaltools.gnu-tools-for-stm32.7-2018-q2-update.win32_1.0.0.201904181610/tools/bin/../lib/gcc/arm-none-eabi/7.3.1/thumb/v7e-m/fpv4-sp/hard/crti.o
LOAD d:/stm32cubeide_1.1.0/stm32cubeide/plugins/com.st.stm32cube.ide.mcu.externaltools.gnu-tools-for-stm32.7-2018-q2-update.win32_1.0.0.201904181610/tools/bin/../lib/gcc/arm-none-eabi/7.3.1/thumb/v7e-m/fpv4-sp/hard/crtbegin.o
LOAD d:/stm32cubeide_1.1.0/stm32cubeide/plugins/com.st.stm32cube.ide.mcu.externaltools.gnu-tools-for-stm32.7-2018-q2-update.win32_1.0.0.201904181610/tools/bin/../lib/gcc/arm-none-eabi/7.3.1/../../../../arm-none-eabi/lib/thumb/v7e-m/fpv4-sp/hard/crt0.o
LOAD Core/Src/adc.o
LOAD Core/Src/dma.o
LOAD Core/Src/gpio.o
LOAD Core/Src/i2c.o
LOAD Core/Src/main.o
LOAD Core/Src/nbiot.o
LOAD Core/Src/oled.o
LOAD Core/Src/stm32l4xx_hal_msp.o
LOAD Core/Src/stm32l4xx_it.o
LOAD Core/Src/sys.o
LOAD Core/Src/syscalls.o
LOAD Core/Src/sysmem.o
LOAD Core/Src/system_stm32l4xx.o
LOAD Core/Src/tim.o
LOAD Core/Src/usart.o
LOAD Core/Startup/startup_stm32l433cctx.o
LOAD Drivers/STM32L4xx_HAL_Driver/Src/stm32l4xx_hal.o
LOAD Drivers/STM32L4xx_HAL_Driver/Src/stm32l4xx_hal_adc.o
LOAD Drivers/STM32L4xx_HAL_Driver/Src/stm32l4xx_hal_adc_ex.o
LOAD Drivers/STM32L4xx_HAL_Driver/Src/stm32l4xx_hal_cortex.o
LOAD Drivers/STM32L4xx_HAL_Driver/Src/stm32l4xx_hal_dma.o
LOAD Drivers/STM32L4xx_HAL_Driver/Src/stm32l4xx_hal_dma_ex.o
LOAD Drivers/STM32L4xx_HAL_Driver/Src/stm32l4xx_hal_exti.o
LOAD Drivers/STM32L4xx_HAL_Driver/Src/stm32l4xx_hal_flash.o
LOAD Drivers/STM32L4xx_HAL_Driver/Src/stm32l4xx_hal_flash_ex.o
LOAD Drivers/STM32L4xx_HAL_Driver/Src/stm32l4xx_hal_flash_ramfunc.o
LOAD Drivers/STM32L4xx_HAL_Driver/Src/stm32l4xx_hal_gpio.o
LOAD Drivers/STM32L4xx_HAL_Driver/Src/stm32l4xx_hal_i2c.o
LOAD Drivers/STM32L4xx_HAL_Driver/Src/stm32l4xx_hal_i2c_ex.o
LOAD Drivers/STM32L4xx_HAL_Driver/Src/stm32l4xx_hal_pwr.o
LOAD Drivers/STM32L4xx_HAL_Driver/Src/stm32l4xx_hal_pwr_ex.o
LOAD Drivers/STM32L4xx_HAL_Driver/Src/stm32l4xx_hal_rcc.o
LOAD Drivers/STM32L4xx_HAL_Driver/Src/stm32l4xx_hal_rcc_ex.o
LOAD Drivers/STM32L4xx_HAL_Driver/Src/stm32l4xx_hal_tim.o
LOAD Drivers/STM32L4xx_HAL_Driver/Src/stm32l4xx_hal_tim_ex.o
LOAD Drivers/STM32L4xx_HAL_Driver/Src/stm32l4xx_hal_uart.o
LOAD Drivers/STM32L4xx_HAL_Driver/Src/stm32l4xx_hal_uart_ex.o
START GROUP
LOAD d:/stm32cubeide_1.1.0/stm32cubeide/plugins/com.st.stm32cube.ide.mcu.externaltools.gnu-tools-for-stm32.7-2018-q2-update.win32_1.0.0.201904181610/tools/bin/../lib/gcc/arm-none-eabi/7.3.1/../../../../arm-none-eabi/lib/thumb/v7e-m/fpv4-sp/hard\libc_nano.a
LOAD d:/stm32cubeide_1.1.0/stm32cubeide/plugins/com.st.stm32cube.ide.mcu.externaltools.gnu-tools-for-stm32.7-2018-q2-update.win32_1.0.0.201904181610/tools/bin/../lib/gcc/arm-none-eabi/7.3.1/../../../../arm-none-eabi/lib/thumb/v7e-m/fpv4-sp/hard\libm.a
END GROUP
START GROUP
LOAD d:/stm32cubeide_1.1.0/stm32cubeide/plugins/com.st.stm32cube.ide.mcu.externaltools.gnu-tools-for-stm32.7-2018-q2-update.win32_1.0.0.201904181610/tools/bin/../lib/gcc/arm-none-eabi/7.3.1/thumb/v7e-m/fpv4-sp/hard\libgcc.a
LOAD d:/stm32cubeide_1.1.0/stm32cubeide/plugins/com.st.stm32cube.ide.mcu.externaltools.gnu-tools-for-stm32.7-2018-q2-update.win32_1.0.0.201904181610/tools/bin/../lib/gcc/arm-none-eabi/7.3.1/../../../../arm-none-eabi/lib/thumb/v7e-m/fpv4-sp/hard\libc_nano.a
END GROUP
START GROUP
LOAD d:/stm32cubeide_1.1.0/stm32cubeide/plugins/com.st.stm32cube.ide.mcu.externaltools.gnu-tools-for-stm32.7-2018-q2-update.win32_1.0.0.201904181610/tools/bin/../lib/gcc/arm-none-eabi/7.3.1/thumb/v7e-m/fpv4-sp/hard\libgcc.a
LOAD d:/stm32cubeide_1.1.0/stm32cubeide/plugins/com.st.stm32cube.ide.mcu.externaltools.gnu-tools-for-stm32.7-2018-q2-update.win32_1.0.0.201904181610/tools/bin/../lib/gcc/arm-none-eabi/7.3.1/../../../../arm-none-eabi/lib/thumb/v7e-m/fpv4-sp/hard\libc_nano.a
LOAD d:/stm32cubeide_1.1.0/stm32cubeide/plugins/com.st.stm32cube.ide.mcu.externaltools.gnu-tools-for-stm32.7-2018-q2-update.win32_1.0.0.201904181610/tools/bin/../lib/gcc/arm-none-eabi/7.3.1/../../../../arm-none-eabi/lib/thumb/v7e-m/fpv4-sp/hard\libnosys.a
END GROUP
START GROUP
LOAD d:/stm32cubeide_1.1.0/stm32cubeide/plugins/com.st.stm32cube.ide.mcu.externaltools.gnu-tools-for-stm32.7-2018-q2-update.win32_1.0.0.201904181610/tools/bin/../lib/gcc/arm-none-eabi/7.3.1/thumb/v7e-m/fpv4-sp/hard\libgcc.a
LOAD d:/stm32cubeide_1.1.0/stm32cubeide/plugins/com.st.stm32cube.ide.mcu.externaltools.gnu-tools-for-stm32.7-2018-q2-update.win32_1.0.0.201904181610/tools/bin/../lib/gcc/arm-none-eabi/7.3.1/../../../../arm-none-eabi/lib/thumb/v7e-m/fpv4-sp/hard\libc_nano.a
LOAD d:/stm32cubeide_1.1.0/stm32cubeide/plugins/com.st.stm32cube.ide.mcu.externaltools.gnu-tools-for-stm32.7-2018-q2-update.win32_1.0.0.201904181610/tools/bin/../lib/gcc/arm-none-eabi/7.3.1/../../../../arm-none-eabi/lib/thumb/v7e-m/fpv4-sp/hard\libnosys.a
END GROUP
LOAD d:/stm32cubeide_1.1.0/stm32cubeide/plugins/com.st.stm32cube.ide.mcu.externaltools.gnu-tools-for-stm32.7-2018-q2-update.win32_1.0.0.201904181610/tools/bin/../lib/gcc/arm-none-eabi/7.3.1/thumb/v7e-m/fpv4-sp/hard/crtend.o
LOAD d:/stm32cubeide_1.1.0/stm32cubeide/plugins/com.st.stm32cube.ide.mcu.externaltools.gnu-tools-for-stm32.7-2018-q2-update.win32_1.0.0.201904181610/tools/bin/../lib/gcc/arm-none-eabi/7.3.1/thumb/v7e-m/fpv4-sp/hard/crtn.o
                0x0000000020010000                _estack = (ORIGIN (RAM) + LENGTH (RAM))
                0x0000000000000200                _Min_Heap_Size = 0x200
                0x0000000000000400                _Min_Stack_Size = 0x400

.isr_vector     0x0000000008000000      0x18c
                0x0000000008000000                . = ALIGN (0x4)
 *(.isr_vector)
 .isr_vector    0x0000000008000000      0x18c Core/Startup/startup_stm32l433cctx.o
                0x0000000008000000                g_pfnVectors
                0x000000000800018c                . = ALIGN (0x4)

.text           0x0000000008000190     0x9798
                0x0000000008000190                . = ALIGN (0x4)
 *(.text)
 .text          0x0000000008000190       0x40 d:/stm32cubeide_1.1.0/stm32cubeide/plugins/com.st.stm32cube.ide.mcu.externaltools.gnu-tools-for-stm32.7-2018-q2-update.win32_1.0.0.201904181610/tools/bin/../lib/gcc/arm-none-eabi/7.3.1/thumb/v7e-m/fpv4-sp/hard/crtbegin.o
 .text          0x00000000080001d0       0x10 d:/stm32cubeide_1.1.0/stm32cubeide/plugins/com.st.stm32cube.ide.mcu.externaltools.gnu-tools-for-stm32.7-2018-q2-update.win32_1.0.0.201904181610/tools/bin/../lib/gcc/arm-none-eabi/7.3.1/../../../../arm-none-eabi/lib/thumb/v7e-m/fpv4-sp/hard\libc_nano.a(lib_a-strlen.o)
                0x00000000080001d0                strlen
 .text          0x00000000080001e0       0xa0 d:/stm32cubeide_1.1.0/stm32cubeide/plugins/com.st.stm32cube.ide.mcu.externaltools.gnu-tools-for-stm32.7-2018-q2-update.win32_1.0.0.201904181610/tools/bin/../lib/gcc/arm-none-eabi/7.3.1/../../../../arm-none-eabi/lib/thumb/v7e-m/fpv4-sp/hard\libc_nano.a(lib_a-memchr.o)
                0x00000000080001e0                memchr
 .text          0x0000000008000280      0x378 d:/stm32cubeide_1.1.0/stm32cubeide/plugins/com.st.stm32cube.ide.mcu.externaltools.gnu-tools-for-stm32.7-2018-q2-update.win32_1.0.0.201904181610/tools/bin/../lib/gcc/arm-none-eabi/7.3.1/thumb/v7e-m/fpv4-sp/hard\libgcc.a(_arm_addsubdf3.o)
                0x0000000008000280                __aeabi_drsub
                0x0000000008000288                __aeabi_dsub
                0x0000000008000288                __subdf3
                0x000000000800028c                __aeabi_dadd
                0x000000000800028c                __adddf3
                0x0000000008000504                __floatunsidf
                0x0000000008000504                __aeabi_ui2d
                0x0000000008000524                __floatsidf
                0x0000000008000524                __aeabi_i2d
                0x0000000008000548                __aeabi_f2d
                0x0000000008000548                __extendsfdf2
                0x000000000800058c                __floatundidf
                0x000000000800058c                __aeabi_ul2d
                0x000000000800059c                __floatdidf
                0x000000000800059c                __aeabi_l2d
 .text          0x00000000080005f8      0x424 d:/stm32cubeide_1.1.0/stm32cubeide/plugins/com.st.stm32cube.ide.mcu.externaltools.gnu-tools-for-stm32.7-2018-q2-update.win32_1.0.0.201904181610/tools/bin/../lib/gcc/arm-none-eabi/7.3.1/thumb/v7e-m/fpv4-sp/hard\libgcc.a(_arm_muldivdf3.o)
                0x00000000080005f8                __aeabi_dmul
                0x00000000080005f8                __muldf3
                0x000000000800084c                __divdf3
                0x000000000800084c                __aeabi_ddiv
 .text          0x0000000008000a1c      0x110 d:/stm32cubeide_1.1.0/stm32cubeide/plugins/com.st.stm32cube.ide.mcu.externaltools.gnu-tools-for-stm32.7-2018-q2-update.win32_1.0.0.201904181610/tools/bin/../lib/gcc/arm-none-eabi/7.3.1/thumb/v7e-m/fpv4-sp/hard\libgcc.a(_arm_cmpdf2.o)
                0x0000000008000a1c                __gtdf2
                0x0000000008000a1c                __gedf2
                0x0000000008000a24                __ltdf2
                0x0000000008000a24                __ledf2
                0x0000000008000a2c                __nedf2
                0x0000000008000a2c                __eqdf2
                0x0000000008000a2c                __cmpdf2
                0x0000000008000aa8                __aeabi_cdrcmple
                0x0000000008000ab8                __aeabi_cdcmpeq
                0x0000000008000ab8                __aeabi_cdcmple
                0x0000000008000ac8                __aeabi_dcmpeq
                0x0000000008000adc                __aeabi_dcmplt
                0x0000000008000af0                __aeabi_dcmple
                0x0000000008000b04                __aeabi_dcmpge
                0x0000000008000b18                __aeabi_dcmpgt
 .text          0x0000000008000b2c       0x2c d:/stm32cubeide_1.1.0/stm32cubeide/plugins/com.st.stm32cube.ide.mcu.externaltools.gnu-tools-for-stm32.7-2018-q2-update.win32_1.0.0.201904181610/tools/bin/../lib/gcc/arm-none-eabi/7.3.1/thumb/v7e-m/fpv4-sp/hard\libgcc.a(_arm_unorddf2.o)
                0x0000000008000b2c                __unorddf2
                0x0000000008000b2c                __aeabi_dcmpun
 .text          0x0000000008000b58       0x50 d:/stm32cubeide_1.1.0/stm32cubeide/plugins/com.st.stm32cube.ide.mcu.externaltools.gnu-tools-for-stm32.7-2018-q2-update.win32_1.0.0.201904181610/tools/bin/../lib/gcc/arm-none-eabi/7.3.1/thumb/v7e-m/fpv4-sp/hard\libgcc.a(_arm_fixdfsi.o)
                0x0000000008000b58                __aeabi_d2iz
                0x0000000008000b58                __fixdfsi
 .text          0x0000000008000ba8       0x30 d:/stm32cubeide_1.1.0/stm32cubeide/plugins/com.st.stm32cube.ide.mcu.externaltools.gnu-tools-for-stm32.7-2018-q2-update.win32_1.0.0.201904181610/tools/bin/../lib/gcc/arm-none-eabi/7.3.1/thumb/v7e-m/fpv4-sp/hard\libgcc.a(_aeabi_uldivmod.o)
                0x0000000008000ba8                __aeabi_uldivmod
 .text          0x0000000008000bd8      0x2cc d:/stm32cubeide_1.1.0/stm32cubeide/plugins/com.st.stm32cube.ide.mcu.externaltools.gnu-tools-for-stm32.7-2018-q2-update.win32_1.0.0.201904181610/tools/bin/../lib/gcc/arm-none-eabi/7.3.1/thumb/v7e-m/fpv4-sp/hard\libgcc.a(_udivmoddi4.o)
                0x0000000008000bd8                __udivmoddi4
 .text          0x0000000008000ea4        0x4 d:/stm32cubeide_1.1.0/stm32cubeide/plugins/com.st.stm32cube.ide.mcu.externaltools.gnu-tools-for-stm32.7-2018-q2-update.win32_1.0.0.201904181610/tools/bin/../lib/gcc/arm-none-eabi/7.3.1/thumb/v7e-m/fpv4-sp/hard\libgcc.a(_dvmd_tls.o)
                0x0000000008000ea4                __aeabi_idiv0
                0x0000000008000ea4                __aeabi_ldiv0
 *(.text*)
 .text.MX_ADC1_Init
                0x0000000008000ea8       0xbc Core/Src/adc.o
                0x0000000008000ea8                MX_ADC1_Init
 .text.HAL_ADC_MspInit
                0x0000000008000f64       0xa0 Core/Src/adc.o
                0x0000000008000f64                HAL_ADC_MspInit
 .text.KE1_ADC_Senser_Get
                0x0000000008001004       0xcc Core/Src/adc.o
                0x0000000008001004                KE1_ADC_Senser_Get
 .text.MX_DMA_Init
                0x00000000080010d0       0x34 Core/Src/dma.o
                0x00000000080010d0                MX_DMA_Init
 .text.MX_GPIO_Init
                0x0000000008001104       0xe8 Core/Src/gpio.o
                0x0000000008001104                MX_GPIO_Init
 .text.HAL_GPIO_EXTI_Callback
                0x00000000080011ec       0x48 Core/Src/gpio.o
                0x00000000080011ec                HAL_GPIO_EXTI_Callback
 .text.MX_I2C2_Init
                0x0000000008001234       0x5c Core/Src/i2c.o
                0x0000000008001234                MX_I2C2_Init
 .text.HAL_I2C_MspInit
                0x0000000008001290       0x70 Core/Src/i2c.o
                0x0000000008001290                HAL_I2C_MspInit
 .text.KE1_I2C_SHT31
                0x0000000008001300       0xac Core/Src/i2c.o
                0x0000000008001300                KE1_I2C_SHT31
 .text.__NVIC_SystemReset
                0x00000000080013ac       0x24 Core/Src/main.o
 .text.KE1_Parse_NNMI
                0x00000000080013d0       0xa0 Core/Src/main.o
                0x00000000080013d0                KE1_Parse_NNMI
 .text.ascii2hex
                0x0000000008001470       0x30 Core/Src/main.o
                0x0000000008001470                ascii2hex
 .text.SystemClock_Config
                0x00000000080014a0       0xa0 Core/Src/main.o
                0x00000000080014a0                SystemClock_Config
 .text.startup.main
                0x0000000008001540      0x640 Core/Src/main.o
                0x0000000008001540                main
 .text.Error_Handler
                0x0000000008001b80        0x4 Core/Src/main.o
                0x0000000008001b80                Error_Handler
 .text.nbiot_reboot
                0x0000000008001b84       0x98 Core/Src/nbiot.o
                0x0000000008001b84                nbiot_reboot
 .text.nbiot_get_signl_val
                0x0000000008001c1c      0x11c Core/Src/nbiot.o
                0x0000000008001c1c                nbiot_get_signl_val
 .text.nbiot_check_reg
                0x0000000008001d38       0xfc Core/Src/nbiot.o
                0x0000000008001d38                nbiot_check_reg
 .text.nbiot_get_nuestats
                0x0000000008001e34      0x264 Core/Src/nbiot.o
                0x0000000008001e34                nbiot_get_nuestats
 .text.Write_IIC_Command
                0x0000000008002098      0x178 Core/Src/oled.o
                0x0000000008002098                Write_IIC_Command
 .text.OLED_ShowString.constprop.2
                0x0000000008002210      0x230 Core/Src/oled.o
 .text.OLED_ShowString.constprop.1
                0x0000000008002440      0x3e4 Core/Src/oled.o
 .text.OLED_ShowCHinese.constprop.0
                0x0000000008002824      0x388 Core/Src/oled.o
 .text.Write_IIC_Data
                0x0000000008002bac      0x184 Core/Src/oled.o
                0x0000000008002bac                Write_IIC_Data
 .text.OLED_Clear
                0x0000000008002d30      0x1a4 Core/Src/oled.o
                0x0000000008002d30                OLED_Clear
 .text.OLED_ShowString
                0x0000000008002ed4      0x114 Core/Src/oled.o
                0x0000000008002ed4                OLED_ShowString
 .text.OLED_Init
                0x0000000008002fe8       0x9c Core/Src/oled.o
                0x0000000008002fe8                OLED_Init
 .text.OLED_DrawLogo
                0x0000000008003084      0x1f0 Core/Src/oled.o
                0x0000000008003084                OLED_DrawLogo
 .text.OLED_ShowKE1
                0x0000000008003274       0x48 Core/Src/oled.o
                0x0000000008003274                OLED_ShowKE1
 .text.OLED_ShowT_H
                0x00000000080032bc       0x7c Core/Src/oled.o
                0x00000000080032bc                OLED_ShowT_H
 .text.OLED_Show_UP_Flag
                0x0000000008003338       0x38 Core/Src/oled.o
                0x0000000008003338                OLED_Show_UP_Flag
 .text.OLED_Show_Note
                0x0000000008003370      0x2b4 Core/Src/oled.o
                0x0000000008003370                OLED_Show_Note
 .text.HAL_MspInit
                0x0000000008003624       0x30 Core/Src/stm32l4xx_hal_msp.o
                0x0000000008003624                HAL_MspInit
 .text.NMI_Handler
                0x0000000008003654        0x4 Core/Src/stm32l4xx_it.o
                0x0000000008003654                NMI_Handler
 .text.HardFault_Handler
                0x0000000008003658        0x4 Core/Src/stm32l4xx_it.o
                0x0000000008003658                HardFault_Handler
 .text.MemManage_Handler
                0x000000000800365c        0x4 Core/Src/stm32l4xx_it.o
                0x000000000800365c                MemManage_Handler
 .text.BusFault_Handler
                0x0000000008003660        0x4 Core/Src/stm32l4xx_it.o
                0x0000000008003660                BusFault_Handler
 .text.UsageFault_Handler
                0x0000000008003664        0x4 Core/Src/stm32l4xx_it.o
                0x0000000008003664                UsageFault_Handler
 .text.SVC_Handler
                0x0000000008003668        0x4 Core/Src/stm32l4xx_it.o
                0x0000000008003668                SVC_Handler
 .text.DebugMon_Handler
                0x000000000800366c        0x4 Core/Src/stm32l4xx_it.o
                0x000000000800366c                DebugMon_Handler
 .text.PendSV_Handler
                0x0000000008003670        0x4 Core/Src/stm32l4xx_it.o
                0x0000000008003670                PendSV_Handler
 .text.SysTick_Handler
                0x0000000008003674        0x4 Core/Src/stm32l4xx_it.o
                0x0000000008003674                SysTick_Handler
 .text.DMA1_Channel1_IRQHandler
                0x0000000008003678        0xc Core/Src/stm32l4xx_it.o
                0x0000000008003678                DMA1_Channel1_IRQHandler
 .text.USART1_IRQHandler
                0x0000000008003684        0xc Core/Src/stm32l4xx_it.o
                0x0000000008003684                USART1_IRQHandler
 .text.USART3_IRQHandler
                0x0000000008003690        0xc Core/Src/stm32l4xx_it.o
                0x0000000008003690                USART3_IRQHandler
 .text.EXTI15_10_IRQHandler
                0x000000000800369c       0x18 Core/Src/stm32l4xx_it.o
                0x000000000800369c                EXTI15_10_IRQHandler
 .text._read    0x00000000080036b4       0x1c Core/Src/syscalls.o
                0x00000000080036b4                _read
 .text._write   0x00000000080036d0       0x1c Core/Src/syscalls.o
                0x00000000080036d0                _write
 .text._close   0x00000000080036ec        0x8 Core/Src/syscalls.o
                0x00000000080036ec                _close
 .text._fstat   0x00000000080036f4        0xc Core/Src/syscalls.o
                0x00000000080036f4                _fstat
 .text._isatty  0x0000000008003700        0x4 Core/Src/syscalls.o
                0x0000000008003700                _isatty
 .text._lseek   0x0000000008003704        0x4 Core/Src/syscalls.o
                0x0000000008003704                _lseek
 .text._sbrk    0x0000000008003708       0x3c Core/Src/sysmem.o
                0x0000000008003708                _sbrk
 .text.SystemInit
                0x0000000008003744       0x50 Core/Src/system_stm32l4xx.o
                0x0000000008003744                SystemInit
 .text.MX_TIM2_Init
                0x0000000008003794       0xc4 Core/Src/tim.o
                0x0000000008003794                MX_TIM2_Init
 .text.HAL_TIM_PWM_MspInit
                0x0000000008003858       0x28 Core/Src/tim.o
                0x0000000008003858                HAL_TIM_PWM_MspInit
 .text.MX_USART1_UART_Init
                0x0000000008003880       0x3c Core/Src/usart.o
                0x0000000008003880                MX_USART1_UART_Init
 .text.MX_USART3_UART_Init
                0x00000000080038bc       0x3c Core/Src/usart.o
                0x00000000080038bc                MX_USART3_UART_Init
 .text.HAL_UART_MspInit
                0x00000000080038f8       0xdc Core/Src/usart.o
                0x00000000080038f8                HAL_UART_MspInit
 .text.__io_putchar
                0x00000000080039d4       0x24 Core/Src/usart.o
                0x00000000080039d4                __io_putchar
 .text.HAL_UART_RxCpltCallback
                0x00000000080039f8       0x40 Core/Src/usart.o
                0x00000000080039f8                HAL_UART_RxCpltCallback
 .text.UART_Enable_Receive_IT
                0x0000000008003a38       0x14 Core/Src/usart.o
                0x0000000008003a38                UART_Enable_Receive_IT
 .text.KE1_Put_Console_Ch
                0x0000000008003a4c       0x20 Core/Src/usart.o
                0x0000000008003a4c                KE1_Put_Console_Ch
 .text.KE1_Get_NB_Ch
                0x0000000008003a6c       0x30 Core/Src/usart.o
                0x0000000008003a6c                KE1_Get_NB_Ch
 .text.KE1_Clear_AT_Buf
                0x0000000008003a9c       0x54 Core/Src/usart.o
                0x0000000008003a9c                KE1_Clear_AT_Buf
 .text.KE1_Send_AT
                0x0000000008003af0       0x2c Core/Src/usart.o
                0x0000000008003af0                KE1_Send_AT
 .text.KE1_Recv_AT
                0x0000000008003b1c      0x19c Core/Src/usart.o
                0x0000000008003b1c                KE1_Recv_AT
 .text.Reset_Handler
                0x0000000008003cb8       0x50 Core/Startup/startup_stm32l433cctx.o
                0x0000000008003cb8                Reset_Handler
 .text.Default_Handler
                0x0000000008003d08        0x2 Core/Startup/startup_stm32l433cctx.o
                0x0000000008003d08                RTC_Alarm_IRQHandler
                0x0000000008003d08                EXTI2_IRQHandler
                0x0000000008003d08                TIM1_CC_IRQHandler
                0x0000000008003d08                TSC_IRQHandler
                0x0000000008003d08                TAMP_STAMP_IRQHandler
                0x0000000008003d08                EXTI3_IRQHandler
                0x0000000008003d08                LPTIM2_IRQHandler
                0x0000000008003d08                I2C3_ER_IRQHandler
                0x0000000008003d08                EXTI0_IRQHandler
                0x0000000008003d08                I2C2_EV_IRQHandler
                0x0000000008003d08                CAN1_RX0_IRQHandler
                0x0000000008003d08                FPU_IRQHandler
                0x0000000008003d08                TIM1_UP_TIM16_IRQHandler
                0x0000000008003d08                SPI1_IRQHandler
                0x0000000008003d08                TIM6_DAC_IRQHandler
                0x0000000008003d08                DMA2_Channel2_IRQHandler
                0x0000000008003d08                DMA1_Channel4_IRQHandler
                0x0000000008003d08                ADC1_IRQHandler
                0x0000000008003d08                DMA1_Channel7_IRQHandler
                0x0000000008003d08                CAN1_RX1_IRQHandler
                0x0000000008003d08                LCD_IRQHandler
                0x0000000008003d08                DMA2_Channel1_IRQHandler
                0x0000000008003d08                QUADSPI_IRQHandler
                0x0000000008003d08                I2C1_EV_IRQHandler
                0x0000000008003d08                DMA1_Channel6_IRQHandler
                0x0000000008003d08                DMA2_Channel4_IRQHandler
                0x0000000008003d08                RCC_IRQHandler
                0x0000000008003d08                TIM1_TRG_COM_IRQHandler
                0x0000000008003d08                Default_Handler
                0x0000000008003d08                DMA2_Channel7_IRQHandler
                0x0000000008003d08                TIM7_IRQHandler
                0x0000000008003d08                SDMMC1_IRQHandler
                0x0000000008003d08                I2C3_EV_IRQHandler
                0x0000000008003d08                USB_IRQHandler
                0x0000000008003d08                EXTI9_5_IRQHandler
                0x0000000008003d08                RTC_WKUP_IRQHandler
                0x0000000008003d08                PVD_PVM_IRQHandler
                0x0000000008003d08                SPI2_IRQHandler
                0x0000000008003d08                CAN1_TX_IRQHandler
                0x0000000008003d08                DMA2_Channel5_IRQHandler
                0x0000000008003d08                CRS_IRQHandler
                0x0000000008003d08                DMA1_Channel5_IRQHandler
                0x0000000008003d08                EXTI4_IRQHandler
                0x0000000008003d08                RNG_IRQHandler
                0x0000000008003d08                DMA1_Channel3_IRQHandler
                0x0000000008003d08                COMP_IRQHandler
                0x0000000008003d08                WWDG_IRQHandler
                0x0000000008003d08                LPUART1_IRQHandler
                0x0000000008003d08                DMA2_Channel6_IRQHandler
                0x0000000008003d08                TIM2_IRQHandler
                0x0000000008003d08                EXTI1_IRQHandler
                0x0000000008003d08                USART2_IRQHandler
                0x0000000008003d08                I2C2_ER_IRQHandler
                0x0000000008003d08                DMA1_Channel2_IRQHandler
                0x0000000008003d08                CAN1_SCE_IRQHandler
                0x0000000008003d08                FLASH_IRQHandler
                0x0000000008003d08                SPI3_IRQHandler
                0x0000000008003d08                I2C1_ER_IRQHandler
                0x0000000008003d08                SWPMI1_IRQHandler
                0x0000000008003d08                LPTIM1_IRQHandler
                0x0000000008003d08                SAI1_IRQHandler
                0x0000000008003d08                DMA2_Channel3_IRQHandler
                0x0000000008003d08                TIM1_BRK_TIM15_IRQHandler
 *fill*         0x0000000008003d0a        0x2 
 .text.HAL_InitTick
                0x0000000008003d0c       0x4c Drivers/STM32L4xx_HAL_Driver/Src/stm32l4xx_hal.o
                0x0000000008003d0c                HAL_InitTick
 .text.HAL_Init
                0x0000000008003d58       0x28 Drivers/STM32L4xx_HAL_Driver/Src/stm32l4xx_hal.o
                0x0000000008003d58                HAL_Init
 .text.HAL_IncTick
                0x0000000008003d80       0x18 Drivers/STM32L4xx_HAL_Driver/Src/stm32l4xx_hal.o
                0x0000000008003d80                HAL_IncTick
 .text.HAL_GetTick
                0x0000000008003d98        0xc Drivers/STM32L4xx_HAL_Driver/Src/stm32l4xx_hal.o
                0x0000000008003d98                HAL_GetTick
 .text.HAL_Delay
                0x0000000008003da4       0x24 Drivers/STM32L4xx_HAL_Driver/Src/stm32l4xx_hal.o
                0x0000000008003da4                HAL_Delay
 .text.HAL_ADC_Init
                0x0000000008003dc8      0x1c8 Drivers/STM32L4xx_HAL_Driver/Src/stm32l4xx_hal_adc.o
                0x0000000008003dc8                HAL_ADC_Init
 .text.HAL_ADC_Stop
                0x0000000008003f90      0x154 Drivers/STM32L4xx_HAL_Driver/Src/stm32l4xx_hal_adc.o
                0x0000000008003f90                HAL_ADC_Stop
 .text.HAL_ADC_Start_DMA
                0x00000000080040e4      0x118 Drivers/STM32L4xx_HAL_Driver/Src/stm32l4xx_hal_adc.o
                0x00000000080040e4                HAL_ADC_Start_DMA
 .text.HAL_ADC_ConvCpltCallback
                0x00000000080041fc        0x4 Drivers/STM32L4xx_HAL_Driver/Src/stm32l4xx_hal_adc.o
                0x00000000080041fc                HAL_ADC_ConvCpltCallback
 .text.HAL_ADC_ConvHalfCpltCallback
                0x0000000008004200        0x4 Drivers/STM32L4xx_HAL_Driver/Src/stm32l4xx_hal_adc.o
                0x0000000008004200                HAL_ADC_ConvHalfCpltCallback
 .text.ADC_DMAHalfConvCplt
                0x0000000008004204        0xc Drivers/STM32L4xx_HAL_Driver/Src/stm32l4xx_hal_adc.o
                0x0000000008004204                ADC_DMAHalfConvCplt
 .text.HAL_ADC_ErrorCallback
                0x0000000008004210        0x4 Drivers/STM32L4xx_HAL_Driver/Src/stm32l4xx_hal_adc.o
                0x0000000008004210                HAL_ADC_ErrorCallback
 .text.ADC_DMAConvCplt
                0x0000000008004214       0x68 Drivers/STM32L4xx_HAL_Driver/Src/stm32l4xx_hal_adc.o
                0x0000000008004214                ADC_DMAConvCplt
 .text.ADC_DMAError
                0x000000000800427c       0x1c Drivers/STM32L4xx_HAL_Driver/Src/stm32l4xx_hal_adc.o
                0x000000000800427c                ADC_DMAError
 .text.HAL_ADC_ConfigChannel
                0x0000000008004298      0x410 Drivers/STM32L4xx_HAL_Driver/Src/stm32l4xx_hal_adc.o
                0x0000000008004298                HAL_ADC_ConfigChannel
 .text.HAL_NVIC_SetPriorityGrouping
                0x00000000080046a8       0x24 Drivers/STM32L4xx_HAL_Driver/Src/stm32l4xx_hal_cortex.o
                0x00000000080046a8                HAL_NVIC_SetPriorityGrouping
 .text.HAL_NVIC_SetPriority
                0x00000000080046cc       0x6c Drivers/STM32L4xx_HAL_Driver/Src/stm32l4xx_hal_cortex.o
                0x00000000080046cc                HAL_NVIC_SetPriority
 .text.HAL_NVIC_EnableIRQ
                0x0000000008004738       0x1c Drivers/STM32L4xx_HAL_Driver/Src/stm32l4xx_hal_cortex.o
                0x0000000008004738                HAL_NVIC_EnableIRQ
 .text.HAL_SYSTICK_Config
                0x0000000008004754       0x34 Drivers/STM32L4xx_HAL_Driver/Src/stm32l4xx_hal_cortex.o
                0x0000000008004754                HAL_SYSTICK_Config
 .text.HAL_DMA_Init
                0x0000000008004788       0xd8 Drivers/STM32L4xx_HAL_Driver/Src/stm32l4xx_hal_dma.o
                0x0000000008004788                HAL_DMA_Init
 .text.HAL_DMA_Start_IT
                0x0000000008004860       0x8c Drivers/STM32L4xx_HAL_Driver/Src/stm32l4xx_hal_dma.o
                0x0000000008004860                HAL_DMA_Start_IT
 .text.HAL_DMA_Abort_IT
                0x00000000080048ec       0x4c Drivers/STM32L4xx_HAL_Driver/Src/stm32l4xx_hal_dma.o
                0x00000000080048ec                HAL_DMA_Abort_IT
 .text.HAL_DMA_IRQHandler
                0x0000000008004938       0xa0 Drivers/STM32L4xx_HAL_Driver/Src/stm32l4xx_hal_dma.o
                0x0000000008004938                HAL_DMA_IRQHandler
 .text.HAL_GPIO_Init
                0x00000000080049d8      0x1b8 Drivers/STM32L4xx_HAL_Driver/Src/stm32l4xx_hal_gpio.o
                0x00000000080049d8                HAL_GPIO_Init
 .text.HAL_GPIO_WritePin
                0x0000000008004b90        0xc Drivers/STM32L4xx_HAL_Driver/Src/stm32l4xx_hal_gpio.o
                0x0000000008004b90                HAL_GPIO_WritePin
 .text.HAL_GPIO_TogglePin
                0x0000000008004b9c        0xc Drivers/STM32L4xx_HAL_Driver/Src/stm32l4xx_hal_gpio.o
                0x0000000008004b9c                HAL_GPIO_TogglePin
 .text.HAL_GPIO_EXTI_IRQHandler
                0x0000000008004ba8       0x18 Drivers/STM32L4xx_HAL_Driver/Src/stm32l4xx_hal_gpio.o
                0x0000000008004ba8                HAL_GPIO_EXTI_IRQHandler
 .text.I2C_WaitOnTXISFlagUntilTimeout
                0x0000000008004bc0       0xa8 Drivers/STM32L4xx_HAL_Driver/Src/stm32l4xx_hal_i2c.o
 .text.I2C_WaitOnSTOPFlagUntilTimeout
                0x0000000008004c68       0xac Drivers/STM32L4xx_HAL_Driver/Src/stm32l4xx_hal_i2c.o
 .text.HAL_I2C_Init
                0x0000000008004d14       0xa8 Drivers/STM32L4xx_HAL_Driver/Src/stm32l4xx_hal_i2c.o
                0x0000000008004d14                HAL_I2C_Init
 .text.HAL_I2C_Mem_Read
                0x0000000008004dbc      0x25c Drivers/STM32L4xx_HAL_Driver/Src/stm32l4xx_hal_i2c.o
                0x0000000008004dbc                HAL_I2C_Mem_Read
 .text.HAL_I2CEx_ConfigAnalogFilter
                0x0000000008005018       0x54 Drivers/STM32L4xx_HAL_Driver/Src/stm32l4xx_hal_i2c_ex.o
                0x0000000008005018                HAL_I2CEx_ConfigAnalogFilter
 .text.HAL_I2CEx_ConfigDigitalFilter
                0x000000000800506c       0x50 Drivers/STM32L4xx_HAL_Driver/Src/stm32l4xx_hal_i2c_ex.o
                0x000000000800506c                HAL_I2CEx_ConfigDigitalFilter
 .text.HAL_PWREx_GetVoltageRange
                0x00000000080050bc       0x10 Drivers/STM32L4xx_HAL_Driver/Src/stm32l4xx_hal_pwr_ex.o
                0x00000000080050bc                HAL_PWREx_GetVoltageRange
 .text.HAL_PWREx_ControlVoltageScaling
                0x00000000080050cc       0x88 Drivers/STM32L4xx_HAL_Driver/Src/stm32l4xx_hal_pwr_ex.o
                0x00000000080050cc                HAL_PWREx_ControlVoltageScaling
 .text.HAL_RCC_GetSysClockFreq
                0x0000000008005154       0xb4 Drivers/STM32L4xx_HAL_Driver/Src/stm32l4xx_hal_rcc.o
                0x0000000008005154                HAL_RCC_GetSysClockFreq
 .text.HAL_RCC_OscConfig
                0x0000000008005208      0x6e4 Drivers/STM32L4xx_HAL_Driver/Src/stm32l4xx_hal_rcc.o
                0x0000000008005208                HAL_RCC_OscConfig
 .text.HAL_RCC_ClockConfig
                0x00000000080058ec      0x130 Drivers/STM32L4xx_HAL_Driver/Src/stm32l4xx_hal_rcc.o
                0x00000000080058ec                HAL_RCC_ClockConfig
 .text.HAL_RCC_GetPCLK1Freq
                0x0000000008005a1c       0x24 Drivers/STM32L4xx_HAL_Driver/Src/stm32l4xx_hal_rcc.o
                0x0000000008005a1c                HAL_RCC_GetPCLK1Freq
 .text.HAL_RCC_GetPCLK2Freq
                0x0000000008005a40       0x24 Drivers/STM32L4xx_HAL_Driver/Src/stm32l4xx_hal_rcc.o
                0x0000000008005a40                HAL_RCC_GetPCLK2Freq
 .text.RCCEx_PLLSAI1_Config
                0x0000000008005a64      0x118 Drivers/STM32L4xx_HAL_Driver/Src/stm32l4xx_hal_rcc_ex.o
 .text.HAL_RCCEx_PeriphCLKConfig
                0x0000000008005b7c      0x310 Drivers/STM32L4xx_HAL_Driver/Src/stm32l4xx_hal_rcc_ex.o
                0x0000000008005b7c                HAL_RCCEx_PeriphCLKConfig
 .text.HAL_TIM_PWM_Init
                0x0000000008005e8c       0xa0 Drivers/STM32L4xx_HAL_Driver/Src/stm32l4xx_hal_tim.o
                0x0000000008005e8c                HAL_TIM_PWM_Init
 .text.HAL_TIM_PWM_ConfigChannel
                0x0000000008005f2c      0x34c Drivers/STM32L4xx_HAL_Driver/Src/stm32l4xx_hal_tim.o
                0x0000000008005f2c                HAL_TIM_PWM_ConfigChannel
 .text.HAL_TIMEx_MasterConfigSynchronization
                0x0000000008006278       0x58 Drivers/STM32L4xx_HAL_Driver/Src/stm32l4xx_hal_tim_ex.o
                0x0000000008006278                HAL_TIMEx_MasterConfigSynchronization
 .text.UART_TxISR_16BIT
                0x00000000080062d0       0x40 Drivers/STM32L4xx_HAL_Driver/Src/stm32l4xx_hal_uart.o
 .text.UART_TxISR_8BIT
                0x0000000008006310       0x3c Drivers/STM32L4xx_HAL_Driver/Src/stm32l4xx_hal_uart.o
 .text.HAL_UART_Transmit
                0x000000000800634c      0x10c Drivers/STM32L4xx_HAL_Driver/Src/stm32l4xx_hal_uart.o
                0x000000000800634c                HAL_UART_Transmit
 .text.HAL_UART_Transmit_IT
                0x0000000008006458       0x6c Drivers/STM32L4xx_HAL_Driver/Src/stm32l4xx_hal_uart.o
                0x0000000008006458                HAL_UART_Transmit_IT
 .text.HAL_UART_Receive_IT
                0x00000000080064c4       0xd8 Drivers/STM32L4xx_HAL_Driver/Src/stm32l4xx_hal_uart.o
                0x00000000080064c4                HAL_UART_Receive_IT
 .text.HAL_UART_TxCpltCallback
                0x000000000800659c        0x4 Drivers/STM32L4xx_HAL_Driver/Src/stm32l4xx_hal_uart.o
                0x000000000800659c                HAL_UART_TxCpltCallback
 .text.UART_RxISR_8BIT
                0x00000000080065a0       0x5c Drivers/STM32L4xx_HAL_Driver/Src/stm32l4xx_hal_uart.o
 .text.UART_RxISR_16BIT
                0x00000000080065fc       0x58 Drivers/STM32L4xx_HAL_Driver/Src/stm32l4xx_hal_uart.o
 .text.HAL_UART_ErrorCallback
                0x0000000008006654        0x4 Drivers/STM32L4xx_HAL_Driver/Src/stm32l4xx_hal_uart.o
                0x0000000008006654                HAL_UART_ErrorCallback
 .text.HAL_UART_IRQHandler
                0x0000000008006658      0x158 Drivers/STM32L4xx_HAL_Driver/Src/stm32l4xx_hal_uart.o
                0x0000000008006658                HAL_UART_IRQHandler
 .text.UART_DMAAbortOnError
                0x00000000080067b0       0x18 Drivers/STM32L4xx_HAL_Driver/Src/stm32l4xx_hal_uart.o
 .text.UART_AdvFeatureConfig
                0x00000000080067c8       0xb0 Drivers/STM32L4xx_HAL_Driver/Src/stm32l4xx_hal_uart.o
                0x00000000080067c8                UART_AdvFeatureConfig
 .text.HAL_UART_Init
                0x0000000008006878      0x3d4 Drivers/STM32L4xx_HAL_Driver/Src/stm32l4xx_hal_uart.o
                0x0000000008006878                HAL_UART_Init
 .text.HAL_UARTEx_WakeupCallback
                0x0000000008006c4c        0x4 Drivers/STM32L4xx_HAL_Driver/Src/stm32l4xx_hal_uart_ex.o
                0x0000000008006c4c                HAL_UARTEx_WakeupCallback
 .text.atoi     0x0000000008006c50        0x8 d:/stm32cubeide_1.1.0/stm32cubeide/plugins/com.st.stm32cube.ide.mcu.externaltools.gnu-tools-for-stm32.7-2018-q2-update.win32_1.0.0.201904181610/tools/bin/../lib/gcc/arm-none-eabi/7.3.1/../../../../arm-none-eabi/lib/thumb/v7e-m/fpv4-sp/hard\libc_nano.a(lib_a-atoi.o)
                0x0000000008006c50                atoi
 .text.__errno  0x0000000008006c58        0xc d:/stm32cubeide_1.1.0/stm32cubeide/plugins/com.st.stm32cube.ide.mcu.externaltools.gnu-tools-for-stm32.7-2018-q2-update.win32_1.0.0.201904181610/tools/bin/../lib/gcc/arm-none-eabi/7.3.1/../../../../arm-none-eabi/lib/thumb/v7e-m/fpv4-sp/hard\libc_nano.a(lib_a-errno.o)
                0x0000000008006c58                __errno
 .text.__libc_init_array
                0x0000000008006c64       0x48 d:/stm32cubeide_1.1.0/stm32cubeide/plugins/com.st.stm32cube.ide.mcu.externaltools.gnu-tools-for-stm32.7-2018-q2-update.win32_1.0.0.201904181610/tools/bin/../lib/gcc/arm-none-eabi/7.3.1/../../../../arm-none-eabi/lib/thumb/v7e-m/fpv4-sp/hard\libc_nano.a(lib_a-init.o)
                0x0000000008006c64                __libc_init_array
 .text.memcpy   0x0000000008006cac       0x16 d:/stm32cubeide_1.1.0/stm32cubeide/plugins/com.st.stm32cube.ide.mcu.externaltools.gnu-tools-for-stm32.7-2018-q2-update.win32_1.0.0.201904181610/tools/bin/../lib/gcc/arm-none-eabi/7.3.1/../../../../arm-none-eabi/lib/thumb/v7e-m/fpv4-sp/hard\libc_nano.a(lib_a-memcpy-stub.o)
                0x0000000008006cac                memcpy
 .text.memset   0x0000000008006cc2       0x10 d:/stm32cubeide_1.1.0/stm32cubeide/plugins/com.st.stm32cube.ide.mcu.externaltools.gnu-tools-for-stm32.7-2018-q2-update.win32_1.0.0.201904181610/tools/bin/../lib/gcc/arm-none-eabi/7.3.1/../../../../arm-none-eabi/lib/thumb/v7e-m/fpv4-sp/hard\libc_nano.a(lib_a-memset.o)
                0x0000000008006cc2                memset
 .text.__cvt    0x0000000008006cd2       0xc2 d:/stm32cubeide_1.1.0/stm32cubeide/plugins/com.st.stm32cube.ide.mcu.externaltools.gnu-tools-for-stm32.7-2018-q2-update.win32_1.0.0.201904181610/tools/bin/../lib/gcc/arm-none-eabi/7.3.1/../../../../arm-none-eabi/lib/thumb/v7e-m/fpv4-sp/hard\libc_nano.a(lib_a-nano-vfprintf_float.o)
                0x0000000008006cd2                __cvt
 .text.__exponent
                0x0000000008006d94       0x66 d:/stm32cubeide_1.1.0/stm32cubeide/plugins/com.st.stm32cube.ide.mcu.externaltools.gnu-tools-for-stm32.7-2018-q2-update.win32_1.0.0.201904181610/tools/bin/../lib/gcc/arm-none-eabi/7.3.1/../../../../arm-none-eabi/lib/thumb/v7e-m/fpv4-sp/hard\libc_nano.a(lib_a-nano-vfprintf_float.o)
                0x0000000008006d94                __exponent
 *fill*         0x0000000008006dfa        0x2 
 .text._printf_float
                0x0000000008006dfc      0x480 d:/stm32cubeide_1.1.0/stm32cubeide/plugins/com.st.stm32cube.ide.mcu.externaltools.gnu-tools-for-stm32.7-2018-q2-update.win32_1.0.0.201904181610/tools/bin/../lib/gcc/arm-none-eabi/7.3.1/../../../../arm-none-eabi/lib/thumb/v7e-m/fpv4-sp/hard\libc_nano.a(lib_a-nano-vfprintf_float.o)
                0x0000000008006dfc                _printf_float
 .text._printf_common
                0x000000000800727c       0xea d:/stm32cubeide_1.1.0/stm32cubeide/plugins/com.st.stm32cube.ide.mcu.externaltools.gnu-tools-for-stm32.7-2018-q2-update.win32_1.0.0.201904181610/tools/bin/../lib/gcc/arm-none-eabi/7.3.1/../../../../arm-none-eabi/lib/thumb/v7e-m/fpv4-sp/hard\libc_nano.a(lib_a-nano-vfprintf_i.o)
                0x000000000800727c                _printf_common
 *fill*         0x0000000008007366        0x2 
 .text._printf_i
                0x0000000008007368      0x224 d:/stm32cubeide_1.1.0/stm32cubeide/plugins/com.st.stm32cube.ide.mcu.externaltools.gnu-tools-for-stm32.7-2018-q2-update.win32_1.0.0.201904181610/tools/bin/../lib/gcc/arm-none-eabi/7.3.1/../../../../arm-none-eabi/lib/thumb/v7e-m/fpv4-sp/hard\libc_nano.a(lib_a-nano-vfprintf_i.o)
                0x0000000008007368                _printf_i
 .text.printf   0x000000000800758c       0x30 d:/stm32cubeide_1.1.0/stm32cubeide/plugins/com.st.stm32cube.ide.mcu.externaltools.gnu-tools-for-stm32.7-2018-q2-update.win32_1.0.0.201904181610/tools/bin/../lib/gcc/arm-none-eabi/7.3.1/../../../../arm-none-eabi/lib/thumb/v7e-m/fpv4-sp/hard\libc_nano.a(lib_a-printf.o)
                0x000000000800758c                iprintf
                0x000000000800758c                printf
 .text._puts_r  0x00000000080075bc       0xb8 d:/stm32cubeide_1.1.0/stm32cubeide/plugins/com.st.stm32cube.ide.mcu.externaltools.gnu-tools-for-stm32.7-2018-q2-update.win32_1.0.0.201904181610/tools/bin/../lib/gcc/arm-none-eabi/7.3.1/../../../../arm-none-eabi/lib/thumb/v7e-m/fpv4-sp/hard\libc_nano.a(lib_a-puts.o)
                0x00000000080075bc                _puts_r
 .text.puts     0x0000000008007674       0x10 d:/stm32cubeide_1.1.0/stm32cubeide/plugins/com.st.stm32cube.ide.mcu.externaltools.gnu-tools-for-stm32.7-2018-q2-update.win32_1.0.0.201904181610/tools/bin/../lib/gcc/arm-none-eabi/7.3.1/../../../../arm-none-eabi/lib/thumb/v7e-m/fpv4-sp/hard\libc_nano.a(lib_a-puts.o)
                0x0000000008007674                puts
 .text.snprintf
                0x0000000008007684       0x68 d:/stm32cubeide_1.1.0/stm32cubeide/plugins/com.st.stm32cube.ide.mcu.externaltools.gnu-tools-for-stm32.7-2018-q2-update.win32_1.0.0.201904181610/tools/bin/../lib/gcc/arm-none-eabi/7.3.1/../../../../arm-none-eabi/lib/thumb/v7e-m/fpv4-sp/hard\libc_nano.a(lib_a-snprintf.o)
                0x0000000008007684                sniprintf
                0x0000000008007684                snprintf
 .text.sprintf  0x00000000080076ec       0x40 d:/stm32cubeide_1.1.0/stm32cubeide/plugins/com.st.stm32cube.ide.mcu.externaltools.gnu-tools-for-stm32.7-2018-q2-update.win32_1.0.0.201904181610/tools/bin/../lib/gcc/arm-none-eabi/7.3.1/../../../../arm-none-eabi/lib/thumb/v7e-m/fpv4-sp/hard\libc_nano.a(lib_a-sprintf.o)
                0x00000000080076ec                siprintf
                0x00000000080076ec                sprintf
 .text.strstr   0x000000000800772c       0x34 d:/stm32cubeide_1.1.0/stm32cubeide/plugins/com.st.stm32cube.ide.mcu.externaltools.gnu-tools-for-stm32.7-2018-q2-update.win32_1.0.0.201904181610/tools/bin/../lib/gcc/arm-none-eabi/7.3.1/../../../../arm-none-eabi/lib/thumb/v7e-m/fpv4-sp/hard\libc_nano.a(lib_a-strstr.o)
                0x000000000800772c                strstr
 .text._strtol_l.isra.0
                0x0000000008007760       0xf6 d:/stm32cubeide_1.1.0/stm32cubeide/plugins/com.st.stm32cube.ide.mcu.externaltools.gnu-tools-for-stm32.7-2018-q2-update.win32_1.0.0.201904181610/tools/bin/../lib/gcc/arm-none-eabi/7.3.1/../../../../arm-none-eabi/lib/thumb/v7e-m/fpv4-sp/hard\libc_nano.a(lib_a-strtol.o)
 *fill*         0x0000000008007856        0x2 
 .text.strtol   0x0000000008007858       0x2c d:/stm32cubeide_1.1.0/stm32cubeide/plugins/com.st.stm32cube.ide.mcu.externaltools.gnu-tools-for-stm32.7-2018-q2-update.win32_1.0.0.201904181610/tools/bin/../lib/gcc/arm-none-eabi/7.3.1/../../../../arm-none-eabi/lib/thumb/v7e-m/fpv4-sp/hard\libc_nano.a(lib_a-strtol.o)
                0x0000000008007858                strtol
 .text.__swbuf_r
                0x0000000008007884       0xa4 d:/stm32cubeide_1.1.0/stm32cubeide/plugins/com.st.stm32cube.ide.mcu.externaltools.gnu-tools-for-stm32.7-2018-q2-update.win32_1.0.0.201904181610/tools/bin/../lib/gcc/arm-none-eabi/7.3.1/../../../../arm-none-eabi/lib/thumb/v7e-m/fpv4-sp/hard\libc_nano.a(lib_a-wbuf.o)
                0x0000000008007884                __swbuf_r
 .text.__swsetup_r
                0x0000000008007928       0xdc d:/stm32cubeide_1.1.0/stm32cubeide/plugins/com.st.stm32cube.ide.mcu.externaltools.gnu-tools-for-stm32.7-2018-q2-update.win32_1.0.0.201904181610/tools/bin/../lib/gcc/arm-none-eabi/7.3.1/../../../../arm-none-eabi/lib/thumb/v7e-m/fpv4-sp/hard\libc_nano.a(lib_a-wsetup.o)
                0x0000000008007928                __swsetup_r
 .text.quorem   0x0000000008007a04      0x118 d:/stm32cubeide_1.1.0/stm32cubeide/plugins/com.st.stm32cube.ide.mcu.externaltools.gnu-tools-for-stm32.7-2018-q2-update.win32_1.0.0.201904181610/tools/bin/../lib/gcc/arm-none-eabi/7.3.1/../../../../arm-none-eabi/lib/thumb/v7e-m/fpv4-sp/hard\libc_nano.a(lib_a-dtoa.o)
 *fill*         0x0000000008007b1c        0x4 
 .text._dtoa_r  0x0000000008007b20      0xb70 d:/stm32cubeide_1.1.0/stm32cubeide/plugins/com.st.stm32cube.ide.mcu.externaltools.gnu-tools-for-stm32.7-2018-q2-update.win32_1.0.0.201904181610/tools/bin/../lib/gcc/arm-none-eabi/7.3.1/../../../../arm-none-eabi/lib/thumb/v7e-m/fpv4-sp/hard\libc_nano.a(lib_a-dtoa.o)
                0x0000000008007b20                _dtoa_r
 .text.__sflush_r
                0x0000000008008690      0x10c d:/stm32cubeide_1.1.0/stm32cubeide/plugins/com.st.stm32cube.ide.mcu.externaltools.gnu-tools-for-stm32.7-2018-q2-update.win32_1.0.0.201904181610/tools/bin/../lib/gcc/arm-none-eabi/7.3.1/../../../../arm-none-eabi/lib/thumb/v7e-m/fpv4-sp/hard\libc_nano.a(lib_a-fflush.o)
                0x0000000008008690                __sflush_r
 .text._fflush_r
                0x000000000800879c       0x54 d:/stm32cubeide_1.1.0/stm32cubeide/plugins/com.st.stm32cube.ide.mcu.externaltools.gnu-tools-for-stm32.7-2018-q2-update.win32_1.0.0.201904181610/tools/bin/../lib/gcc/arm-none-eabi/7.3.1/../../../../arm-none-eabi/lib/thumb/v7e-m/fpv4-sp/hard\libc_nano.a(lib_a-fflush.o)
                0x000000000800879c                _fflush_r
 .text.std      0x00000000080087f0       0x48 d:/stm32cubeide_1.1.0/stm32cubeide/plugins/com.st.stm32cube.ide.mcu.externaltools.gnu-tools-for-stm32.7-2018-q2-update.win32_1.0.0.201904181610/tools/bin/../lib/gcc/arm-none-eabi/7.3.1/../../../../arm-none-eabi/lib/thumb/v7e-m/fpv4-sp/hard\libc_nano.a(lib_a-findfp.o)
 .text._cleanup_r
                0x0000000008008838        0xc d:/stm32cubeide_1.1.0/stm32cubeide/plugins/com.st.stm32cube.ide.mcu.externaltools.gnu-tools-for-stm32.7-2018-q2-update.win32_1.0.0.201904181610/tools/bin/../lib/gcc/arm-none-eabi/7.3.1/../../../../arm-none-eabi/lib/thumb/v7e-m/fpv4-sp/hard\libc_nano.a(lib_a-findfp.o)
                0x0000000008008838                _cleanup_r
 .text.__sfmoreglue
                0x0000000008008844       0x2c d:/stm32cubeide_1.1.0/stm32cubeide/plugins/com.st.stm32cube.ide.mcu.externaltools.gnu-tools-for-stm32.7-2018-q2-update.win32_1.0.0.201904181610/tools/bin/../lib/gcc/arm-none-eabi/7.3.1/../../../../arm-none-eabi/lib/thumb/v7e-m/fpv4-sp/hard\libc_nano.a(lib_a-findfp.o)
                0x0000000008008844                __sfmoreglue
 .text.__sinit  0x0000000008008870       0x60 d:/stm32cubeide_1.1.0/stm32cubeide/plugins/com.st.stm32cube.ide.mcu.externaltools.gnu-tools-for-stm32.7-2018-q2-update.win32_1.0.0.201904181610/tools/bin/../lib/gcc/arm-none-eabi/7.3.1/../../../../arm-none-eabi/lib/thumb/v7e-m/fpv4-sp/hard\libc_nano.a(lib_a-findfp.o)
                0x0000000008008870                __sinit
 .text.__sfp    0x00000000080088d0       0x78 d:/stm32cubeide_1.1.0/stm32cubeide/plugins/com.st.stm32cube.ide.mcu.externaltools.gnu-tools-for-stm32.7-2018-q2-update.win32_1.0.0.201904181610/tools/bin/../lib/gcc/arm-none-eabi/7.3.1/../../../../arm-none-eabi/lib/thumb/v7e-m/fpv4-sp/hard\libc_nano.a(lib_a-findfp.o)
                0x00000000080088d0                __sfp
 .text._fwalk_reent
                0x0000000008008948       0x3c d:/stm32cubeide_1.1.0/stm32cubeide/plugins/com.st.stm32cube.ide.mcu.externaltools.gnu-tools-for-stm32.7-2018-q2-update.win32_1.0.0.201904181610/tools/bin/../lib/gcc/arm-none-eabi/7.3.1/../../../../arm-none-eabi/lib/thumb/v7e-m/fpv4-sp/hard\libc_nano.a(lib_a-fwalk.o)
                0x0000000008008948                _fwalk_reent
 .text.__locale_ctype_ptr_l
                0x0000000008008984        0x6 d:/stm32cubeide_1.1.0/stm32cubeide/plugins/com.st.stm32cube.ide.mcu.externaltools.gnu-tools-for-stm32.7-2018-q2-update.win32_1.0.0.201904181610/tools/bin/../lib/gcc/arm-none-eabi/7.3.1/../../../../arm-none-eabi/lib/thumb/v7e-m/fpv4-sp/hard\libc_nano.a(lib_a-locale.o)
                0x0000000008008984                __locale_ctype_ptr_l
 *fill*         0x000000000800898a        0x2 
 .text._localeconv_r
                0x000000000800898c       0x1c d:/stm32cubeide_1.1.0/stm32cubeide/plugins/com.st.stm32cube.ide.mcu.externaltools.gnu-tools-for-stm32.7-2018-q2-update.win32_1.0.0.201904181610/tools/bin/../lib/gcc/arm-none-eabi/7.3.1/../../../../arm-none-eabi/lib/thumb/v7e-m/fpv4-sp/hard\libc_nano.a(lib_a-localeconv.o)
                0x000000000800898c                _localeconv_r
 .text.__swhatbuf_r
                0x00000000080089a8       0x48 d:/stm32cubeide_1.1.0/stm32cubeide/plugins/com.st.stm32cube.ide.mcu.externaltools.gnu-tools-for-stm32.7-2018-q2-update.win32_1.0.0.201904181610/tools/bin/../lib/gcc/arm-none-eabi/7.3.1/../../../../arm-none-eabi/lib/thumb/v7e-m/fpv4-sp/hard\libc_nano.a(lib_a-makebuf.o)
                0x00000000080089a8                __swhatbuf_r
 .text.__smakebuf_r
                0x00000000080089f0       0x80 d:/stm32cubeide_1.1.0/stm32cubeide/plugins/com.st.stm32cube.ide.mcu.externaltools.gnu-tools-for-stm32.7-2018-q2-update.win32_1.0.0.201904181610/tools/bin/../lib/gcc/arm-none-eabi/7.3.1/../../../../arm-none-eabi/lib/thumb/v7e-m/fpv4-sp/hard\libc_nano.a(lib_a-makebuf.o)
                0x00000000080089f0                __smakebuf_r
 .text.malloc   0x0000000008008a70       0x10 d:/stm32cubeide_1.1.0/stm32cubeide/plugins/com.st.stm32cube.ide.mcu.externaltools.gnu-tools-for-stm32.7-2018-q2-update.win32_1.0.0.201904181610/tools/bin/../lib/gcc/arm-none-eabi/7.3.1/../../../../arm-none-eabi/lib/thumb/v7e-m/fpv4-sp/hard\libc_nano.a(lib_a-malloc.o)
                0x0000000008008a70                malloc
 .text.__ascii_mbtowc
                0x0000000008008a80       0x24 d:/stm32cubeide_1.1.0/stm32cubeide/plugins/com.st.stm32cube.ide.mcu.externaltools.gnu-tools-for-stm32.7-2018-q2-update.win32_1.0.0.201904181610/tools/bin/../lib/gcc/arm-none-eabi/7.3.1/../../../../arm-none-eabi/lib/thumb/v7e-m/fpv4-sp/hard\libc_nano.a(lib_a-mbtowc_r.o)
                0x0000000008008a80                __ascii_mbtowc
 .text._Balloc  0x0000000008008aa4       0x68 d:/stm32cubeide_1.1.0/stm32cubeide/plugins/com.st.stm32cube.ide.mcu.externaltools.gnu-tools-for-stm32.7-2018-q2-update.win32_1.0.0.201904181610/tools/bin/../lib/gcc/arm-none-eabi/7.3.1/../../../../arm-none-eabi/lib/thumb/v7e-m/fpv4-sp/hard\libc_nano.a(lib_a-mprec.o)
                0x0000000008008aa4                _Balloc
 .text._Bfree   0x0000000008008b0c       0x2e d:/stm32cubeide_1.1.0/stm32cubeide/plugins/com.st.stm32cube.ide.mcu.externaltools.gnu-tools-for-stm32.7-2018-q2-update.win32_1.0.0.201904181610/tools/bin/../lib/gcc/arm-none-eabi/7.3.1/../../../../arm-none-eabi/lib/thumb/v7e-m/fpv4-sp/hard\libc_nano.a(lib_a-mprec.o)
                0x0000000008008b0c                _Bfree
 .text.__multadd
                0x0000000008008b3a       0x76 d:/stm32cubeide_1.1.0/stm32cubeide/plugins/com.st.stm32cube.ide.mcu.externaltools.gnu-tools-for-stm32.7-2018-q2-update.win32_1.0.0.201904181610/tools/bin/../lib/gcc/arm-none-eabi/7.3.1/../../../../arm-none-eabi/lib/thumb/v7e-m/fpv4-sp/hard\libc_nano.a(lib_a-mprec.o)
                0x0000000008008b3a                __multadd
 .text.__hi0bits
                0x0000000008008bb0       0x3e d:/stm32cubeide_1.1.0/stm32cubeide/plugins/com.st.stm32cube.ide.mcu.externaltools.gnu-tools-for-stm32.7-2018-q2-update.win32_1.0.0.201904181610/tools/bin/../lib/gcc/arm-none-eabi/7.3.1/../../../../arm-none-eabi/lib/thumb/v7e-m/fpv4-sp/hard\libc_nano.a(lib_a-mprec.o)
                0x0000000008008bb0                __hi0bits
 .text.__lo0bits
                0x0000000008008bee       0x5e d:/stm32cubeide_1.1.0/stm32cubeide/plugins/com.st.stm32cube.ide.mcu.externaltools.gnu-tools-for-stm32.7-2018-q2-update.win32_1.0.0.201904181610/tools/bin/../lib/gcc/arm-none-eabi/7.3.1/../../../../arm-none-eabi/lib/thumb/v7e-m/fpv4-sp/hard\libc_nano.a(lib_a-mprec.o)
                0x0000000008008bee                __lo0bits
 .text.__i2b    0x0000000008008c4c       0x12 d:/stm32cubeide_1.1.0/stm32cubeide/plugins/com.st.stm32cube.ide.mcu.externaltools.gnu-tools-for-stm32.7-2018-q2-update.win32_1.0.0.201904181610/tools/bin/../lib/gcc/arm-none-eabi/7.3.1/../../../../arm-none-eabi/lib/thumb/v7e-m/fpv4-sp/hard\libc_nano.a(lib_a-mprec.o)
                0x0000000008008c4c                __i2b
 .text.__multiply
                0x0000000008008c5e      0x12c d:/stm32cubeide_1.1.0/stm32cubeide/plugins/com.st.stm32cube.ide.mcu.externaltools.gnu-tools-for-stm32.7-2018-q2-update.win32_1.0.0.201904181610/tools/bin/../lib/gcc/arm-none-eabi/7.3.1/../../../../arm-none-eabi/lib/thumb/v7e-m/fpv4-sp/hard\libc_nano.a(lib_a-mprec.o)
                0x0000000008008c5e                __multiply
 *fill*         0x0000000008008d8a        0x2 
 .text.__pow5mult
                0x0000000008008d8c       0x9c d:/stm32cubeide_1.1.0/stm32cubeide/plugins/com.st.stm32cube.ide.mcu.externaltools.gnu-tools-for-stm32.7-2018-q2-update.win32_1.0.0.201904181610/tools/bin/../lib/gcc/arm-none-eabi/7.3.1/../../../../arm-none-eabi/lib/thumb/v7e-m/fpv4-sp/hard\libc_nano.a(lib_a-mprec.o)
                0x0000000008008d8c                __pow5mult
 .text.__lshift
                0x0000000008008e28       0xa8 d:/stm32cubeide_1.1.0/stm32cubeide/plugins/com.st.stm32cube.ide.mcu.externaltools.gnu-tools-for-stm32.7-2018-q2-update.win32_1.0.0.201904181610/tools/bin/../lib/gcc/arm-none-eabi/7.3.1/../../../../arm-none-eabi/lib/thumb/v7e-m/fpv4-sp/hard\libc_nano.a(lib_a-mprec.o)
                0x0000000008008e28                __lshift
 .text.__mcmp   0x0000000008008ed0       0x34 d:/stm32cubeide_1.1.0/stm32cubeide/plugins/com.st.stm32cube.ide.mcu.externaltools.gnu-tools-for-stm32.7-2018-q2-update.win32_1.0.0.201904181610/tools/bin/../lib/gcc/arm-none-eabi/7.3.1/../../../../arm-none-eabi/lib/thumb/v7e-m/fpv4-sp/hard\libc_nano.a(lib_a-mprec.o)
                0x0000000008008ed0                __mcmp
 .text.__mdiff  0x0000000008008f04       0xba d:/stm32cubeide_1.1.0/stm32cubeide/plugins/com.st.stm32cube.ide.mcu.externaltools.gnu-tools-for-stm32.7-2018-q2-update.win32_1.0.0.201904181610/tools/bin/../lib/gcc/arm-none-eabi/7.3.1/../../../../arm-none-eabi/lib/thumb/v7e-m/fpv4-sp/hard\libc_nano.a(lib_a-mprec.o)
                0x0000000008008f04                __mdiff
 .text.__d2b    0x0000000008008fbe       0x9e d:/stm32cubeide_1.1.0/stm32cubeide/plugins/com.st.stm32cube.ide.mcu.externaltools.gnu-tools-for-stm32.7-2018-q2-update.win32_1.0.0.201904181610/tools/bin/../lib/gcc/arm-none-eabi/7.3.1/../../../../arm-none-eabi/lib/thumb/v7e-m/fpv4-sp/hard\libc_nano.a(lib_a-mprec.o)
                0x0000000008008fbe                __d2b
 .text._calloc_r
                0x000000000800905c       0x1c d:/stm32cubeide_1.1.0/stm32cubeide/plugins/com.st.stm32cube.ide.mcu.externaltools.gnu-tools-for-stm32.7-2018-q2-update.win32_1.0.0.201904181610/tools/bin/../lib/gcc/arm-none-eabi/7.3.1/../../../../arm-none-eabi/lib/thumb/v7e-m/fpv4-sp/hard\libc_nano.a(lib_a-nano-callocr.o)
                0x000000000800905c                _calloc_r
 .text._free_r  0x0000000008009078       0x9c d:/stm32cubeide_1.1.0/stm32cubeide/plugins/com.st.stm32cube.ide.mcu.externaltools.gnu-tools-for-stm32.7-2018-q2-update.win32_1.0.0.201904181610/tools/bin/../lib/gcc/arm-none-eabi/7.3.1/../../../../arm-none-eabi/lib/thumb/v7e-m/fpv4-sp/hard\libc_nano.a(lib_a-nano-freer.o)
                0x0000000008009078                _free_r
 .text._malloc_r
                0x0000000008009114       0xb4 d:/stm32cubeide_1.1.0/stm32cubeide/plugins/com.st.stm32cube.ide.mcu.externaltools.gnu-tools-for-stm32.7-2018-q2-update.win32_1.0.0.201904181610/tools/bin/../lib/gcc/arm-none-eabi/7.3.1/../../../../arm-none-eabi/lib/thumb/v7e-m/fpv4-sp/hard\libc_nano.a(lib_a-nano-mallocr.o)
                0x0000000008009114                _malloc_r
 .text.__ssputs_r
                0x00000000080091c8       0xb4 d:/stm32cubeide_1.1.0/stm32cubeide/plugins/com.st.stm32cube.ide.mcu.externaltools.gnu-tools-for-stm32.7-2018-q2-update.win32_1.0.0.201904181610/tools/bin/../lib/gcc/arm-none-eabi/7.3.1/../../../../arm-none-eabi/lib/thumb/v7e-m/fpv4-sp/hard\libc_nano.a(lib_a-nano-svfprintf.o)
                0x00000000080091c8                __ssputs_r
 .text._svfprintf_r
                0x000000000800927c      0x1f0 d:/stm32cubeide_1.1.0/stm32cubeide/plugins/com.st.stm32cube.ide.mcu.externaltools.gnu-tools-for-stm32.7-2018-q2-update.win32_1.0.0.201904181610/tools/bin/../lib/gcc/arm-none-eabi/7.3.1/../../../../arm-none-eabi/lib/thumb/v7e-m/fpv4-sp/hard\libc_nano.a(lib_a-nano-svfprintf.o)
                0x000000000800927c                _svfiprintf_r
                0x000000000800927c                _svfprintf_r
 .text.__sfputc_r
                0x000000000800946c       0x2e d:/stm32cubeide_1.1.0/stm32cubeide/plugins/com.st.stm32cube.ide.mcu.externaltools.gnu-tools-for-stm32.7-2018-q2-update.win32_1.0.0.201904181610/tools/bin/../lib/gcc/arm-none-eabi/7.3.1/../../../../arm-none-eabi/lib/thumb/v7e-m/fpv4-sp/hard\libc_nano.a(lib_a-nano-vfprintf.o)
 .text.__sfputs_r
                0x000000000800949a       0x24 d:/stm32cubeide_1.1.0/stm32cubeide/plugins/com.st.stm32cube.ide.mcu.externaltools.gnu-tools-for-stm32.7-2018-q2-update.win32_1.0.0.201904181610/tools/bin/../lib/gcc/arm-none-eabi/7.3.1/../../../../arm-none-eabi/lib/thumb/v7e-m/fpv4-sp/hard\libc_nano.a(lib_a-nano-vfprintf.o)
                0x000000000800949a                __sfputs_r
 *fill*         0x00000000080094be        0x2 
 .text._vfprintf_r
                0x00000000080094c0      0x22c d:/stm32cubeide_1.1.0/stm32cubeide/plugins/com.st.stm32cube.ide.mcu.externaltools.gnu-tools-for-stm32.7-2018-q2-update.win32_1.0.0.201904181610/tools/bin/../lib/gcc/arm-none-eabi/7.3.1/../../../../arm-none-eabi/lib/thumb/v7e-m/fpv4-sp/hard\libc_nano.a(lib_a-nano-vfprintf.o)
                0x00000000080094c0                _vfprintf_r
                0x00000000080094c0                _vfiprintf_r
 .text._sbrk_r  0x00000000080096ec       0x20 d:/stm32cubeide_1.1.0/stm32cubeide/plugins/com.st.stm32cube.ide.mcu.externaltools.gnu-tools-for-stm32.7-2018-q2-update.win32_1.0.0.201904181610/tools/bin/../lib/gcc/arm-none-eabi/7.3.1/../../../../arm-none-eabi/lib/thumb/v7e-m/fpv4-sp/hard\libc_nano.a(lib_a-sbrkr.o)
                0x00000000080096ec                _sbrk_r
 .text.__sread  0x000000000800970c       0x22 d:/stm32cubeide_1.1.0/stm32cubeide/plugins/com.st.stm32cube.ide.mcu.externaltools.gnu-tools-for-stm32.7-2018-q2-update.win32_1.0.0.201904181610/tools/bin/../lib/gcc/arm-none-eabi/7.3.1/../../../../arm-none-eabi/lib/thumb/v7e-m/fpv4-sp/hard\libc_nano.a(lib_a-stdio.o)
                0x000000000800970c                __sread
 .text.__swrite
                0x000000000800972e       0x38 d:/stm32cubeide_1.1.0/stm32cubeide/plugins/com.st.stm32cube.ide.mcu.externaltools.gnu-tools-for-stm32.7-2018-q2-update.win32_1.0.0.201904181610/tools/bin/../lib/gcc/arm-none-eabi/7.3.1/../../../../arm-none-eabi/lib/thumb/v7e-m/fpv4-sp/hard\libc_nano.a(lib_a-stdio.o)
                0x000000000800972e                __swrite
 .text.__sseek  0x0000000008009766       0x24 d:/stm32cubeide_1.1.0/stm32cubeide/plugins/com.st.stm32cube.ide.mcu.externaltools.gnu-tools-for-stm32.7-2018-q2-update.win32_1.0.0.201904181610/tools/bin/../lib/gcc/arm-none-eabi/7.3.1/../../../../arm-none-eabi/lib/thumb/v7e-m/fpv4-sp/hard\libc_nano.a(lib_a-stdio.o)
                0x0000000008009766                __sseek
 .text.__sclose
                0x000000000800978a        0x8 d:/stm32cubeide_1.1.0/stm32cubeide/plugins/com.st.stm32cube.ide.mcu.externaltools.gnu-tools-for-stm32.7-2018-q2-update.win32_1.0.0.201904181610/tools/bin/../lib/gcc/arm-none-eabi/7.3.1/../../../../arm-none-eabi/lib/thumb/v7e-m/fpv4-sp/hard\libc_nano.a(lib_a-stdio.o)
                0x000000000800978a                __sclose
 .text.__ascii_wctomb
                0x0000000008009792       0x1a d:/stm32cubeide_1.1.0/stm32cubeide/plugins/com.st.stm32cube.ide.mcu.externaltools.gnu-tools-for-stm32.7-2018-q2-update.win32_1.0.0.201904181610/tools/bin/../lib/gcc/arm-none-eabi/7.3.1/../../../../arm-none-eabi/lib/thumb/v7e-m/fpv4-sp/hard\libc_nano.a(lib_a-wctomb_r.o)
                0x0000000008009792                __ascii_wctomb
 .text._write_r
                0x00000000080097ac       0x24 d:/stm32cubeide_1.1.0/stm32cubeide/plugins/com.st.stm32cube.ide.mcu.externaltools.gnu-tools-for-stm32.7-2018-q2-update.win32_1.0.0.201904181610/tools/bin/../lib/gcc/arm-none-eabi/7.3.1/../../../../arm-none-eabi/lib/thumb/v7e-m/fpv4-sp/hard\libc_nano.a(lib_a-writer.o)
                0x00000000080097ac                _write_r
 .text._close_r
                0x00000000080097d0       0x20 d:/stm32cubeide_1.1.0/stm32cubeide/plugins/com.st.stm32cube.ide.mcu.externaltools.gnu-tools-for-stm32.7-2018-q2-update.win32_1.0.0.201904181610/tools/bin/../lib/gcc/arm-none-eabi/7.3.1/../../../../arm-none-eabi/lib/thumb/v7e-m/fpv4-sp/hard\libc_nano.a(lib_a-closer.o)
                0x00000000080097d0                _close_r
 .text._fstat_r
                0x00000000080097f0       0x24 d:/stm32cubeide_1.1.0/stm32cubeide/plugins/com.st.stm32cube.ide.mcu.externaltools.gnu-tools-for-stm32.7-2018-q2-update.win32_1.0.0.201904181610/tools/bin/../lib/gcc/arm-none-eabi/7.3.1/../../../../arm-none-eabi/lib/thumb/v7e-m/fpv4-sp/hard\libc_nano.a(lib_a-fstatr.o)
                0x00000000080097f0                _fstat_r
 .text._isatty_r
                0x0000000008009814       0x20 d:/stm32cubeide_1.1.0/stm32cubeide/plugins/com.st.stm32cube.ide.mcu.externaltools.gnu-tools-for-stm32.7-2018-q2-update.win32_1.0.0.201904181610/tools/bin/../lib/gcc/arm-none-eabi/7.3.1/../../../../arm-none-eabi/lib/thumb/v7e-m/fpv4-sp/hard\libc_nano.a(lib_a-isattyr.o)
                0x0000000008009814                _isatty_r
 .text._lseek_r
                0x0000000008009834       0x24 d:/stm32cubeide_1.1.0/stm32cubeide/plugins/com.st.stm32cube.ide.mcu.externaltools.gnu-tools-for-stm32.7-2018-q2-update.win32_1.0.0.201904181610/tools/bin/../lib/gcc/arm-none-eabi/7.3.1/../../../../arm-none-eabi/lib/thumb/v7e-m/fpv4-sp/hard\libc_nano.a(lib_a-lseekr.o)
                0x0000000008009834                _lseek_r
 .text.memmove  0x0000000008009858       0x32 d:/stm32cubeide_1.1.0/stm32cubeide/plugins/com.st.stm32cube.ide.mcu.externaltools.gnu-tools-for-stm32.7-2018-q2-update.win32_1.0.0.201904181610/tools/bin/../lib/gcc/arm-none-eabi/7.3.1/../../../../arm-none-eabi/lib/thumb/v7e-m/fpv4-sp/hard\libc_nano.a(lib_a-memmove.o)
                0x0000000008009858                memmove
 .text.__malloc_lock
                0x000000000800988a        0x2 d:/stm32cubeide_1.1.0/stm32cubeide/plugins/com.st.stm32cube.ide.mcu.externaltools.gnu-tools-for-stm32.7-2018-q2-update.win32_1.0.0.201904181610/tools/bin/../lib/gcc/arm-none-eabi/7.3.1/../../../../arm-none-eabi/lib/thumb/v7e-m/fpv4-sp/hard\libc_nano.a(lib_a-mlock.o)
                0x000000000800988a                __malloc_lock
 .text.__malloc_unlock
                0x000000000800988c        0x2 d:/stm32cubeide_1.1.0/stm32cubeide/plugins/com.st.stm32cube.ide.mcu.externaltools.gnu-tools-for-stm32.7-2018-q2-update.win32_1.0.0.201904181610/tools/bin/../lib/gcc/arm-none-eabi/7.3.1/../../../../arm-none-eabi/lib/thumb/v7e-m/fpv4-sp/hard\libc_nano.a(lib_a-mlock.o)
                0x000000000800988c                __malloc_unlock
 .text._realloc_r
                0x000000000800988e       0x4c d:/stm32cubeide_1.1.0/stm32cubeide/plugins/com.st.stm32cube.ide.mcu.externaltools.gnu-tools-for-stm32.7-2018-q2-update.win32_1.0.0.201904181610/tools/bin/../lib/gcc/arm-none-eabi/7.3.1/../../../../arm-none-eabi/lib/thumb/v7e-m/fpv4-sp/hard\libc_nano.a(lib_a-nano-reallocr.o)
                0x000000000800988e                _realloc_r
 *fill*         0x00000000080098da        0x2 
 .text._read_r  0x00000000080098dc       0x24 d:/stm32cubeide_1.1.0/stm32cubeide/plugins/com.st.stm32cube.ide.mcu.externaltools.gnu-tools-for-stm32.7-2018-q2-update.win32_1.0.0.201904181610/tools/bin/../lib/gcc/arm-none-eabi/7.3.1/../../../../arm-none-eabi/lib/thumb/v7e-m/fpv4-sp/hard\libc_nano.a(lib_a-readr.o)
                0x00000000080098dc                _read_r
 .text._malloc_usable_size_r
                0x0000000008009900       0x10 d:/stm32cubeide_1.1.0/stm32cubeide/plugins/com.st.stm32cube.ide.mcu.externaltools.gnu-tools-for-stm32.7-2018-q2-update.win32_1.0.0.201904181610/tools/bin/../lib/gcc/arm-none-eabi/7.3.1/../../../../arm-none-eabi/lib/thumb/v7e-m/fpv4-sp/hard\libc_nano.a(lib_a-nano-msizer.o)
                0x0000000008009900                _malloc_usable_size_r
 *(.glue_7)
 .glue_7        0x0000000008009910        0x0 linker stubs
 *(.glue_7t)
 .glue_7t       0x0000000008009910        0x0 linker stubs
 *(.eh_frame)
 .eh_frame      0x0000000008009910        0x0 d:/stm32cubeide_1.1.0/stm32cubeide/plugins/com.st.stm32cube.ide.mcu.externaltools.gnu-tools-for-stm32.7-2018-q2-update.win32_1.0.0.201904181610/tools/bin/../lib/gcc/arm-none-eabi/7.3.1/thumb/v7e-m/fpv4-sp/hard/crtbegin.o
 *(.init)
 .init          0x0000000008009910        0x4 d:/stm32cubeide_1.1.0/stm32cubeide/plugins/com.st.stm32cube.ide.mcu.externaltools.gnu-tools-for-stm32.7-2018-q2-update.win32_1.0.0.201904181610/tools/bin/../lib/gcc/arm-none-eabi/7.3.1/thumb/v7e-m/fpv4-sp/hard/crti.o
                0x0000000008009910                _init
 .init          0x0000000008009914        0x8 d:/stm32cubeide_1.1.0/stm32cubeide/plugins/com.st.stm32cube.ide.mcu.externaltools.gnu-tools-for-stm32.7-2018-q2-update.win32_1.0.0.201904181610/tools/bin/../lib/gcc/arm-none-eabi/7.3.1/thumb/v7e-m/fpv4-sp/hard/crtn.o
 *(.fini)
 .fini          0x000000000800991c        0x4 d:/stm32cubeide_1.1.0/stm32cubeide/plugins/com.st.stm32cube.ide.mcu.externaltools.gnu-tools-for-stm32.7-2018-q2-update.win32_1.0.0.201904181610/tools/bin/../lib/gcc/arm-none-eabi/7.3.1/thumb/v7e-m/fpv4-sp/hard/crti.o
                0x000000000800991c                _fini
 .fini          0x0000000008009920        0x8 d:/stm32cubeide_1.1.0/stm32cubeide/plugins/com.st.stm32cube.ide.mcu.externaltools.gnu-tools-for-stm32.7-2018-q2-update.win32_1.0.0.201904181610/tools/bin/../lib/gcc/arm-none-eabi/7.3.1/thumb/v7e-m/fpv4-sp/hard/crtn.o
                0x0000000008009928                . = ALIGN (0x4)
                0x0000000008009928                _etext = .

.vfp11_veneer   0x0000000008009928        0x0
 .vfp11_veneer  0x0000000008009928        0x0 linker stubs

.v4_bx          0x0000000008009928        0x0
 .v4_bx         0x0000000008009928        0x0 linker stubs

.iplt           0x0000000008009928        0x0
 .iplt          0x0000000008009928        0x0 d:/stm32cubeide_1.1.0/stm32cubeide/plugins/com.st.stm32cube.ide.mcu.externaltools.gnu-tools-for-stm32.7-2018-q2-update.win32_1.0.0.201904181610/tools/bin/../lib/gcc/arm-none-eabi/7.3.1/thumb/v7e-m/fpv4-sp/hard/crtbegin.o

.rodata         0x0000000008009928     0x1228
                0x0000000008009928                . = ALIGN (0x4)
 *(.rodata)
 .rodata        0x0000000008009928        0x8 Core/Src/oled.o
 *(.rodata*)
 .rodata.ascii2hex.str1.4
                0x0000000008009930        0x5 Core/Src/main.o
 *fill*         0x0000000008009935        0x3 
 .rodata.main.str1.4
                0x0000000008009938      0x2b0 Core/Src/main.o
                                        0x2b8 (size before relaxing)
 .rodata.nbiot_check_reg.str1.4
                0x0000000008009be8       0x34 Core/Src/nbiot.o
                                         0x40 (size before relaxing)
 .rodata.nbiot_get_nuestats.str1.4
                0x0000000008009c1c       0x39 Core/Src/nbiot.o
 *fill*         0x0000000008009c55        0x3 
 .rodata.nbiot_get_signl_val.str1.4
                0x0000000008009c58       0x12 Core/Src/nbiot.o
 *fill*         0x0000000008009c6a        0x2 
 .rodata.nbiot_reboot.str1.4
                0x0000000008009c6c       0x28 Core/Src/nbiot.o
 .rodata.F6x8   0x0000000008009c94      0x228 Core/Src/oled.o
                0x0000000008009c94                F6x8
 .rodata.F8X16  0x0000000008009ebc      0x5f0 Core/Src/oled.o
                0x0000000008009ebc                F8X16
 .rodata.F_Chx16
                0x000000000800a4ac      0x320 Core/Src/oled.o
                0x000000000800a4ac                F_Chx16
 .rodata.OLED_ShowKE1.str1.4
                0x000000000800a7cc        0x4 Core/Src/oled.o
 .rodata.OLED_ShowT_H.str1.4
                0x000000000800a7d0        0xe Core/Src/oled.o
 *fill*         0x000000000800a7de        0x2 
 .rodata.OLED_Show_Note.str1.4
                0x000000000800a7e0        0xe Core/Src/oled.o
                                         0x13 (size before relaxing)
 *fill*         0x000000000800a7ee        0x2 
 .rodata.OLED_Show_UP_Flag.str1.4
                0x000000000800a7f0        0xb Core/Src/oled.o
 *fill*         0x000000000800a7fb        0x1 
 .rodata.AHBPrescTable
                0x000000000800a7fc       0x10 Core/Src/system_stm32l4xx.o
                0x000000000800a7fc                AHBPrescTable
 .rodata.APBPrescTable
                0x000000000800a80c        0x8 Core/Src/system_stm32l4xx.o
                0x000000000800a80c                APBPrescTable
 .rodata.MSIRangeTable
                0x000000000800a814       0x30 Core/Src/system_stm32l4xx.o
                0x000000000800a814                MSIRangeTable
 .rodata.KE1_Recv_AT.str1.4
                0x000000000800a844       0x23 Core/Src/usart.o
 *fill*         0x000000000800a867        0x1 
 .rodata.KE1_Send_AT.str1.4
                0x000000000800a868       0x10 Core/Src/usart.o
                                          0xe (size before relaxing)
 .rodata.CSWTCH.49
                0x000000000800a878        0x4 Drivers/STM32L4xx_HAL_Driver/Src/stm32l4xx_hal_uart.o
 .rodata.CSWTCH.50
                0x000000000800a87c        0xd Drivers/STM32L4xx_HAL_Driver/Src/stm32l4xx_hal_uart.o
 *fill*         0x000000000800a889        0x3 
 .rodata._global_impure_ptr
                0x000000000800a88c        0x4 d:/stm32cubeide_1.1.0/stm32cubeide/plugins/com.st.stm32cube.ide.mcu.externaltools.gnu-tools-for-stm32.7-2018-q2-update.win32_1.0.0.201904181610/tools/bin/../lib/gcc/arm-none-eabi/7.3.1/../../../../arm-none-eabi/lib/thumb/v7e-m/fpv4-sp/hard\libc_nano.a(lib_a-impure.o)
                0x000000000800a88c                _global_impure_ptr
 .rodata._printf_float.str1.1
                0x000000000800a890       0x12 d:/stm32cubeide_1.1.0/stm32cubeide/plugins/com.st.stm32cube.ide.mcu.externaltools.gnu-tools-for-stm32.7-2018-q2-update.win32_1.0.0.201904181610/tools/bin/../lib/gcc/arm-none-eabi/7.3.1/../../../../arm-none-eabi/lib/thumb/v7e-m/fpv4-sp/hard\libc_nano.a(lib_a-nano-vfprintf_float.o)
 .rodata._printf_i.str1.1
                0x000000000800a8a2       0x22 d:/stm32cubeide_1.1.0/stm32cubeide/plugins/com.st.stm32cube.ide.mcu.externaltools.gnu-tools-for-stm32.7-2018-q2-update.win32_1.0.0.201904181610/tools/bin/../lib/gcc/arm-none-eabi/7.3.1/../../../../arm-none-eabi/lib/thumb/v7e-m/fpv4-sp/hard\libc_nano.a(lib_a-nano-vfprintf_i.o)
 .rodata._dtoa_r.str1.1
                0x000000000800a8c4        0xd d:/stm32cubeide_1.1.0/stm32cubeide/plugins/com.st.stm32cube.ide.mcu.externaltools.gnu-tools-for-stm32.7-2018-q2-update.win32_1.0.0.201904181610/tools/bin/../lib/gcc/arm-none-eabi/7.3.1/../../../../arm-none-eabi/lib/thumb/v7e-m/fpv4-sp/hard\libc_nano.a(lib_a-dtoa.o)
                                          0xf (size before relaxing)
 *fill*         0x000000000800a8d1        0x3 
 .rodata.__sf_fake_stderr
                0x000000000800a8d4       0x20 d:/stm32cubeide_1.1.0/stm32cubeide/plugins/com.st.stm32cube.ide.mcu.externaltools.gnu-tools-for-stm32.7-2018-q2-update.win32_1.0.0.201904181610/tools/bin/../lib/gcc/arm-none-eabi/7.3.1/../../../../arm-none-eabi/lib/thumb/v7e-m/fpv4-sp/hard\libc_nano.a(lib_a-findfp.o)
                0x000000000800a8d4                __sf_fake_stderr
 .rodata.__sf_fake_stdin
                0x000000000800a8f4       0x20 d:/stm32cubeide_1.1.0/stm32cubeide/plugins/com.st.stm32cube.ide.mcu.externaltools.gnu-tools-for-stm32.7-2018-q2-update.win32_1.0.0.201904181610/tools/bin/../lib/gcc/arm-none-eabi/7.3.1/../../../../arm-none-eabi/lib/thumb/v7e-m/fpv4-sp/hard\libc_nano.a(lib_a-findfp.o)
                0x000000000800a8f4                __sf_fake_stdin
 .rodata.__sf_fake_stdout
                0x000000000800a914       0x20 d:/stm32cubeide_1.1.0/stm32cubeide/plugins/com.st.stm32cube.ide.mcu.externaltools.gnu-tools-for-stm32.7-2018-q2-update.win32_1.0.0.201904181610/tools/bin/../lib/gcc/arm-none-eabi/7.3.1/../../../../arm-none-eabi/lib/thumb/v7e-m/fpv4-sp/hard\libc_nano.a(lib_a-findfp.o)
                0x000000000800a914                __sf_fake_stdout
 .rodata._setlocale_r.str1.1
                0x000000000800a934        0x8 d:/stm32cubeide_1.1.0/stm32cubeide/plugins/com.st.stm32cube.ide.mcu.externaltools.gnu-tools-for-stm32.7-2018-q2-update.win32_1.0.0.201904181610/tools/bin/../lib/gcc/arm-none-eabi/7.3.1/../../../../arm-none-eabi/lib/thumb/v7e-m/fpv4-sp/hard\libc_nano.a(lib_a-locale.o)
                                          0x9 (size before relaxing)
 .rodata.str1.1
                0x000000000800a93c        0x2 d:/stm32cubeide_1.1.0/stm32cubeide/plugins/com.st.stm32cube.ide.mcu.externaltools.gnu-tools-for-stm32.7-2018-q2-update.win32_1.0.0.201904181610/tools/bin/../lib/gcc/arm-none-eabi/7.3.1/../../../../arm-none-eabi/lib/thumb/v7e-m/fpv4-sp/hard\libc_nano.a(lib_a-locale.o)
 *fill*         0x000000000800a93e        0x2 
 .rodata.__mprec_bigtens
                0x000000000800a940       0x28 d:/stm32cubeide_1.1.0/stm32cubeide/plugins/com.st.stm32cube.ide.mcu.externaltools.gnu-tools-for-stm32.7-2018-q2-update.win32_1.0.0.201904181610/tools/bin/../lib/gcc/arm-none-eabi/7.3.1/../../../../arm-none-eabi/lib/thumb/v7e-m/fpv4-sp/hard\libc_nano.a(lib_a-mprec.o)
                0x000000000800a940                __mprec_bigtens
 .rodata.__mprec_tens
                0x000000000800a968       0xc8 d:/stm32cubeide_1.1.0/stm32cubeide/plugins/com.st.stm32cube.ide.mcu.externaltools.gnu-tools-for-stm32.7-2018-q2-update.win32_1.0.0.201904181610/tools/bin/../lib/gcc/arm-none-eabi/7.3.1/../../../../arm-none-eabi/lib/thumb/v7e-m/fpv4-sp/hard\libc_nano.a(lib_a-mprec.o)
                0x000000000800a968                __mprec_tens
 .rodata.p05.7359
                0x000000000800aa30        0xc d:/stm32cubeide_1.1.0/stm32cubeide/plugins/com.st.stm32cube.ide.mcu.externaltools.gnu-tools-for-stm32.7-2018-q2-update.win32_1.0.0.201904181610/tools/bin/../lib/gcc/arm-none-eabi/7.3.1/../../../../arm-none-eabi/lib/thumb/v7e-m/fpv4-sp/hard\libc_nano.a(lib_a-mprec.o)
 .rodata._svfprintf_r.str1.1
                0x000000000800aa3c       0x11 d:/stm32cubeide_1.1.0/stm32cubeide/plugins/com.st.stm32cube.ide.mcu.externaltools.gnu-tools-for-stm32.7-2018-q2-update.win32_1.0.0.201904181610/tools/bin/../lib/gcc/arm-none-eabi/7.3.1/../../../../arm-none-eabi/lib/thumb/v7e-m/fpv4-sp/hard\libc_nano.a(lib_a-nano-svfprintf.o)
 .rodata._vfprintf_r.str1.1
                0x000000000800aa4d       0x11 d:/stm32cubeide_1.1.0/stm32cubeide/plugins/com.st.stm32cube.ide.mcu.externaltools.gnu-tools-for-stm32.7-2018-q2-update.win32_1.0.0.201904181610/tools/bin/../lib/gcc/arm-none-eabi/7.3.1/../../../../arm-none-eabi/lib/thumb/v7e-m/fpv4-sp/hard\libc_nano.a(lib_a-nano-vfprintf.o)
 .rodata._ctype_
                0x000000000800aa4d      0x101 d:/stm32cubeide_1.1.0/stm32cubeide/plugins/com.st.stm32cube.ide.mcu.externaltools.gnu-tools-for-stm32.7-2018-q2-update.win32_1.0.0.201904181610/tools/bin/../lib/gcc/arm-none-eabi/7.3.1/../../../../arm-none-eabi/lib/thumb/v7e-m/fpv4-sp/hard\libc_nano.a(lib_a-ctype_.o)
                0x000000000800aa4d                _ctype_
                0x000000000800ab50                . = ALIGN (0x4)
 *fill*         0x000000000800ab4e        0x2 

.ARM.extab      0x000000000800ab50        0x0
                0x000000000800ab50                . = ALIGN (0x4)
 *(.ARM.extab* .gnu.linkonce.armextab.*)
                0x000000000800ab50                . = ALIGN (0x4)

.ARM            0x000000000800ab50        0x8
                0x000000000800ab50                . = ALIGN (0x4)
                0x000000000800ab50                __exidx_start = .
 *(.ARM.exidx*)
 .ARM.exidx     0x000000000800ab50        0x8 d:/stm32cubeide_1.1.0/stm32cubeide/plugins/com.st.stm32cube.ide.mcu.externaltools.gnu-tools-for-stm32.7-2018-q2-update.win32_1.0.0.201904181610/tools/bin/../lib/gcc/arm-none-eabi/7.3.1/thumb/v7e-m/fpv4-sp/hard\libgcc.a(_udivmoddi4.o)
                0x000000000800ab58                __exidx_end = .
                0x000000000800ab58                . = ALIGN (0x4)

.rel.dyn        0x000000000800ab58        0x0
 .rel.iplt      0x000000000800ab58        0x0 d:/stm32cubeide_1.1.0/stm32cubeide/plugins/com.st.stm32cube.ide.mcu.externaltools.gnu-tools-for-stm32.7-2018-q2-update.win32_1.0.0.201904181610/tools/bin/../lib/gcc/arm-none-eabi/7.3.1/thumb/v7e-m/fpv4-sp/hard/crtbegin.o

.preinit_array  0x000000000800ab58        0x0
                0x000000000800ab58                . = ALIGN (0x4)
                0x000000000800ab58                PROVIDE (__preinit_array_start = .)
 *(.preinit_array*)
                0x000000000800ab58                PROVIDE (__preinit_array_end = .)
                0x000000000800ab58                . = ALIGN (0x4)

.init_array     0x000000000800ab58        0x4
                0x000000000800ab58                . = ALIGN (0x4)
                0x000000000800ab58                PROVIDE (__init_array_start = .)
 *(SORT_BY_NAME(.init_array.*))
 *(.init_array*)
 .init_array    0x000000000800ab58        0x4 d:/stm32cubeide_1.1.0/stm32cubeide/plugins/com.st.stm32cube.ide.mcu.externaltools.gnu-tools-for-stm32.7-2018-q2-update.win32_1.0.0.201904181610/tools/bin/../lib/gcc/arm-none-eabi/7.3.1/thumb/v7e-m/fpv4-sp/hard/crtbegin.o
                0x000000000800ab5c                PROVIDE (__init_array_end = .)
                0x000000000800ab5c                . = ALIGN (0x4)

.fini_array     0x000000000800ab5c        0x4
                0x000000000800ab5c                . = ALIGN (0x4)
                [!provide]                        PROVIDE (__fini_array_start = .)
 *(SORT_BY_NAME(.fini_array.*))
 *(.fini_array*)
 .fini_array    0x000000000800ab5c        0x4 d:/stm32cubeide_1.1.0/stm32cubeide/plugins/com.st.stm32cube.ide.mcu.externaltools.gnu-tools-for-stm32.7-2018-q2-update.win32_1.0.0.201904181610/tools/bin/../lib/gcc/arm-none-eabi/7.3.1/thumb/v7e-m/fpv4-sp/hard/crtbegin.o
                [!provide]                        PROVIDE (__fini_array_end = .)
                0x000000000800ab60                . = ALIGN (0x4)
                0x000000000800ab60                _sidata = LOADADDR (.data)

.data           0x0000000020000000      0x3dc load address 0x000000000800ab60
                0x0000000020000000                . = ALIGN (0x4)
                0x0000000020000000                _sdata = .
 *(.data)
 *(.data*)
 .data.NBIOT_BMP
                0x0000000020000000      0x200 Core/Src/oled.o
                0x0000000020000000                NBIOT_BMP
 .data.SystemCoreClock
                0x0000000020000200        0x4 Core/Src/system_stm32l4xx.o
                0x0000000020000200                SystemCoreClock
 .data.uwTickFreq
                0x0000000020000204        0x4 Drivers/STM32L4xx_HAL_Driver/Src/stm32l4xx_hal.o
                0x0000000020000204                uwTickFreq
 .data.uwTickPrio
                0x0000000020000208        0x4 Drivers/STM32L4xx_HAL_Driver/Src/stm32l4xx_hal.o
                0x0000000020000208                uwTickPrio
 .data._impure_ptr
                0x000000002000020c        0x4 d:/stm32cubeide_1.1.0/stm32cubeide/plugins/com.st.stm32cube.ide.mcu.externaltools.gnu-tools-for-stm32.7-2018-q2-update.win32_1.0.0.201904181610/tools/bin/../lib/gcc/arm-none-eabi/7.3.1/../../../../arm-none-eabi/lib/thumb/v7e-m/fpv4-sp/hard\libc_nano.a(lib_a-impure.o)
                0x000000002000020c                _impure_ptr
 .data.impure_data
                0x0000000020000210       0x60 d:/stm32cubeide_1.1.0/stm32cubeide/plugins/com.st.stm32cube.ide.mcu.externaltools.gnu-tools-for-stm32.7-2018-q2-update.win32_1.0.0.201904181610/tools/bin/../lib/gcc/arm-none-eabi/7.3.1/../../../../arm-none-eabi/lib/thumb/v7e-m/fpv4-sp/hard\libc_nano.a(lib_a-impure.o)
 .data.__global_locale
                0x0000000020000270      0x16c d:/stm32cubeide_1.1.0/stm32cubeide/plugins/com.st.stm32cube.ide.mcu.externaltools.gnu-tools-for-stm32.7-2018-q2-update.win32_1.0.0.201904181610/tools/bin/../lib/gcc/arm-none-eabi/7.3.1/../../../../arm-none-eabi/lib/thumb/v7e-m/fpv4-sp/hard\libc_nano.a(lib_a-locale.o)
                0x0000000020000270                __global_locale
                0x00000000200003dc                . = ALIGN (0x4)
                0x00000000200003dc                _edata = .

.igot.plt       0x00000000200003dc        0x0 load address 0x000000000800af3c
 .igot.plt      0x00000000200003dc        0x0 d:/stm32cubeide_1.1.0/stm32cubeide/plugins/com.st.stm32cube.ide.mcu.externaltools.gnu-tools-for-stm32.7-2018-q2-update.win32_1.0.0.201904181610/tools/bin/../lib/gcc/arm-none-eabi/7.3.1/thumb/v7e-m/fpv4-sp/hard/crtbegin.o
                0x00000000200003dc                . = ALIGN (0x4)

.bss            0x00000000200003dc      0x734 load address 0x000000000800af3c
                0x00000000200003dc                _sbss = .
                0x00000000200003dc                __bss_start__ = _sbss
 *(.bss)
 .bss           0x00000000200003dc       0x1c d:/stm32cubeide_1.1.0/stm32cubeide/plugins/com.st.stm32cube.ide.mcu.externaltools.gnu-tools-for-stm32.7-2018-q2-update.win32_1.0.0.201904181610/tools/bin/../lib/gcc/arm-none-eabi/7.3.1/thumb/v7e-m/fpv4-sp/hard/crtbegin.o
 *(.bss*)
 .bss.ausAdcDataBuf.10487
                0x00000000200003f8        0x6 Core/Src/adc.o
 .bss.fingerprint      0x00000000200003fe        0x1 Core/Src/gpio.o
                0x00000000200003fe                fingerprint
 .bss.boxstate      0x00000000200003ff        0x1 Core/Src/gpio.o
                0x00000000200003ff                boxstate
 .bss.acAtBuf   0x0000000020000400      0x200 Core/Src/main.o
                0x0000000020000400                acAtBuf
 .bss.acDevInfo
                0x0000000020000600       0x80 Core/Src/main.o
                0x0000000020000600                acDevInfo
 .bss.acHexBuf  0x0000000020000680      0x100 Core/Src/main.o
                0x0000000020000680                acHexBuf
 .bss.acUserCmd
                0x0000000020000780       0x40 Core/Src/main.o
                0x0000000020000780                acUserCmd
 .bss.heap_end.6424
                0x00000000200007c0        0x4 Core/Src/sysmem.o
 .bss.aucUsart3_Rev_Buf
                0x00000000200007c4      0x100 Core/Src/usart.o
                0x00000000200007c4                aucUsart3_Rev_Buf
 .bss.ucUart3Ch
                0x00000000200008c4        0x1 Core/Src/usart.o
                0x00000000200008c4                ucUart3Ch
 .bss.ucUsart3_In
                0x00000000200008c5        0x1 Core/Src/usart.o
                0x00000000200008c5                ucUsart3_In
 .bss.ucUsart3_Out
                0x00000000200008c6        0x1 Core/Src/usart.o
                0x00000000200008c6                ucUsart3_Out
 *fill*         0x00000000200008c7        0x1 
 .bss.__malloc_free_list
                0x00000000200008c8        0x4 d:/stm32cubeide_1.1.0/stm32cubeide/plugins/com.st.stm32cube.ide.mcu.externaltools.gnu-tools-for-stm32.7-2018-q2-update.win32_1.0.0.201904181610/tools/bin/../lib/gcc/arm-none-eabi/7.3.1/../../../../arm-none-eabi/lib/thumb/v7e-m/fpv4-sp/hard\libc_nano.a(lib_a-nano-mallocr.o)
                0x00000000200008c8                __malloc_free_list
 .bss.__malloc_sbrk_start
                0x00000000200008cc        0x4 d:/stm32cubeide_1.1.0/stm32cubeide/plugins/com.st.stm32cube.ide.mcu.externaltools.gnu-tools-for-stm32.7-2018-q2-update.win32_1.0.0.201904181610/tools/bin/../lib/gcc/arm-none-eabi/7.3.1/../../../../arm-none-eabi/lib/thumb/v7e-m/fpv4-sp/hard\libc_nano.a(lib_a-nano-mallocr.o)
                0x00000000200008cc                __malloc_sbrk_start
 *(COMMON)
 COMMON         0x00000000200008d0       0xac Core/Src/adc.o
                0x00000000200008d0                hadc1
                0x0000000020000934                hdma_adc1
 COMMON         0x000000002000097c       0x4c Core/Src/i2c.o
                0x000000002000097c                hi2c2
 COMMON         0x00000000200009c8       0x40 Core/Src/tim.o
                0x00000000200009c8                htim2
 COMMON         0x0000000020000a08      0x100 Core/Src/usart.o
                0x0000000020000a08                huart3
                0x0000000020000a88                huart1
 COMMON         0x0000000020000b08        0x4 Drivers/STM32L4xx_HAL_Driver/Src/stm32l4xx_hal.o
                0x0000000020000b08                uwTick
 COMMON         0x0000000020000b0c        0x4 d:/stm32cubeide_1.1.0/stm32cubeide/plugins/com.st.stm32cube.ide.mcu.externaltools.gnu-tools-for-stm32.7-2018-q2-update.win32_1.0.0.201904181610/tools/bin/../lib/gcc/arm-none-eabi/7.3.1/../../../../arm-none-eabi/lib/thumb/v7e-m/fpv4-sp/hard\libc_nano.a(lib_a-reent.o)
                0x0000000020000b0c                errno
                0x0000000020000b10                . = ALIGN (0x4)
                0x0000000020000b10                _ebss = .
                0x0000000020000b10                __bss_end__ = _ebss

._user_heap_stack
                0x0000000020000b10      0x600 load address 0x000000000800af3c
                0x0000000020000b10                . = ALIGN (0x8)
                0x0000000020000b10                PROVIDE (end = .)
                [!provide]                        PROVIDE (_end = .)
                0x0000000020000d10                . = (. + _Min_Heap_Size)
 *fill*         0x0000000020000b10      0x200 
                0x0000000020001110                . = (. + _Min_Stack_Size)
 *fill*         0x0000000020000d10      0x400 
                0x0000000020001110                . = ALIGN (0x8)

/DISCARD/
 libc.a(*)
 libm.a(*)
 libgcc.a(*)

.ARM.attributes
                0x0000000000000000       0x30
 *(.ARM.attributes)
 .ARM.attributes
                0x0000000000000000       0x22 d:/stm32cubeide_1.1.0/stm32cubeide/plugins/com.st.stm32cube.ide.mcu.externaltools.gnu-tools-for-stm32.7-2018-q2-update.win32_1.0.0.201904181610/tools/bin/../lib/gcc/arm-none-eabi/7.3.1/thumb/v7e-m/fpv4-sp/hard/crti.o
 .ARM.attributes
                0x0000000000000022       0x34 d:/stm32cubeide_1.1.0/stm32cubeide/plugins/com.st.stm32cube.ide.mcu.externaltools.gnu-tools-for-stm32.7-2018-q2-update.win32_1.0.0.201904181610/tools/bin/../lib/gcc/arm-none-eabi/7.3.1/thumb/v7e-m/fpv4-sp/hard/crtbegin.o
 .ARM.attributes
                0x0000000000000056       0x39 Core/Src/adc.o
 .ARM.attributes
                0x000000000000008f       0x39 Core/Src/dma.o
 .ARM.attributes
                0x00000000000000c8       0x39 Core/Src/gpio.o
 .ARM.attributes
                0x0000000000000101       0x39 Core/Src/i2c.o
 .ARM.attributes
                0x000000000000013a       0x39 Core/Src/main.o
 .ARM.attributes
                0x0000000000000173       0x39 Core/Src/nbiot.o
 .ARM.attributes
                0x00000000000001ac       0x39 Core/Src/oled.o
 .ARM.attributes
                0x00000000000001e5       0x39 Core/Src/stm32l4xx_hal_msp.o
 .ARM.attributes
                0x000000000000021e       0x39 Core/Src/stm32l4xx_it.o
 .ARM.attributes
                0x0000000000000257       0x39 Core/Src/syscalls.o
 .ARM.attributes
                0x0000000000000290       0x39 Core/Src/sysmem.o
 .ARM.attributes
                0x00000000000002c9       0x39 Core/Src/system_stm32l4xx.o
 .ARM.attributes
                0x0000000000000302       0x39 Core/Src/tim.o
 .ARM.attributes
                0x000000000000033b       0x39 Core/Src/usart.o
 .ARM.attributes
                0x0000000000000374       0x21 Core/Startup/startup_stm32l433cctx.o
 .ARM.attributes
                0x0000000000000395       0x39 Drivers/STM32L4xx_HAL_Driver/Src/stm32l4xx_hal.o
 .ARM.attributes
                0x00000000000003ce       0x39 Drivers/STM32L4xx_HAL_Driver/Src/stm32l4xx_hal_adc.o
 .ARM.attributes
                0x0000000000000407       0x39 Drivers/STM32L4xx_HAL_Driver/Src/stm32l4xx_hal_cortex.o
 .ARM.attributes
                0x0000000000000440       0x39 Drivers/STM32L4xx_HAL_Driver/Src/stm32l4xx_hal_dma.o
 .ARM.attributes
                0x0000000000000479       0x39 Drivers/STM32L4xx_HAL_Driver/Src/stm32l4xx_hal_gpio.o
 .ARM.attributes
                0x00000000000004b2       0x39 Drivers/STM32L4xx_HAL_Driver/Src/stm32l4xx_hal_i2c.o
 .ARM.attributes
                0x00000000000004eb       0x39 Drivers/STM32L4xx_HAL_Driver/Src/stm32l4xx_hal_i2c_ex.o
 .ARM.attributes
                0x0000000000000524       0x39 Drivers/STM32L4xx_HAL_Driver/Src/stm32l4xx_hal_pwr_ex.o
 .ARM.attributes
                0x000000000000055d       0x39 Drivers/STM32L4xx_HAL_Driver/Src/stm32l4xx_hal_rcc.o
 .ARM.attributes
                0x0000000000000596       0x39 Drivers/STM32L4xx_HAL_Driver/Src/stm32l4xx_hal_rcc_ex.o
 .ARM.attributes
                0x00000000000005cf       0x39 Drivers/STM32L4xx_HAL_Driver/Src/stm32l4xx_hal_tim.o
 .ARM.attributes
                0x0000000000000608       0x39 Drivers/STM32L4xx_HAL_Driver/Src/stm32l4xx_hal_tim_ex.o
 .ARM.attributes
                0x0000000000000641       0x39 Drivers/STM32L4xx_HAL_Driver/Src/stm32l4xx_hal_uart.o
 .ARM.attributes
                0x000000000000067a       0x39 Drivers/STM32L4xx_HAL_Driver/Src/stm32l4xx_hal_uart_ex.o
 .ARM.attributes
                0x00000000000006b3       0x34 d:/stm32cubeide_1.1.0/stm32cubeide/plugins/com.st.stm32cube.ide.mcu.externaltools.gnu-tools-for-stm32.7-2018-q2-update.win32_1.0.0.201904181610/tools/bin/../lib/gcc/arm-none-eabi/7.3.1/../../../../arm-none-eabi/lib/thumb/v7e-m/fpv4-sp/hard\libc_nano.a(lib_a-atoi.o)
 .ARM.attributes
                0x00000000000006e7       0x34 d:/stm32cubeide_1.1.0/stm32cubeide/plugins/com.st.stm32cube.ide.mcu.externaltools.gnu-tools-for-stm32.7-2018-q2-update.win32_1.0.0.201904181610/tools/bin/../lib/gcc/arm-none-eabi/7.3.1/../../../../arm-none-eabi/lib/thumb/v7e-m/fpv4-sp/hard\libc_nano.a(lib_a-errno.o)
 .ARM.attributes
                0x000000000000071b       0x34 d:/stm32cubeide_1.1.0/stm32cubeide/plugins/com.st.stm32cube.ide.mcu.externaltools.gnu-tools-for-stm32.7-2018-q2-update.win32_1.0.0.201904181610/tools/bin/../lib/gcc/arm-none-eabi/7.3.1/../../../../arm-none-eabi/lib/thumb/v7e-m/fpv4-sp/hard\libc_nano.a(lib_a-impure.o)
 .ARM.attributes
                0x000000000000074f       0x34 d:/stm32cubeide_1.1.0/stm32cubeide/plugins/com.st.stm32cube.ide.mcu.externaltools.gnu-tools-for-stm32.7-2018-q2-update.win32_1.0.0.201904181610/tools/bin/../lib/gcc/arm-none-eabi/7.3.1/../../../../arm-none-eabi/lib/thumb/v7e-m/fpv4-sp/hard\libc_nano.a(lib_a-init.o)
 .ARM.attributes
                0x0000000000000783       0x34 d:/stm32cubeide_1.1.0/stm32cubeide/plugins/com.st.stm32cube.ide.mcu.externaltools.gnu-tools-for-stm32.7-2018-q2-update.win32_1.0.0.201904181610/tools/bin/../lib/gcc/arm-none-eabi/7.3.1/../../../../arm-none-eabi/lib/thumb/v7e-m/fpv4-sp/hard\libc_nano.a(lib_a-memcpy-stub.o)
 .ARM.attributes
                0x00000000000007b7       0x34 d:/stm32cubeide_1.1.0/stm32cubeide/plugins/com.st.stm32cube.ide.mcu.externaltools.gnu-tools-for-stm32.7-2018-q2-update.win32_1.0.0.201904181610/tools/bin/../lib/gcc/arm-none-eabi/7.3.1/../../../../arm-none-eabi/lib/thumb/v7e-m/fpv4-sp/hard\libc_nano.a(lib_a-memset.o)
 .ARM.attributes
                0x00000000000007eb       0x34 d:/stm32cubeide_1.1.0/stm32cubeide/plugins/com.st.stm32cube.ide.mcu.externaltools.gnu-tools-for-stm32.7-2018-q2-update.win32_1.0.0.201904181610/tools/bin/../lib/gcc/arm-none-eabi/7.3.1/../../../../arm-none-eabi/lib/thumb/v7e-m/fpv4-sp/hard\libc_nano.a(lib_a-nano-vfprintf_float.o)
 .ARM.attributes
                0x000000000000081f       0x34 d:/stm32cubeide_1.1.0/stm32cubeide/plugins/com.st.stm32cube.ide.mcu.externaltools.gnu-tools-for-stm32.7-2018-q2-update.win32_1.0.0.201904181610/tools/bin/../lib/gcc/arm-none-eabi/7.3.1/../../../../arm-none-eabi/lib/thumb/v7e-m/fpv4-sp/hard\libc_nano.a(lib_a-nano-vfprintf_i.o)
 .ARM.attributes
                0x0000000000000853       0x34 d:/stm32cubeide_1.1.0/stm32cubeide/plugins/com.st.stm32cube.ide.mcu.externaltools.gnu-tools-for-stm32.7-2018-q2-update.win32_1.0.0.201904181610/tools/bin/../lib/gcc/arm-none-eabi/7.3.1/../../../../arm-none-eabi/lib/thumb/v7e-m/fpv4-sp/hard\libc_nano.a(lib_a-printf.o)
 .ARM.attributes
                0x0000000000000887       0x34 d:/stm32cubeide_1.1.0/stm32cubeide/plugins/com.st.stm32cube.ide.mcu.externaltools.gnu-tools-for-stm32.7-2018-q2-update.win32_1.0.0.201904181610/tools/bin/../lib/gcc/arm-none-eabi/7.3.1/../../../../arm-none-eabi/lib/thumb/v7e-m/fpv4-sp/hard\libc_nano.a(lib_a-puts.o)
 .ARM.attributes